======================================================================
卍 複勝特化 Platt 較正器 学習・ECE検証  2026-06-02 12:05:41
======================================================================
手法: ev_score(1次元) → P(複勝圏=3着内) を Platt Scaling(ロジスティック回帰)で較正
単勝 Isotonic 較正器(manji_win_calibrator)とは独立インスタンス。

学習レース数      : 400
学習サンプル数    : 5679
複勝圏 base_rate  : 0.2118
較正器パス        : C:\dev\horse-racing-ai\data\models\manji_place_calibrator.pkl

【ECE 収束状況（Expected Calibration Error・小さいほど較正良好）】
  較正前(ev素朴正規化) ECE = 0.1784
  較正後(Platt)        ECE = 0.0395
  改善量               ΔECE = +0.1389

【較正曲線（ev_score → P(複勝圏)）】
  ev_score= 0.5 → P(複勝圏)=0.1758
  ev_score= 1.0 → P(複勝圏)=0.1859
  ev_score= 1.5 → P(複勝圏)=0.1965
  ev_score= 2.0 → P(複勝圏)=0.2076
  ev_score= 3.0 → P(複勝圏)=0.2310
  ev_score= 5.0 → P(複勝圏)=0.2832

[判定] ECE=0.0395 <= 0.05 → 較正良好(健全)
RESULT: PLACE_CAL_FITTED ece=0.0395 ece_uncal=0.1784 base_rate=0.2118 healthy=YES
======================================================================
