2026-04-24 13:25:23,442 [INFO] ================================================================
2026-04-24 13:25:23,442 [INFO]   UMALOGI ‰ß‹ƒf[ƒ^‹­§ƒCƒ“ƒ|[ƒg (OPT_STORED ”Å)
2026-04-24 13:25:23,442 [INFO]   ‘ÎÛ”N: 2021`2021
2026-04-24 13:25:23,442 [INFO]   dataspec: RACE
2026-04-24 13:25:23,442 [INFO]   option:   2
2026-04-24 13:25:23,442 [INFO]   dry-run:  False
2026-04-24 13:25:23,443 [INFO] ================================================================
2026-04-24 13:25:23,490 [INFO] ƒ}ƒCƒOƒŒ[ƒVƒ‡ƒ“: v_race_mart ƒrƒ…[‚ğÄì¬‚µ‚Ü‚µ‚½
2026-04-24 13:25:23,490 [INFO] DB ‰Šú‰»Š®—¹: C:\dev\horse-racing-ai\data\umalogi.db
2026-04-24 13:25:23,496 [INFO] „Ÿ„Ÿ„Ÿ DB ó‘Ô [ƒCƒ“ƒ|[ƒg‘O] „Ÿ„Ÿ„Ÿ„Ÿ„Ÿ„Ÿ„Ÿ„Ÿ„Ÿ„Ÿ„Ÿ„Ÿ„Ÿ„Ÿ„Ÿ„Ÿ„Ÿ„Ÿ„Ÿ„Ÿ„Ÿ„Ÿ„Ÿ„Ÿ„Ÿ„Ÿ„Ÿ„Ÿ„Ÿ„Ÿ„Ÿ„Ÿ„Ÿ„Ÿ„Ÿ„Ÿ„Ÿ„Ÿ„Ÿ„Ÿ„Ÿ
2026-04-24 13:25:23,497 [INFO]   races                   :    18408 Œ
2026-04-24 13:25:23,497 [INFO]   race_results            :    23085 Œ
2026-04-24 13:25:23,497 [INFO]   race_payouts            :    18513 Œ
2026-04-24 13:25:23,497 [INFO]   jockeys                 :      479 Œ
2026-04-24 13:25:23,497 [INFO]   trainers                :      369 Œ
2026-04-24 13:25:23,497 [INFO]   racehorses              :    35313 Œ
2026-04-24 13:25:23,497 [INFO]   training_times          :   159840 Œ
2026-04-24 13:25:23,497 [INFO]   training_hillwork       :        0 Œ
2026-04-24 13:25:23,497 [INFO] „Ÿ„Ÿ„Ÿ„Ÿ„Ÿ„Ÿ„Ÿ„Ÿ„Ÿ„Ÿ„Ÿ„Ÿ„Ÿ„Ÿ„Ÿ„Ÿ„Ÿ„Ÿ„Ÿ„Ÿ„Ÿ„Ÿ„Ÿ„Ÿ„Ÿ„Ÿ„Ÿ„Ÿ„Ÿ„Ÿ„Ÿ„Ÿ„Ÿ„Ÿ„Ÿ„Ÿ„Ÿ„Ÿ„Ÿ„Ÿ„Ÿ„Ÿ„Ÿ„Ÿ„Ÿ„Ÿ„Ÿ„Ÿ„Ÿ„Ÿ„Ÿ„Ÿ„Ÿ„Ÿ„Ÿ„Ÿ„Ÿ„Ÿ„Ÿ„Ÿ„Ÿ„Ÿ„Ÿ„Ÿ
2026-04-24 13:25:23,497 [INFO] „ª„ª„ª„ª STEP: RACE æ“¾ (option=2) 2021`2021”N „ª„ª„ª„ª
2026-04-24 13:25:23,497 [INFO] ================================================================
2026-04-24 13:25:23,497 [INFO] [RACE-2021] æ“¾ŠJn
2026-04-24 13:25:23,498 [INFO]   ƒRƒ}ƒ“ƒh: py -3.14-32 scripts/_jvlink_force_worker.py --dataspec RACE --fromtime 20210101 --option 2 --batch-size 5000
2026-04-24 13:25:23,498 [INFO]   fromtime=20210101  dataspec=RACE  option=2
2026-04-24 13:25:23,498 [INFO] ================================================================
2026-04-24 13:25:23,498 [INFO] [RACE-2021] s 1/2 ...
[worker] start dataspec=RACE fromtime=20210101 option=2
[worker] JVOpen code=0
  [FILE-1] RA=36 SE=0 payout=0 TC=0 HC=0 skip=0
  [ç´¯è¨ˆ] RA=36 SE=0 payout=0 TC=0 HC=0 skip=0
  [FILE-2] RA=0 SE=527 payout=0 TC=0 HC=0 skip=0
  [ç´¯è¨ˆ] RA=36 SE=527 payout=0 TC=0 HC=0 skip=0
[worker] èª­ã¿è¾¼ã¿ä¸­: 1000 ãƒ¬ã‚³ãƒ¼ãƒ‰ (pending=433 file=2)
  [FILE-3] RA=0 SE=0 payout=0 TC=0 HC=0 skip=0
  [ç´¯è¨ˆ] RA=36 SE=527 payout=0 TC=0 HC=0 skip=0
  [FILE-4] RA=0 SE=0 payout=0 TC=0 HC=0 skip=0
  [ç´¯è¨ˆ] RA=36 SE=527 payout=0 TC=0 HC=0 skip=0
  [FILE-5] RA=2 SE=0 payout=0 TC=0 HC=0 skip=0
  [ç´¯è¨ˆ] RA=38 SE=527 payout=0 TC=0 HC=0 skip=0
  [FILE-6] RA=36 SE=0 payout=0 TC=0 HC=0 skip=0
  [ç´¯è¨ˆ] RA=74 SE=527 payout=0 TC=0 HC=0 skip=0
  [FILE-7] RA=0 SE=31 payout=0 TC=0 HC=0 skip=0
  [ç´¯è¨ˆ] RA=74 SE=558 payout=0 TC=0 HC=0 skip=0
[worker] èª­ã¿è¾¼ã¿ä¸­: 2000 ãƒ¬ã‚³ãƒ¼ãƒ‰ (pending=270 file=7)
  [FILE-8] RA=0 SE=509 payout=0 TC=0 HC=0 skip=0
  [ç´¯è¨ˆ] RA=74 SE=1067 payout=0 TC=0 HC=0 skip=0
[worker] EOF: read=2239 files=8 RA=74 SE=1067 payout=0 TC=0 HC=0 skip=0
2026-04-24 13:25:29,783 [INFO] [RACE-2021] Š®—¹ (s 1, Œo‰ß 6 •b)
2026-04-24 13:25:29,813 [INFO] •…”sƒŒƒR[ƒhíœ: 8 Œ (NAR’n•û‹£”nE•s³IDE•s³“ú•t)
2026-04-24 13:25:29,828 [INFO] ƒ}ƒCƒOƒŒ[ƒVƒ‡ƒ“: v_race_mart ƒrƒ…[‚ğÄì¬‚µ‚Ü‚µ‚½
2026-04-24 13:25:29,828 [INFO] DB ‰Šú‰»Š®—¹: C:\dev\horse-racing-ai\data\umalogi.db
2026-04-24 13:25:29,833 [INFO] „Ÿ„Ÿ„Ÿ DB ó‘Ô [RACE-2021 Š®—¹Œã] „Ÿ„Ÿ„Ÿ„Ÿ„Ÿ„Ÿ„Ÿ„Ÿ„Ÿ„Ÿ„Ÿ„Ÿ„Ÿ„Ÿ„Ÿ„Ÿ„Ÿ„Ÿ„Ÿ„Ÿ„Ÿ„Ÿ„Ÿ„Ÿ„Ÿ„Ÿ„Ÿ„Ÿ„Ÿ„Ÿ„Ÿ„Ÿ„Ÿ„Ÿ„Ÿ„Ÿ„Ÿ„Ÿ„Ÿ„Ÿ„Ÿ
2026-04-24 13:25:29,833 [INFO]   races                   :    18408 Œ
2026-04-24 13:25:29,833 [INFO]   race_results            :    23085 Œ
2026-04-24 13:25:29,834 [INFO]   race_payouts            :    18513 Œ
2026-04-24 13:25:29,834 [INFO]   jockeys                 :      479 Œ
2026-04-24 13:25:29,834 [INFO]   trainers                :      369 Œ
2026-04-24 13:25:29,834 [INFO]   racehorses              :    35313 Œ
2026-04-24 13:25:29,834 [INFO]   training_times          :   159840 Œ
2026-04-24 13:25:29,834 [INFO]   training_hillwork       :        0 Œ
2026-04-24 13:25:29,834 [INFO] „Ÿ„Ÿ„Ÿ„Ÿ„Ÿ„Ÿ„Ÿ„Ÿ„Ÿ„Ÿ„Ÿ„Ÿ„Ÿ„Ÿ„Ÿ„Ÿ„Ÿ„Ÿ„Ÿ„Ÿ„Ÿ„Ÿ„Ÿ„Ÿ„Ÿ„Ÿ„Ÿ„Ÿ„Ÿ„Ÿ„Ÿ„Ÿ„Ÿ„Ÿ„Ÿ„Ÿ„Ÿ„Ÿ„Ÿ„Ÿ„Ÿ„Ÿ„Ÿ„Ÿ„Ÿ„Ÿ„Ÿ„Ÿ„Ÿ„Ÿ„Ÿ„Ÿ„Ÿ„Ÿ„Ÿ„Ÿ„Ÿ„Ÿ„Ÿ„Ÿ„Ÿ„Ÿ„Ÿ„Ÿ
2026-04-24 13:25:29,834 [INFO] ================================================================
2026-04-24 13:25:29,834 [INFO]   ƒCƒ“ƒ|[ƒgŠ®—¹ (0 •ª)
2026-04-24 13:25:29,834 [INFO] ================================================================
2026-04-24 13:25:29,869 [INFO] ƒ}ƒCƒOƒŒ[ƒVƒ‡ƒ“: v_race_mart ƒrƒ…[‚ğÄì¬‚µ‚Ü‚µ‚½
2026-04-24 13:25:29,869 [INFO] DB ‰Šú‰»Š®—¹: C:\dev\horse-racing-ai\data\umalogi.db
2026-04-24 13:25:29,875 [INFO] „Ÿ„Ÿ„Ÿ DB ó‘Ô [ƒCƒ“ƒ|[ƒgŒã] „Ÿ„Ÿ„Ÿ„Ÿ„Ÿ„Ÿ„Ÿ„Ÿ„Ÿ„Ÿ„Ÿ„Ÿ„Ÿ„Ÿ„Ÿ„Ÿ„Ÿ„Ÿ„Ÿ„Ÿ„Ÿ„Ÿ„Ÿ„Ÿ„Ÿ„Ÿ„Ÿ„Ÿ„Ÿ„Ÿ„Ÿ„Ÿ„Ÿ„Ÿ„Ÿ„Ÿ„Ÿ„Ÿ„Ÿ„Ÿ„Ÿ
2026-04-24 13:25:29,875 [INFO]   races                   :    18408 Œ
2026-04-24 13:25:29,875 [INFO]   race_results            :    23085 Œ
2026-04-24 13:25:29,875 [INFO]   race_payouts            :    18513 Œ
2026-04-24 13:25:29,875 [INFO]   jockeys                 :      479 Œ
2026-04-24 13:25:29,875 [INFO]   trainers                :      369 Œ
2026-04-24 13:25:29,875 [INFO]   racehorses              :    35313 Œ
2026-04-24 13:25:29,875 [INFO]   training_times          :   159840 Œ
2026-04-24 13:25:29,875 [INFO]   training_hillwork       :        0 Œ
2026-04-24 13:25:29,875 [INFO] „Ÿ„Ÿ„Ÿ„Ÿ„Ÿ„Ÿ„Ÿ„Ÿ„Ÿ„Ÿ„Ÿ„Ÿ„Ÿ„Ÿ„Ÿ„Ÿ„Ÿ„Ÿ„Ÿ„Ÿ„Ÿ„Ÿ„Ÿ„Ÿ„Ÿ„Ÿ„Ÿ„Ÿ„Ÿ„Ÿ„Ÿ„Ÿ„Ÿ„Ÿ„Ÿ„Ÿ„Ÿ„Ÿ„Ÿ„Ÿ„Ÿ„Ÿ„Ÿ„Ÿ„Ÿ„Ÿ„Ÿ„Ÿ„Ÿ„Ÿ„Ÿ„Ÿ„Ÿ„Ÿ„Ÿ„Ÿ„Ÿ„Ÿ„Ÿ„Ÿ„Ÿ„Ÿ„Ÿ„Ÿ
2026-04-24 13:25:29,875 [INFO] 
2026-04-24 13:25:29,876 [INFO] Ÿ‚ÌƒXƒeƒbƒv:
2026-04-24 13:25:29,876 [INFO]   py -m src.ops.retrain_trigger
2026-04-24 13:25:29,876 [INFO]   py scripts/backtest_ev_threshold.py --bet-type ’PŸ
