
=================================================================
  UMALOGI サンドボックスパイプライン — 特例全券種シミュレーション
  開始: 2026-05-06 08:02:56
  学習: 2024  テスト: 2025
  特徴量: netkeiba win_odds + JVLink 公開情報 (特例)
=================================================================


───────────────────────────────────────────────────────
  Phase 1: 特徴量構築 (学習 2024)
───────────────────────────────────────────────────────
2026-05-06 08:02:56,978 INFO 特徴量構築: year=2024
2026-05-06 08:02:57,300 INFO   horse_odds: 43093行 / 3166 レース
2026-05-06 08:03:10,476 INFO   勝ち馬ラベル付与: is_winner=1136 / 43093行 / 3166 レース
2026-05-06 08:03:10,476 INFO   オッズカバレッジ: 99.6%

───────────────────────────────────────────────────────
  Phase 2: サンドボックスモデル学習
───────────────────────────────────────────────────────
2026-05-06 08:03:10,491 INFO   学習: 43093行 / 3166 レース  特徴量=10
2026-05-06 08:03:10,491 INFO   正例: 単勝=1136 / 複勝=3408
2026-05-06 08:03:28,881 INFO   学習完了
2026-05-06 08:03:29,471 INFO   モデル保存: C:\dev\horse-racing-ai\data\models\sandbox\sandbox_models.pkl

───────────────────────────────────────────────────────
  Phase 1 (test): 特徴量構築 (テスト 2025)
───────────────────────────────────────────────────────
2026-05-06 08:03:29,472 INFO 特徴量構築: year=2025
2026-05-06 08:03:29,643 INFO   horse_odds: 47884行 / 3455 レース
2026-05-06 08:03:42,870 INFO   勝ち馬ラベル付与: is_winner=3257 / 47884行 / 3455 レース
2026-05-06 08:03:42,870 INFO   オッズカバレッジ: 99.6%

───────────────────────────────────────────────────────
  Phase 3: 全8券種バックテスト
───────────────────────────────────────────────────────
2026-05-06 08:03:42,879 INFO バックテスト開始: 3455 レース
2026-05-06 08:03:47,227 INFO   0 / 3455 レース
2026-05-06 08:03:50,595 INFO   500 / 3455 レース
2026-05-06 08:03:53,924 INFO   1000 / 3455 レース
2026-05-06 08:03:57,221 INFO   1500 / 3455 レース
2026-05-06 08:04:00,512 INFO   2000 / 3455 レース
2026-05-06 08:04:03,813 INFO   2500 / 3455 レース
2026-05-06 08:04:07,061 INFO   3000 / 3455 レース
2026-05-06 08:04:10,050 INFO バックテスト完了: 82920 件のレコード

───────────────────────────────────────────────────────
  Phase 4: ROI マトリクス集計
───────────────────────────────────────────────────────

■ ROI マトリクス（全モデル × 全8券種）

         model bet_type  n_races  invested  returned  roi_pct  hit_rate  avg_return
    sandbox_ev      三連単     3455    345500   2314080    669.8       1.9     36158.0
    sandbox_ev       馬単     3455    345500   1276370    369.4       2.5     15016.0
    sandbox_ev       馬連     3455    345500    713370    206.5       3.3      6313.0
    sandbox_ev      三連複     3455    345500    451700    130.7       2.8      4705.0
 sandbox_place       馬単     3455    345500    396850    114.9       4.7      2435.0
    sandbox_ev       複勝     3455   1036500   1113491    107.4      56.1       574.0
sandbox_honmei       複勝     3455   1036500   1097740    105.9      86.1       369.0
 sandbox_place       馬連     3455    345500    344700     99.8       8.2      1214.0
 sandbox_place       複勝     3455   1036500   1024452     98.8      83.3       356.0
    sandbox_ev       単勝     3455    345500    329910     95.5       5.0      1896.0
    sandbox_ev      ワイド     3455   1036500    966110     93.2      16.4      1710.0
    sandbox_ev       枠連     3455    345500    315190     91.2       4.0      2284.0
 sandbox_place       枠連     3455    345500    298520     86.4      10.4       834.0
sandbox_honmei       馬連     3455    345500    296080     85.7       9.2       928.0
 sandbox_place       単勝     3455    345500    294490     85.2      22.1       386.0
 sandbox_place      ワイド     3455   1036500    851700     82.2      37.0       666.0
sandbox_honmei       枠連     3455    345500    275250     79.7      11.1       717.0
sandbox_honmei      ワイド     3455   1036500    817930     78.9      39.6       598.0
sandbox_honmei       単勝     3455    345500    267490     77.4      21.6       358.0
sandbox_honmei       馬単     3455    345500    263420     76.2       5.0      1514.0
 sandbox_place      三連複     3455    345500    263160     76.2       4.7      1635.0
 sandbox_place      三連単     3455    345500    256730     74.3       1.0      7551.0
sandbox_honmei      三連複     3455    345500    234540     67.9       4.8      1413.0
sandbox_honmei      三連単     3455    345500    200470     58.0       1.0      5728.0

───────────────────────────────────────────────────────
  Phase 5: 黒字券種の自動実装
───────────────────────────────────────────────────────
2026-05-06 08:04:10,217 INFO bet_generator.py に 4 件の戦略を追記しました

───────────────────────────────────────────────────────
  レポート生成
───────────────────────────────────────────────────────
2026-05-06 08:04:10,232 INFO レポート: C:\dev\horse-racing-ai\docs\sandbox_report_20260506.md

=================================================================
  完了  経過=1.2分
  レポート: C:\dev\horse-racing-ai\docs\sandbox_report_20260506.md
  実装済み: 4件
    ✅ sandbox_ev/三連単
    ✅ sandbox_ev/馬単
    ✅ sandbox_ev/馬連
    ✅ sandbox_ev/三連複
=================================================================

