2026-05-24 10:13:20,514 [INFO] === UMALOGI 日次予想一括生成 date=20260524 dry_run=False ===
2026-05-24 10:13:20,514 [INFO] Step1: provisional_batch 開始 ...
2026-05-24 10:13:20,515 [INFO] 暫定予想バッチ開始: 対象日=2026-05-24
2026-05-24 10:13:20,555 [INFO] マイグレーション: v_race_mart ビューを再作成しました
2026-05-24 10:13:20,853 [INFO] マイグレーション: v_analytics ビューを再作成しました
2026-05-24 10:13:20,853 [INFO] マイグレーション #15: インデックス idx_pred_model_ev を作成（または確認）しました
2026-05-24 10:13:20,854 [INFO] マイグレーション #15: インデックス idx_pred_race_model を作成（または確認）しました
2026-05-24 10:13:20,854 [INFO] マイグレーション #15: インデックス idx_tc_horse_date を作成（または確認）しました
2026-05-24 10:13:20,854 [INFO] マイグレーション #15: インデックス idx_hc_horse_date を作成（または確認）しました
2026-05-24 10:13:20,854 [INFO] マイグレーション #15: インデックス idx_rr_horse_race を作成（または確認）しました
2026-05-24 10:13:20,854 [INFO] マイグレーション #15: インデックス idx_pr_pred_hit を作成（または確認）しました
2026-05-24 10:13:20,854 [INFO] DB 初期化完了: C:\dev\horse-racing-ai\data\umalogi.db
2026-05-24 10:13:20,860 [INFO] 既存の暫定予想を削除: 8 件
2026-05-24 10:13:20,864 [INFO] 暫定パイプライン開始: race_id=202604010801
2026-05-24 10:13:20,898 [INFO] マイグレーション: v_race_mart ビューを再作成しました
2026-05-24 10:13:21,227 [INFO] マイグレーション: v_analytics ビューを再作成しました
2026-05-24 10:13:21,228 [INFO] マイグレーション #15: インデックス idx_pred_model_ev を作成（または確認）しました
2026-05-24 10:13:21,228 [INFO] マイグレーション #15: インデックス idx_pred_race_model を作成（または確認）しました
2026-05-24 10:13:21,228 [INFO] マイグレーション #15: インデックス idx_tc_horse_date を作成（または確認）しました
2026-05-24 10:13:21,228 [INFO] マイグレーション #15: インデックス idx_hc_horse_date を作成（または確認）しました
2026-05-24 10:13:21,228 [INFO] マイグレーション #15: インデックス idx_rr_horse_race を作成（または確認）しました
2026-05-24 10:13:21,229 [INFO] マイグレーション #15: インデックス idx_pr_pred_hit を作成（または確認）しました
2026-05-24 10:13:21,229 [INFO] DB 初期化完了: C:\dev\horse-racing-ai\data\umalogi.db
2026-05-24 10:13:21,230 [INFO] DB キャッシュ: オッズ=16件 エントリ=16頭 (race_id=202604010801)
2026-05-24 10:13:21,608 [INFO] 特徴量生成 race_id=202604010801: 16 頭 × 92 特徴量
2026-05-24 10:13:21,609 [INFO] 暫定モード: 馬体重欠損=16/16 単勝オッズ欠損=0/16 — NaN のまま推論
2026-05-24 10:13:21,701 [INFO] モデル読み込み: C:\dev\horse-racing-ai\data\models\honmei_model.pkl
2026-05-24 10:13:21,738 [INFO] モデル読み込み: C:\dev\horse-racing-ai\data\models\place_model.pkl
2026-05-24 10:13:21,824 [INFO] モデル読み込み: C:\dev\horse-racing-ai\data\models\manji_model.pkl
2026-05-24 10:13:23,996 [INFO] バンクロール直接指定 (BANKROLL_OVERRIDE): ¥100,000
2026-05-24 10:13:24,052 [INFO] 本命買い目生成: race_id=202604010801 7 件 (上位3頭)
2026-05-24 10:13:24,052 [INFO] ROIフィルター: 202604010801 — 4件除外（残3件）除外券種=['ワイド', '三連複', '馬単', '馬連']
2026-05-24 10:13:24,052 [INFO] ROIフィルター[条件付き許可]: 202604010801 — 本命三連単 1件 発注承認 ['EV6.00']
2026-05-24 10:13:24,052 [INFO] 暫定モード: 卍ベット生成スキップ — オッズ未取得 (race_id=202604010801)
2026-05-24 10:13:24,052 [INFO] [AIウマスギ] ROIフィルター適用完了: 202604010801  本命=3件 卍=0件
2026-05-24 10:13:24,053 [INFO] 予想保存: prediction_id=40444 race_id=202604010801 model=本命(暫定) bet=複勝
2026-05-24 10:13:24,054 [INFO] 予想保存: prediction_id=40445 race_id=202604010801 model=本命(暫定) bet=単勝
2026-05-24 10:13:24,054 [INFO] 予想保存: prediction_id=40446 race_id=202604010801 model=本命(暫定) bet=三連単
2026-05-24 10:13:24,058 [INFO] 予想保存: prediction_id=40447 race_id=202604010801 model=本命(暫定) bet=馬分析
2026-05-24 10:13:24,063 [INFO] JSON 出力: C:\dev\horse-racing-ai\data\predictions\202604010801.json
2026-05-24 10:13:24,063 [INFO] 暫定パイプライン完了: race_id=202604010801 本命3件 卍0件 Alpha0件
2026-05-24 10:13:24,069 [INFO] 暫定パイプライン開始: race_id=202604010802
2026-05-24 10:13:24,144 [INFO] マイグレーション: v_race_mart ビューを再作成しました
2026-05-24 10:13:24,434 [INFO] マイグレーション: v_analytics ビューを再作成しました
2026-05-24 10:13:24,435 [INFO] マイグレーション #15: インデックス idx_pred_model_ev を作成（または確認）しました
2026-05-24 10:13:24,435 [INFO] マイグレーション #15: インデックス idx_pred_race_model を作成（または確認）しました
2026-05-24 10:13:24,435 [INFO] マイグレーション #15: インデックス idx_tc_horse_date を作成（または確認）しました
2026-05-24 10:13:24,435 [INFO] マイグレーション #15: インデックス idx_hc_horse_date を作成（または確認）しました
2026-05-24 10:13:24,435 [INFO] マイグレーション #15: インデックス idx_rr_horse_race を作成（または確認）しました
2026-05-24 10:13:24,435 [INFO] マイグレーション #15: インデックス idx_pr_pred_hit を作成（または確認）しました
2026-05-24 10:13:24,435 [INFO] DB 初期化完了: C:\dev\horse-racing-ai\data\umalogi.db
2026-05-24 10:13:24,435 [INFO] DB キャッシュ: オッズ=15件 エントリ=15頭 (race_id=202604010802)
2026-05-24 10:13:24,676 [INFO] 特徴量生成 race_id=202604010802: 15 頭 × 92 特徴量
2026-05-24 10:13:24,676 [INFO] 暫定モード: 馬体重欠損=15/15 単勝オッズ欠損=0/15 — NaN のまま推論
2026-05-24 10:13:24,724 [INFO] バンクロール直接指定 (BANKROLL_OVERRIDE): ¥100,000
2026-05-24 10:13:24,793 [INFO] 本命買い目生成: race_id=202604010802 7 件 (上位3頭)
2026-05-24 10:13:24,793 [INFO] ROIフィルター: 202604010802 — 4件除外（残3件）除外券種=['ワイド', '三連複', '馬単', '馬連']
2026-05-24 10:13:24,793 [INFO] ROIフィルター[条件付き許可]: 202604010802 — 本命三連単 1件 発注承認 ['EV6.00']
2026-05-24 10:13:24,793 [INFO] 暫定モード: 卍ベット生成スキップ — オッズ未取得 (race_id=202604010802)
2026-05-24 10:13:24,793 [INFO] [AIウマスギ] ROIフィルター適用完了: 202604010802  本命=3件 卍=0件
2026-05-24 10:13:24,794 [INFO] 予想保存: prediction_id=40448 race_id=202604010802 model=本命(暫定) bet=複勝
2026-05-24 10:13:24,794 [INFO] 予想保存: prediction_id=40449 race_id=202604010802 model=本命(暫定) bet=単勝
2026-05-24 10:13:24,795 [INFO] 予想保存: prediction_id=40450 race_id=202604010802 model=本命(暫定) bet=三連単
2026-05-24 10:13:24,805 [INFO] 予想保存: prediction_id=40451 race_id=202604010802 model=本命(暫定) bet=馬分析
2026-05-24 10:13:24,808 [INFO] JSON 出力: C:\dev\horse-racing-ai\data\predictions\202604010802.json
2026-05-24 10:13:24,809 [INFO] 暫定パイプライン完了: race_id=202604010802 本命3件 卍0件 Alpha0件
2026-05-24 10:13:24,813 [INFO] 暫定パイプライン開始: race_id=202604010803
2026-05-24 10:13:24,861 [INFO] マイグレーション: v_race_mart ビューを再作成しました
2026-05-24 10:13:25,154 [INFO] マイグレーション: v_analytics ビューを再作成しました
2026-05-24 10:13:25,154 [INFO] マイグレーション #15: インデックス idx_pred_model_ev を作成（または確認）しました
2026-05-24 10:13:25,154 [INFO] マイグレーション #15: インデックス idx_pred_race_model を作成（または確認）しました
2026-05-24 10:13:25,154 [INFO] マイグレーション #15: インデックス idx_tc_horse_date を作成（または確認）しました
2026-05-24 10:13:25,154 [INFO] マイグレーション #15: インデックス idx_hc_horse_date を作成（または確認）しました
2026-05-24 10:13:25,154 [INFO] マイグレーション #15: インデックス idx_rr_horse_race を作成（または確認）しました
2026-05-24 10:13:25,154 [INFO] マイグレーション #15: インデックス idx_pr_pred_hit を作成（または確認）しました
2026-05-24 10:13:25,154 [INFO] DB 初期化完了: C:\dev\horse-racing-ai\data\umalogi.db
2026-05-24 10:13:25,154 [INFO] DB キャッシュ: オッズ=10件 エントリ=10頭 (race_id=202604010803)
2026-05-24 10:13:25,381 [INFO] 特徴量生成 race_id=202604010803: 10 頭 × 92 特徴量
2026-05-24 10:13:25,382 [INFO] 暫定モード: 馬体重欠損=10/10 単勝オッズ欠損=0/10 — NaN のまま推論
2026-05-24 10:13:25,463 [INFO] バンクロール直接指定 (BANKROLL_OVERRIDE): ¥100,000
2026-05-24 10:13:25,507 [INFO] 本命買い目生成: race_id=202604010803 7 件 (上位3頭)
2026-05-24 10:13:25,507 [INFO] ROIフィルター: 202604010803 — 4件除外（残3件）除外券種=['ワイド', '三連複', '馬単', '馬連']
2026-05-24 10:13:25,507 [INFO] ROIフィルター[条件付き許可]: 202604010803 — 本命三連単 1件 発注承認 ['EV6.00']
2026-05-24 10:13:25,507 [INFO] 暫定モード: 卍ベット生成スキップ — オッズ未取得 (race_id=202604010803)
2026-05-24 10:13:25,507 [INFO] [AIウマスギ] ROIフィルター適用完了: 202604010803  本命=3件 卍=0件
2026-05-24 10:13:25,508 [INFO] 予想保存: prediction_id=40452 race_id=202604010803 model=本命(暫定) bet=複勝
2026-05-24 10:13:25,513 [INFO] 予想保存: prediction_id=40453 race_id=202604010803 model=本命(暫定) bet=単勝
2026-05-24 10:13:25,519 [INFO] 予想保存: prediction_id=40454 race_id=202604010803 model=本命(暫定) bet=三連単
2026-05-24 10:13:25,535 [INFO] 予想保存: prediction_id=40455 race_id=202604010803 model=本命(暫定) bet=馬分析
2026-05-24 10:13:25,538 [INFO] JSON 出力: C:\dev\horse-racing-ai\data\predictions\202604010803.json
2026-05-24 10:13:25,538 [INFO] 暫定パイプライン完了: race_id=202604010803 本命3件 卍0件 Alpha0件
2026-05-24 10:13:25,577 [INFO] 暫定パイプライン開始: race_id=202604010804
2026-05-24 10:13:25,706 [INFO] マイグレーション: v_race_mart ビューを再作成しました
2026-05-24 10:13:26,077 [INFO] マイグレーション: v_analytics ビューを再作成しました
2026-05-24 10:13:26,077 [INFO] マイグレーション #15: インデックス idx_pred_model_ev を作成（または確認）しました
2026-05-24 10:13:26,077 [INFO] マイグレーション #15: インデックス idx_pred_race_model を作成（または確認）しました
2026-05-24 10:13:26,077 [INFO] マイグレーション #15: インデックス idx_tc_horse_date を作成（または確認）しました
2026-05-24 10:13:26,077 [INFO] マイグレーション #15: インデックス idx_hc_horse_date を作成（または確認）しました
2026-05-24 10:13:26,077 [INFO] マイグレーション #15: インデックス idx_rr_horse_race を作成（または確認）しました
2026-05-24 10:13:26,077 [INFO] マイグレーション #15: インデックス idx_pr_pred_hit を作成（または確認）しました
2026-05-24 10:13:26,077 [INFO] DB 初期化完了: C:\dev\horse-racing-ai\data\umalogi.db
2026-05-24 10:13:26,077 [INFO] DB キャッシュ: オッズ=13件 エントリ=13頭 (race_id=202604010804)
2026-05-24 10:13:26,311 [INFO] 特徴量生成 race_id=202604010804: 13 頭 × 92 特徴量
2026-05-24 10:13:26,311 [INFO] 暫定モード: 馬体重欠損=13/13 単勝オッズ欠損=0/13 — NaN のまま推論
2026-05-24 10:13:26,363 [INFO] バンクロール直接指定 (BANKROLL_OVERRIDE): ¥100,000
2026-05-24 10:13:26,410 [INFO] 本命買い目生成: race_id=202604010804 7 件 (上位3頭)
2026-05-24 10:13:26,410 [INFO] ROIフィルター: 202604010804 — 4件除外（残3件）除外券種=['ワイド', '三連複', '馬単', '馬連']
2026-05-24 10:13:26,410 [INFO] ROIフィルター[条件付き許可]: 202604010804 — 本命三連単 1件 発注承認 ['EV6.00']
2026-05-24 10:13:26,410 [INFO] 暫定モード: 卍ベット生成スキップ — オッズ未取得 (race_id=202604010804)
2026-05-24 10:13:26,410 [INFO] [AIウマスギ] ROIフィルター適用完了: 202604010804  本命=3件 卍=0件
2026-05-24 10:13:26,411 [INFO] 予想保存: prediction_id=40456 race_id=202604010804 model=本命(暫定) bet=複勝
2026-05-24 10:13:26,411 [INFO] 予想保存: prediction_id=40457 race_id=202604010804 model=本命(暫定) bet=単勝
2026-05-24 10:13:26,413 [INFO] 予想保存: prediction_id=40458 race_id=202604010804 model=本命(暫定) bet=三連単
2026-05-24 10:13:26,418 [INFO] 予想保存: prediction_id=40459 race_id=202604010804 model=本命(暫定) bet=馬分析
2026-05-24 10:13:26,422 [INFO] JSON 出力: C:\dev\horse-racing-ai\data\predictions\202604010804.json
2026-05-24 10:13:26,422 [INFO] 暫定パイプライン完了: race_id=202604010804 本命3件 卍0件 Alpha0件
2026-05-24 10:13:26,426 [INFO] 暫定パイプライン開始: race_id=202604010805
2026-05-24 10:13:26,471 [INFO] マイグレーション: v_race_mart ビューを再作成しました
2026-05-24 10:13:26,737 [INFO] マイグレーション: v_analytics ビューを再作成しました
2026-05-24 10:13:26,737 [INFO] マイグレーション #15: インデックス idx_pred_model_ev を作成（または確認）しました
2026-05-24 10:13:26,737 [INFO] マイグレーション #15: インデックス idx_pred_race_model を作成（または確認）しました
2026-05-24 10:13:26,737 [INFO] マイグレーション #15: インデックス idx_tc_horse_date を作成（または確認）しました
2026-05-24 10:13:26,737 [INFO] マイグレーション #15: インデックス idx_hc_horse_date を作成（または確認）しました
2026-05-24 10:13:26,738 [INFO] マイグレーション #15: インデックス idx_rr_horse_race を作成（または確認）しました
2026-05-24 10:13:26,738 [INFO] マイグレーション #15: インデックス idx_pr_pred_hit を作成（または確認）しました
2026-05-24 10:13:26,738 [INFO] DB 初期化完了: C:\dev\horse-racing-ai\data\umalogi.db
2026-05-24 10:13:26,738 [INFO] DB キャッシュ: オッズ=16件 エントリ=16頭 (race_id=202604010805)
2026-05-24 10:13:27,037 [INFO] 特徴量生成 race_id=202604010805: 16 頭 × 92 特徴量
2026-05-24 10:13:27,037 [INFO] 暫定モード: 馬体重欠損=16/16 単勝オッズ欠損=0/16 — NaN のまま推論
2026-05-24 10:13:27,103 [INFO] バンクロール直接指定 (BANKROLL_OVERRIDE): ¥100,000
2026-05-24 10:13:27,199 [INFO] 本命買い目生成: race_id=202604010805 7 件 (上位3頭)
2026-05-24 10:13:27,199 [INFO] ROIフィルター: 202604010805 — 4件除外（残3件）除外券種=['ワイド', '三連複', '馬単', '馬連']
2026-05-24 10:13:27,199 [INFO] ROIフィルター[条件付き許可]: 202604010805 — 本命三連単 1件 発注承認 ['EV6.00']
2026-05-24 10:13:27,199 [INFO] 暫定モード: 卍ベット生成スキップ — オッズ未取得 (race_id=202604010805)
2026-05-24 10:13:27,199 [INFO] [AIウマスギ] ROIフィルター適用完了: 202604010805  本命=3件 卍=0件
2026-05-24 10:13:27,200 [INFO] 予想保存: prediction_id=40460 race_id=202604010805 model=本命(暫定) bet=複勝
2026-05-24 10:13:27,201 [INFO] 予想保存: prediction_id=40461 race_id=202604010805 model=本命(暫定) bet=単勝
2026-05-24 10:13:27,206 [INFO] 予想保存: prediction_id=40462 race_id=202604010805 model=本命(暫定) bet=三連単
2026-05-24 10:13:27,211 [INFO] 予想保存: prediction_id=40463 race_id=202604010805 model=本命(暫定) bet=馬分析
2026-05-24 10:13:27,215 [INFO] JSON 出力: C:\dev\horse-racing-ai\data\predictions\202604010805.json
2026-05-24 10:13:27,215 [INFO] 暫定パイプライン完了: race_id=202604010805 本命3件 卍0件 Alpha0件
2026-05-24 10:13:27,221 [INFO] 暫定パイプライン開始: race_id=202604010806
2026-05-24 10:13:27,263 [INFO] マイグレーション: v_race_mart ビューを再作成しました
2026-05-24 10:13:27,548 [INFO] マイグレーション: v_analytics ビューを再作成しました
2026-05-24 10:13:27,548 [INFO] マイグレーション #15: インデックス idx_pred_model_ev を作成（または確認）しました
2026-05-24 10:13:27,548 [INFO] マイグレーション #15: インデックス idx_pred_race_model を作成（または確認）しました
2026-05-24 10:13:27,548 [INFO] マイグレーション #15: インデックス idx_tc_horse_date を作成（または確認）しました
2026-05-24 10:13:27,548 [INFO] マイグレーション #15: インデックス idx_hc_horse_date を作成（または確認）しました
2026-05-24 10:13:27,548 [INFO] マイグレーション #15: インデックス idx_rr_horse_race を作成（または確認）しました
2026-05-24 10:13:27,548 [INFO] マイグレーション #15: インデックス idx_pr_pred_hit を作成（または確認）しました
2026-05-24 10:13:27,549 [INFO] DB 初期化完了: C:\dev\horse-racing-ai\data\umalogi.db
2026-05-24 10:13:27,549 [INFO] DB キャッシュ: オッズ=12件 エントリ=12頭 (race_id=202604010806)
2026-05-24 10:13:27,799 [INFO] 特徴量生成 race_id=202604010806: 12 頭 × 92 特徴量
2026-05-24 10:13:27,799 [INFO] 暫定モード: 馬体重欠損=12/12 単勝オッズ欠損=0/12 — NaN のまま推論
2026-05-24 10:13:27,873 [INFO] バンクロール直接指定 (BANKROLL_OVERRIDE): ¥100,000
2026-05-24 10:13:27,941 [INFO] 本命買い目生成: race_id=202604010806 7 件 (上位3頭)
2026-05-24 10:13:27,941 [INFO] ROIフィルター: 202604010806 — 4件除外（残3件）除外券種=['ワイド', '三連複', '馬単', '馬連']
2026-05-24 10:13:27,941 [INFO] ROIフィルター[条件付き許可]: 202604010806 — 本命三連単 1件 発注承認 ['EV5.56']
2026-05-24 10:13:27,941 [INFO] 暫定モード: 卍ベット生成スキップ — オッズ未取得 (race_id=202604010806)
2026-05-24 10:13:27,941 [INFO] [AIウマスギ] ROIフィルター適用完了: 202604010806  本命=3件 卍=0件
2026-05-24 10:13:27,947 [INFO] 予想保存: prediction_id=40464 race_id=202604010806 model=本命(暫定) bet=複勝
2026-05-24 10:13:27,948 [INFO] 予想保存: prediction_id=40465 race_id=202604010806 model=本命(暫定) bet=単勝
2026-05-24 10:13:27,949 [INFO] 予想保存: prediction_id=40466 race_id=202604010806 model=本命(暫定) bet=三連単
2026-05-24 10:13:27,954 [INFO] 予想保存: prediction_id=40467 race_id=202604010806 model=本命(暫定) bet=馬分析
2026-05-24 10:13:27,960 [INFO] JSON 出力: C:\dev\horse-racing-ai\data\predictions\202604010806.json
2026-05-24 10:13:27,960 [INFO] 暫定パイプライン完了: race_id=202604010806 本命3件 卍0件 Alpha0件
2026-05-24 10:13:27,964 [INFO] 暫定パイプライン開始: race_id=202604010807
2026-05-24 10:13:28,011 [INFO] マイグレーション: v_race_mart ビューを再作成しました
2026-05-24 10:13:28,312 [INFO] マイグレーション: v_analytics ビューを再作成しました
2026-05-24 10:13:28,312 [INFO] マイグレーション #15: インデックス idx_pred_model_ev を作成（または確認）しました
2026-05-24 10:13:28,312 [INFO] マイグレーション #15: インデックス idx_pred_race_model を作成（または確認）しました
2026-05-24 10:13:28,312 [INFO] マイグレーション #15: インデックス idx_tc_horse_date を作成（または確認）しました
2026-05-24 10:13:28,313 [INFO] マイグレーション #15: インデックス idx_hc_horse_date を作成（または確認）しました
2026-05-24 10:13:28,313 [INFO] マイグレーション #15: インデックス idx_rr_horse_race を作成（または確認）しました
2026-05-24 10:13:28,313 [INFO] マイグレーション #15: インデックス idx_pr_pred_hit を作成（または確認）しました
2026-05-24 10:13:28,313 [INFO] DB 初期化完了: C:\dev\horse-racing-ai\data\umalogi.db
2026-05-24 10:13:28,313 [INFO] DB キャッシュ: オッズ=15件 エントリ=15頭 (race_id=202604010807)
2026-05-24 10:13:28,628 [INFO] 特徴量生成 race_id=202604010807: 15 頭 × 92 特徴量
2026-05-24 10:13:28,628 [INFO] 暫定モード: 馬体重欠損=15/15 単勝オッズ欠損=0/15 — NaN のまま推論
2026-05-24 10:13:28,674 [INFO] バンクロール直接指定 (BANKROLL_OVERRIDE): ¥100,000
2026-05-24 10:13:28,729 [INFO] 本命買い目生成: race_id=202604010807 7 件 (上位3頭)
2026-05-24 10:13:28,729 [INFO] ROIフィルター: 202604010807 — 4件除外（残3件）除外券種=['ワイド', '三連複', '馬単', '馬連']
2026-05-24 10:13:28,729 [INFO] ROIフィルター[条件付き許可]: 202604010807 — 本命三連単 1件 発注承認 ['EV6.00']
2026-05-24 10:13:28,729 [INFO] 暫定モード: 卍ベット生成スキップ — オッズ未取得 (race_id=202604010807)
2026-05-24 10:13:28,729 [INFO] [AIウマスギ] ROIフィルター適用完了: 202604010807  本命=3件 卍=0件
2026-05-24 10:13:28,730 [INFO] 予想保存: prediction_id=40468 race_id=202604010807 model=本命(暫定) bet=複勝
2026-05-24 10:13:28,731 [INFO] 予想保存: prediction_id=40469 race_id=202604010807 model=本命(暫定) bet=単勝
2026-05-24 10:13:28,732 [INFO] 予想保存: prediction_id=40470 race_id=202604010807 model=本命(暫定) bet=三連単
2026-05-24 10:13:28,735 [INFO] 予想保存: prediction_id=40471 race_id=202604010807 model=本命(暫定) bet=馬分析
2026-05-24 10:13:28,750 [INFO] JSON 出力: C:\dev\horse-racing-ai\data\predictions\202604010807.json
2026-05-24 10:13:28,750 [INFO] 暫定パイプライン完了: race_id=202604010807 本命3件 卍0件 Alpha0件
2026-05-24 10:13:28,759 [INFO] 暫定パイプライン開始: race_id=202604010808
2026-05-24 10:13:28,803 [INFO] マイグレーション: v_race_mart ビューを再作成しました
2026-05-24 10:13:29,056 [INFO] マイグレーション: v_analytics ビューを再作成しました
2026-05-24 10:13:29,056 [INFO] マイグレーション #15: インデックス idx_pred_model_ev を作成（または確認）しました
2026-05-24 10:13:29,056 [INFO] マイグレーション #15: インデックス idx_pred_race_model を作成（または確認）しました
2026-05-24 10:13:29,056 [INFO] マイグレーション #15: インデックス idx_tc_horse_date を作成（または確認）しました
2026-05-24 10:13:29,056 [INFO] マイグレーション #15: インデックス idx_hc_horse_date を作成（または確認）しました
2026-05-24 10:13:29,056 [INFO] マイグレーション #15: インデックス idx_rr_horse_race を作成（または確認）しました
2026-05-24 10:13:29,056 [INFO] マイグレーション #15: インデックス idx_pr_pred_hit を作成（または確認）しました
2026-05-24 10:13:29,056 [INFO] DB 初期化完了: C:\dev\horse-racing-ai\data\umalogi.db
2026-05-24 10:13:29,057 [INFO] DB キャッシュ: オッズ=16件 エントリ=16頭 (race_id=202604010808)
2026-05-24 10:13:29,295 [INFO] 特徴量生成 race_id=202604010808: 16 頭 × 92 特徴量
2026-05-24 10:13:29,295 [INFO] 暫定モード: 馬体重欠損=16/16 単勝オッズ欠損=0/16 — NaN のまま推論
2026-05-24 10:13:29,350 [INFO] バンクロール直接指定 (BANKROLL_OVERRIDE): ¥100,000
2026-05-24 10:13:29,398 [INFO] 本命買い目生成: race_id=202604010808 7 件 (上位3頭)
2026-05-24 10:13:29,398 [INFO] ROIフィルター: 202604010808 — 4件除外（残3件）除外券種=['ワイド', '三連複', '馬単', '馬連']
2026-05-24 10:13:29,398 [INFO] ROIフィルター[条件付き許可]: 202604010808 — 本命三連単 1件 発注承認 ['EV6.00']
2026-05-24 10:13:29,398 [INFO] 暫定モード: 卍ベット生成スキップ — オッズ未取得 (race_id=202604010808)
2026-05-24 10:13:29,398 [INFO] [AIウマスギ] ROIフィルター適用完了: 202604010808  本命=3件 卍=0件
2026-05-24 10:13:29,399 [INFO] 予想保存: prediction_id=40472 race_id=202604010808 model=本命(暫定) bet=複勝
2026-05-24 10:13:29,400 [INFO] 予想保存: prediction_id=40473 race_id=202604010808 model=本命(暫定) bet=単勝
2026-05-24 10:13:29,401 [INFO] 予想保存: prediction_id=40474 race_id=202604010808 model=本命(暫定) bet=三連単
2026-05-24 10:13:29,409 [INFO] 予想保存: prediction_id=40475 race_id=202604010808 model=本命(暫定) bet=馬分析
2026-05-24 10:13:29,413 [INFO] JSON 出力: C:\dev\horse-racing-ai\data\predictions\202604010808.json
2026-05-24 10:13:29,413 [INFO] 暫定パイプライン完了: race_id=202604010808 本命3件 卍0件 Alpha0件
2026-05-24 10:13:29,419 [INFO] 暫定パイプライン開始: race_id=202604010809
2026-05-24 10:13:29,459 [INFO] マイグレーション: v_race_mart ビューを再作成しました
2026-05-24 10:13:29,710 [INFO] マイグレーション: v_analytics ビューを再作成しました
2026-05-24 10:13:29,710 [INFO] マイグレーション #15: インデックス idx_pred_model_ev を作成（または確認）しました
2026-05-24 10:13:29,710 [INFO] マイグレーション #15: インデックス idx_pred_race_model を作成（または確認）しました
2026-05-24 10:13:29,710 [INFO] マイグレーション #15: インデックス idx_tc_horse_date を作成（または確認）しました
2026-05-24 10:13:29,710 [INFO] マイグレーション #15: インデックス idx_hc_horse_date を作成（または確認）しました
2026-05-24 10:13:29,711 [INFO] マイグレーション #15: インデックス idx_rr_horse_race を作成（または確認）しました
2026-05-24 10:13:29,711 [INFO] マイグレーション #15: インデックス idx_pr_pred_hit を作成（または確認）しました
2026-05-24 10:13:29,711 [INFO] DB 初期化完了: C:\dev\horse-racing-ai\data\umalogi.db
2026-05-24 10:13:29,711 [INFO] DB キャッシュ: オッズ=14件 エントリ=14頭 (race_id=202604010809)
2026-05-24 10:13:29,941 [INFO] 特徴量生成 race_id=202604010809: 14 頭 × 92 特徴量
2026-05-24 10:13:29,941 [INFO] 暫定モード: 馬体重欠損=14/14 単勝オッズ欠損=0/14 — NaN のまま推論
2026-05-24 10:13:30,010 [INFO] バンクロール直接指定 (BANKROLL_OVERRIDE): ¥100,000
2026-05-24 10:13:30,058 [INFO] 本命買い目生成: race_id=202604010809 7 件 (上位3頭)
2026-05-24 10:13:30,058 [INFO] ROIフィルター: 202604010809 — 4件除外（残3件）除外券種=['ワイド', '三連複', '馬単', '馬連']
2026-05-24 10:13:30,058 [INFO] ROIフィルター[条件付き許可]: 202604010809 — 本命三連単 1件 発注承認 ['EV4.85']
2026-05-24 10:13:30,058 [INFO] 暫定モード: 卍ベット生成スキップ — オッズ未取得 (race_id=202604010809)
2026-05-24 10:13:30,059 [INFO] [AIウマスギ] ROIフィルター適用完了: 202604010809  本命=3件 卍=0件
2026-05-24 10:13:30,060 [INFO] 予想保存: prediction_id=40476 race_id=202604010809 model=本命(暫定) bet=複勝
2026-05-24 10:13:30,060 [INFO] 予想保存: prediction_id=40477 race_id=202604010809 model=本命(暫定) bet=単勝
2026-05-24 10:13:30,061 [INFO] 予想保存: prediction_id=40478 race_id=202604010809 model=本命(暫定) bet=三連単
2026-05-24 10:13:30,064 [INFO] 予想保存: prediction_id=40479 race_id=202604010809 model=本命(暫定) bet=馬分析
2026-05-24 10:13:30,078 [INFO] JSON 出力: C:\dev\horse-racing-ai\data\predictions\202604010809.json
2026-05-24 10:13:30,079 [INFO] 暫定パイプライン完了: race_id=202604010809 本命3件 卍0件 Alpha0件
2026-05-24 10:13:30,084 [INFO] 暫定パイプライン開始: race_id=202604010810
2026-05-24 10:13:30,121 [INFO] マイグレーション: v_race_mart ビューを再作成しました
2026-05-24 10:13:30,401 [INFO] マイグレーション: v_analytics ビューを再作成しました
2026-05-24 10:13:30,401 [INFO] マイグレーション #15: インデックス idx_pred_model_ev を作成（または確認）しました
2026-05-24 10:13:30,401 [INFO] マイグレーション #15: インデックス idx_pred_race_model を作成（または確認）しました
2026-05-24 10:13:30,402 [INFO] マイグレーション #15: インデックス idx_tc_horse_date を作成（または確認）しました
2026-05-24 10:13:30,402 [INFO] マイグレーション #15: インデックス idx_hc_horse_date を作成（または確認）しました
2026-05-24 10:13:30,402 [INFO] マイグレーション #15: インデックス idx_rr_horse_race を作成（または確認）しました
2026-05-24 10:13:30,402 [INFO] マイグレーション #15: インデックス idx_pr_pred_hit を作成（または確認）しました
2026-05-24 10:13:30,402 [INFO] DB 初期化完了: C:\dev\horse-racing-ai\data\umalogi.db
2026-05-24 10:13:30,402 [INFO] DB キャッシュ: オッズ=15件 エントリ=15頭 (race_id=202604010810)
2026-05-24 10:13:30,640 [INFO] 特徴量生成 race_id=202604010810: 15 頭 × 92 特徴量
2026-05-24 10:13:30,640 [INFO] 暫定モード: 馬体重欠損=15/15 単勝オッズ欠損=0/15 — NaN のまま推論
2026-05-24 10:13:30,710 [INFO] バンクロール直接指定 (BANKROLL_OVERRIDE): ¥100,000
2026-05-24 10:13:30,787 [INFO] 本命買い目生成: race_id=202604010810 7 件 (上位3頭)
2026-05-24 10:13:30,787 [INFO] ROIフィルター: 202604010810 — 4件除外（残3件）除外券種=['ワイド', '三連複', '馬単', '馬連']
2026-05-24 10:13:30,787 [INFO] ROIフィルター[条件付き許可]: 202604010810 — 本命三連単 1件 発注承認 ['EV6.00']
2026-05-24 10:13:30,787 [INFO] 暫定モード: 卍ベット生成スキップ — オッズ未取得 (race_id=202604010810)
2026-05-24 10:13:30,787 [INFO] [AIウマスギ] ROIフィルター適用完了: 202604010810  本命=3件 卍=0件
2026-05-24 10:13:30,788 [INFO] 予想保存: prediction_id=40480 race_id=202604010810 model=本命(暫定) bet=複勝
2026-05-24 10:13:30,789 [INFO] 予想保存: prediction_id=40481 race_id=202604010810 model=本命(暫定) bet=単勝
2026-05-24 10:13:30,789 [INFO] 予想保存: prediction_id=40482 race_id=202604010810 model=本命(暫定) bet=三連単
2026-05-24 10:13:30,793 [INFO] 予想保存: prediction_id=40483 race_id=202604010810 model=本命(暫定) bet=馬分析
2026-05-24 10:13:30,797 [INFO] JSON 出力: C:\dev\horse-racing-ai\data\predictions\202604010810.json
2026-05-24 10:13:30,797 [INFO] 暫定パイプライン完了: race_id=202604010810 本命3件 卍0件 Alpha0件
2026-05-24 10:13:30,801 [INFO] 暫定パイプライン開始: race_id=202604010811
2026-05-24 10:13:30,840 [INFO] マイグレーション: v_race_mart ビューを再作成しました
2026-05-24 10:13:31,114 [INFO] マイグレーション: v_analytics ビューを再作成しました
2026-05-24 10:13:31,114 [INFO] マイグレーション #15: インデックス idx_pred_model_ev を作成（または確認）しました
2026-05-24 10:13:31,114 [INFO] マイグレーション #15: インデックス idx_pred_race_model を作成（または確認）しました
2026-05-24 10:13:31,114 [INFO] マイグレーション #15: インデックス idx_tc_horse_date を作成（または確認）しました
2026-05-24 10:13:31,114 [INFO] マイグレーション #15: インデックス idx_hc_horse_date を作成（または確認）しました
2026-05-24 10:13:31,114 [INFO] マイグレーション #15: インデックス idx_rr_horse_race を作成（または確認）しました
2026-05-24 10:13:31,114 [INFO] マイグレーション #15: インデックス idx_pr_pred_hit を作成（または確認）しました
2026-05-24 10:13:31,115 [INFO] DB 初期化完了: C:\dev\horse-racing-ai\data\umalogi.db
2026-05-24 10:13:31,115 [INFO] DB キャッシュ: オッズ=16件 エントリ=16頭 (race_id=202604010811)
2026-05-24 10:13:31,340 [INFO] 特徴量生成 race_id=202604010811: 16 頭 × 92 特徴量
2026-05-24 10:13:31,340 [INFO] 暫定モード: 馬体重欠損=16/16 単勝オッズ欠損=0/16 — NaN のまま推論
2026-05-24 10:13:31,384 [INFO] バンクロール直接指定 (BANKROLL_OVERRIDE): ¥100,000
2026-05-24 10:13:31,429 [INFO] 本命買い目生成: race_id=202604010811 7 件 (上位3頭)
2026-05-24 10:13:31,429 [INFO] ROIフィルター: 202604010811 — 4件除外（残3件）除外券種=['ワイド', '三連複', '馬単', '馬連']
2026-05-24 10:13:31,429 [INFO] ROIフィルター[条件付き許可]: 202604010811 — 本命三連単 1件 発注承認 ['EV6.00']
2026-05-24 10:13:31,429 [INFO] 暫定モード: 卍ベット生成スキップ — オッズ未取得 (race_id=202604010811)
2026-05-24 10:13:31,429 [INFO] [AIウマスギ] ROIフィルター適用完了: 202604010811  本命=3件 卍=0件
2026-05-24 10:13:31,435 [INFO] 予想保存: prediction_id=40484 race_id=202604010811 model=本命(暫定) bet=複勝
2026-05-24 10:13:31,435 [INFO] 予想保存: prediction_id=40485 race_id=202604010811 model=本命(暫定) bet=単勝
2026-05-24 10:13:31,436 [INFO] 予想保存: prediction_id=40486 race_id=202604010811 model=本命(暫定) bet=三連単
2026-05-24 10:13:31,439 [INFO] 予想保存: prediction_id=40487 race_id=202604010811 model=本命(暫定) bet=馬分析
2026-05-24 10:13:31,444 [INFO] JSON 出力: C:\dev\horse-racing-ai\data\predictions\202604010811.json
2026-05-24 10:13:31,444 [INFO] 暫定パイプライン完了: race_id=202604010811 本命3件 卍0件 Alpha0件
2026-05-24 10:13:31,449 [INFO] 暫定パイプライン開始: race_id=202604010812
2026-05-24 10:13:31,484 [INFO] マイグレーション: v_race_mart ビューを再作成しました
2026-05-24 10:13:31,735 [INFO] マイグレーション: v_analytics ビューを再作成しました
2026-05-24 10:13:31,736 [INFO] マイグレーション #15: インデックス idx_pred_model_ev を作成（または確認）しました
2026-05-24 10:13:31,736 [INFO] マイグレーション #15: インデックス idx_pred_race_model を作成（または確認）しました
2026-05-24 10:13:31,736 [INFO] マイグレーション #15: インデックス idx_tc_horse_date を作成（または確認）しました
2026-05-24 10:13:31,736 [INFO] マイグレーション #15: インデックス idx_hc_horse_date を作成（または確認）しました
2026-05-24 10:13:31,736 [INFO] マイグレーション #15: インデックス idx_rr_horse_race を作成（または確認）しました
2026-05-24 10:13:31,736 [INFO] マイグレーション #15: インデックス idx_pr_pred_hit を作成（または確認）しました
2026-05-24 10:13:31,736 [INFO] DB 初期化完了: C:\dev\horse-racing-ai\data\umalogi.db
2026-05-24 10:13:31,736 [INFO] DB キャッシュ: オッズ=15件 エントリ=15頭 (race_id=202604010812)
2026-05-24 10:13:32,009 [INFO] 特徴量生成 race_id=202604010812: 15 頭 × 92 特徴量
2026-05-24 10:13:32,009 [INFO] 暫定モード: 馬体重欠損=15/15 単勝オッズ欠損=0/15 — NaN のまま推論
2026-05-24 10:13:32,087 [INFO] バンクロール直接指定 (BANKROLL_OVERRIDE): ¥100,000
2026-05-24 10:13:32,141 [INFO] 本命買い目生成: race_id=202604010812 7 件 (上位3頭)
2026-05-24 10:13:32,141 [INFO] ROIフィルター: 202604010812 — 4件除外（残3件）除外券種=['ワイド', '三連複', '馬単', '馬連']
2026-05-24 10:13:32,141 [INFO] ROIフィルター[条件付き許可]: 202604010812 — 本命三連単 1件 発注承認 ['EV6.00']
2026-05-24 10:13:32,141 [INFO] 暫定モード: 卍ベット生成スキップ — オッズ未取得 (race_id=202604010812)
2026-05-24 10:13:32,142 [INFO] [AIウマスギ] ROIフィルター適用完了: 202604010812  本命=3件 卍=0件
2026-05-24 10:13:32,142 [INFO] 予想保存: prediction_id=40488 race_id=202604010812 model=本命(暫定) bet=複勝
2026-05-24 10:13:32,147 [INFO] 予想保存: prediction_id=40489 race_id=202604010812 model=本命(暫定) bet=単勝
2026-05-24 10:13:32,148 [INFO] 予想保存: prediction_id=40490 race_id=202604010812 model=本命(暫定) bet=三連単
2026-05-24 10:13:32,153 [INFO] 予想保存: prediction_id=40491 race_id=202604010812 model=本命(暫定) bet=馬分析
2026-05-24 10:13:32,163 [INFO] JSON 出力: C:\dev\horse-racing-ai\data\predictions\202604010812.json
2026-05-24 10:13:32,163 [INFO] 暫定パイプライン完了: race_id=202604010812 本命3件 卍0件 Alpha0件
2026-05-24 10:13:32,169 [INFO] 暫定パイプライン開始: race_id=202605021001
2026-05-24 10:13:32,211 [INFO] マイグレーション: v_race_mart ビューを再作成しました
2026-05-24 10:13:32,458 [INFO] マイグレーション: v_analytics ビューを再作成しました
2026-05-24 10:13:32,459 [INFO] マイグレーション #15: インデックス idx_pred_model_ev を作成（または確認）しました
2026-05-24 10:13:32,459 [INFO] マイグレーション #15: インデックス idx_pred_race_model を作成（または確認）しました
2026-05-24 10:13:32,459 [INFO] マイグレーション #15: インデックス idx_tc_horse_date を作成（または確認）しました
2026-05-24 10:13:32,459 [INFO] マイグレーション #15: インデックス idx_hc_horse_date を作成（または確認）しました
2026-05-24 10:13:32,459 [INFO] マイグレーション #15: インデックス idx_rr_horse_race を作成（または確認）しました
2026-05-24 10:13:32,459 [INFO] マイグレーション #15: インデックス idx_pr_pred_hit を作成（または確認）しました
2026-05-24 10:13:32,459 [INFO] DB 初期化完了: C:\dev\horse-racing-ai\data\umalogi.db
2026-05-24 10:13:32,459 [INFO] DB キャッシュ: オッズ=16件 エントリ=16頭 (race_id=202605021001)
2026-05-24 10:13:32,687 [INFO] 特徴量生成 race_id=202605021001: 16 頭 × 92 特徴量
2026-05-24 10:13:32,687 [INFO] 暫定モード: 馬体重欠損=16/16 単勝オッズ欠損=0/16 — NaN のまま推論
2026-05-24 10:13:32,762 [INFO] バンクロール直接指定 (BANKROLL_OVERRIDE): ¥100,000
2026-05-24 10:13:32,810 [INFO] 本命買い目生成: race_id=202605021001 7 件 (上位3頭)
2026-05-24 10:13:32,810 [INFO] ROIフィルター: 202605021001 — 4件除外（残3件）除外券種=['ワイド', '三連複', '馬単', '馬連']
2026-05-24 10:13:32,810 [INFO] ROIフィルター[条件付き許可]: 202605021001 — 本命三連単 1件 発注承認 ['EV6.00']
2026-05-24 10:13:32,810 [INFO] 暫定モード: 卍ベット生成スキップ — オッズ未取得 (race_id=202605021001)
2026-05-24 10:13:32,810 [INFO] [AIウマスギ] ROIフィルター適用完了: 202605021001  本命=3件 卍=0件
2026-05-24 10:13:32,811 [INFO] 予想保存: prediction_id=40492 race_id=202605021001 model=本命(暫定) bet=複勝
2026-05-24 10:13:32,816 [INFO] 予想保存: prediction_id=40493 race_id=202605021001 model=本命(暫定) bet=単勝
2026-05-24 10:13:32,817 [INFO] 予想保存: prediction_id=40494 race_id=202605021001 model=本命(暫定) bet=三連単
2026-05-24 10:13:32,820 [INFO] 予想保存: prediction_id=40495 race_id=202605021001 model=本命(暫定) bet=馬分析
2026-05-24 10:13:32,830 [INFO] JSON 出力: C:\dev\horse-racing-ai\data\predictions\202605021001.json
2026-05-24 10:13:32,830 [INFO] 暫定パイプライン完了: race_id=202605021001 本命3件 卍0件 Alpha0件
2026-05-24 10:13:32,834 [INFO] 暫定パイプライン開始: race_id=202605021002
2026-05-24 10:13:32,874 [INFO] マイグレーション: v_race_mart ビューを再作成しました
2026-05-24 10:13:33,153 [INFO] マイグレーション: v_analytics ビューを再作成しました
2026-05-24 10:13:33,153 [INFO] マイグレーション #15: インデックス idx_pred_model_ev を作成（または確認）しました
2026-05-24 10:13:33,153 [INFO] マイグレーション #15: インデックス idx_pred_race_model を作成（または確認）しました
2026-05-24 10:13:33,153 [INFO] マイグレーション #15: インデックス idx_tc_horse_date を作成（または確認）しました
2026-05-24 10:13:33,153 [INFO] マイグレーション #15: インデックス idx_hc_horse_date を作成（または確認）しました
2026-05-24 10:13:33,153 [INFO] マイグレーション #15: インデックス idx_rr_horse_race を作成（または確認）しました
2026-05-24 10:13:33,153 [INFO] マイグレーション #15: インデックス idx_pr_pred_hit を作成（または確認）しました
2026-05-24 10:13:33,153 [INFO] DB 初期化完了: C:\dev\horse-racing-ai\data\umalogi.db
2026-05-24 10:13:33,153 [INFO] DB キャッシュ: オッズ=16件 エントリ=16頭 (race_id=202605021002)
2026-05-24 10:13:33,434 [INFO] 特徴量生成 race_id=202605021002: 16 頭 × 92 特徴量
2026-05-24 10:13:33,434 [INFO] 暫定モード: 馬体重欠損=16/16 単勝オッズ欠損=0/16 — NaN のまま推論
2026-05-24 10:13:33,508 [INFO] バンクロール直接指定 (BANKROLL_OVERRIDE): ¥100,000
2026-05-24 10:13:33,620 [INFO] 本命買い目生成: race_id=202605021002 7 件 (上位3頭)
2026-05-24 10:13:33,620 [INFO] ROIフィルター: 202605021002 — 4件除外（残3件）除外券種=['ワイド', '三連複', '馬単', '馬連']
2026-05-24 10:13:33,620 [INFO] ROIフィルター[条件付き許可]: 202605021002 — 本命三連単 1件 発注承認 ['EV6.00']
2026-05-24 10:13:33,620 [INFO] 暫定モード: 卍ベット生成スキップ — オッズ未取得 (race_id=202605021002)
2026-05-24 10:13:33,620 [INFO] [AIウマスギ] ROIフィルター適用完了: 202605021002  本命=3件 卍=0件
2026-05-24 10:13:33,621 [INFO] 予想保存: prediction_id=40496 race_id=202605021002 model=本命(暫定) bet=複勝
2026-05-24 10:13:33,621 [INFO] 予想保存: prediction_id=40497 race_id=202605021002 model=本命(暫定) bet=単勝
2026-05-24 10:13:33,622 [INFO] 予想保存: prediction_id=40498 race_id=202605021002 model=本命(暫定) bet=三連単
2026-05-24 10:13:33,629 [INFO] 予想保存: prediction_id=40499 race_id=202605021002 model=本命(暫定) bet=馬分析
2026-05-24 10:13:33,633 [INFO] JSON 出力: C:\dev\horse-racing-ai\data\predictions\202605021002.json
2026-05-24 10:13:33,633 [INFO] 暫定パイプライン完了: race_id=202605021002 本命3件 卍0件 Alpha0件
2026-05-24 10:13:33,637 [INFO] 暫定パイプライン開始: race_id=202605021003
2026-05-24 10:13:33,675 [INFO] マイグレーション: v_race_mart ビューを再作成しました
2026-05-24 10:13:33,981 [INFO] マイグレーション: v_analytics ビューを再作成しました
2026-05-24 10:13:33,981 [INFO] マイグレーション #15: インデックス idx_pred_model_ev を作成（または確認）しました
2026-05-24 10:13:33,981 [INFO] マイグレーション #15: インデックス idx_pred_race_model を作成（または確認）しました
2026-05-24 10:13:33,981 [INFO] マイグレーション #15: インデックス idx_tc_horse_date を作成（または確認）しました
2026-05-24 10:13:33,981 [INFO] マイグレーション #15: インデックス idx_hc_horse_date を作成（または確認）しました
2026-05-24 10:13:33,982 [INFO] マイグレーション #15: インデックス idx_rr_horse_race を作成（または確認）しました
2026-05-24 10:13:33,982 [INFO] マイグレーション #15: インデックス idx_pr_pred_hit を作成（または確認）しました
2026-05-24 10:13:33,982 [INFO] DB 初期化完了: C:\dev\horse-racing-ai\data\umalogi.db
2026-05-24 10:13:33,982 [INFO] DB キャッシュ: オッズ=16件 エントリ=16頭 (race_id=202605021003)
2026-05-24 10:13:34,398 [INFO] 特徴量生成 race_id=202605021003: 16 頭 × 92 特徴量
2026-05-24 10:13:34,398 [INFO] 暫定モード: 馬体重欠損=16/16 単勝オッズ欠損=0/16 — NaN のまま推論
2026-05-24 10:13:34,500 [INFO] バンクロール直接指定 (BANKROLL_OVERRIDE): ¥100,000
2026-05-24 10:13:34,556 [INFO] 本命買い目生成: race_id=202605021003 7 件 (上位3頭)
2026-05-24 10:13:34,556 [INFO] ROIフィルター: 202605021003 — 4件除外（残3件）除外券種=['ワイド', '三連複', '馬単', '馬連']
2026-05-24 10:13:34,556 [INFO] ROIフィルター[条件付き許可]: 202605021003 — 本命三連単 1件 発注承認 ['EV6.00']
2026-05-24 10:13:34,556 [INFO] 暫定モード: 卍ベット生成スキップ — オッズ未取得 (race_id=202605021003)
2026-05-24 10:13:34,556 [INFO] [AIウマスギ] ROIフィルター適用完了: 202605021003  本命=3件 卍=0件
2026-05-24 10:13:34,559 [INFO] 予想保存: prediction_id=40500 race_id=202605021003 model=本命(暫定) bet=複勝
2026-05-24 10:13:34,559 [INFO] 予想保存: prediction_id=40501 race_id=202605021003 model=本命(暫定) bet=単勝
2026-05-24 10:13:34,560 [INFO] 予想保存: prediction_id=40502 race_id=202605021003 model=本命(暫定) bet=三連単
2026-05-24 10:13:34,563 [INFO] 予想保存: prediction_id=40503 race_id=202605021003 model=本命(暫定) bet=馬分析
2026-05-24 10:13:34,587 [INFO] JSON 出力: C:\dev\horse-racing-ai\data\predictions\202605021003.json
2026-05-24 10:13:34,587 [INFO] 暫定パイプライン完了: race_id=202605021003 本命3件 卍0件 Alpha0件
2026-05-24 10:13:34,592 [INFO] 暫定パイプライン開始: race_id=202605021004
2026-05-24 10:13:34,636 [INFO] マイグレーション: v_race_mart ビューを再作成しました
2026-05-24 10:13:35,166 [INFO] マイグレーション: v_analytics ビューを再作成しました
2026-05-24 10:13:35,166 [INFO] マイグレーション #15: インデックス idx_pred_model_ev を作成（または確認）しました
2026-05-24 10:13:35,166 [INFO] マイグレーション #15: インデックス idx_pred_race_model を作成（または確認）しました
2026-05-24 10:13:35,166 [INFO] マイグレーション #15: インデックス idx_tc_horse_date を作成（または確認）しました
2026-05-24 10:13:35,166 [INFO] マイグレーション #15: インデックス idx_hc_horse_date を作成（または確認）しました
2026-05-24 10:13:35,166 [INFO] マイグレーション #15: インデックス idx_rr_horse_race を作成（または確認）しました
2026-05-24 10:13:35,166 [INFO] マイグレーション #15: インデックス idx_pr_pred_hit を作成（または確認）しました
2026-05-24 10:13:35,166 [INFO] DB 初期化完了: C:\dev\horse-racing-ai\data\umalogi.db
2026-05-24 10:13:35,167 [INFO] DB キャッシュ: オッズ=18件 エントリ=18頭 (race_id=202605021004)
2026-05-24 10:13:35,879 [INFO] 特徴量生成 race_id=202605021004: 18 頭 × 92 特徴量
2026-05-24 10:13:35,880 [INFO] 暫定モード: 馬体重欠損=18/18 単勝オッズ欠損=0/18 — NaN のまま推論
2026-05-24 10:13:35,900 [INFO] バンクロール直接指定 (BANKROLL_OVERRIDE): ¥100,000
2026-05-24 10:13:35,966 [INFO] 本命買い目生成: race_id=202605021004 7 件 (上位3頭)
2026-05-24 10:13:35,966 [INFO] ROIフィルター: 202605021004 — 4件除外（残3件）除外券種=['ワイド', '三連複', '馬単', '馬連']
2026-05-24 10:13:35,966 [INFO] ROIフィルター[条件付き許可]: 202605021004 — 本命三連単 1件 発注承認 ['EV6.00']
2026-05-24 10:13:35,967 [INFO] 暫定モード: 卍ベット生成スキップ — オッズ未取得 (race_id=202605021004)
2026-05-24 10:13:35,967 [INFO] [AIウマスギ] ROIフィルター適用完了: 202605021004  本命=3件 卍=0件
2026-05-24 10:13:35,975 [INFO] 予想保存: prediction_id=40504 race_id=202605021004 model=本命(暫定) bet=複勝
2026-05-24 10:13:35,975 [INFO] 予想保存: prediction_id=40505 race_id=202605021004 model=本命(暫定) bet=単勝
2026-05-24 10:13:35,976 [INFO] 予想保存: prediction_id=40506 race_id=202605021004 model=本命(暫定) bet=三連単
2026-05-24 10:13:35,980 [INFO] 予想保存: prediction_id=40507 race_id=202605021004 model=本命(暫定) bet=馬分析
2026-05-24 10:13:35,998 [INFO] JSON 出力: C:\dev\horse-racing-ai\data\predictions\202605021004.json
2026-05-24 10:13:35,998 [INFO] 暫定パイプライン完了: race_id=202605021004 本命3件 卍0件 Alpha0件
2026-05-24 10:13:36,005 [INFO] 暫定パイプライン開始: race_id=202605021005
2026-05-24 10:13:36,323 [INFO] マイグレーション: v_race_mart ビューを再作成しました
2026-05-24 10:13:36,841 [INFO] マイグレーション: v_analytics ビューを再作成しました
2026-05-24 10:13:36,841 [INFO] マイグレーション #15: インデックス idx_pred_model_ev を作成（または確認）しました
2026-05-24 10:13:36,841 [INFO] マイグレーション #15: インデックス idx_pred_race_model を作成（または確認）しました
2026-05-24 10:13:36,841 [INFO] マイグレーション #15: インデックス idx_tc_horse_date を作成（または確認）しました
2026-05-24 10:13:36,841 [INFO] マイグレーション #15: インデックス idx_hc_horse_date を作成（または確認）しました
2026-05-24 10:13:36,841 [INFO] マイグレーション #15: インデックス idx_rr_horse_race を作成（または確認）しました
2026-05-24 10:13:36,841 [INFO] マイグレーション #15: インデックス idx_pr_pred_hit を作成（または確認）しました
2026-05-24 10:13:36,841 [INFO] DB 初期化完了: C:\dev\horse-racing-ai\data\umalogi.db
2026-05-24 10:13:36,841 [INFO] DB キャッシュ: オッズ=14件 エントリ=14頭 (race_id=202605021005)
2026-05-24 10:13:37,234 [INFO] 特徴量生成 race_id=202605021005: 14 頭 × 92 特徴量
2026-05-24 10:13:37,234 [INFO] 暫定モード: 馬体重欠損=14/14 単勝オッズ欠損=0/14 — NaN のまま推論
2026-05-24 10:13:37,301 [INFO] バンクロール直接指定 (BANKROLL_OVERRIDE): ¥100,000
2026-05-24 10:13:37,348 [INFO] 本命買い目生成: race_id=202605021005 7 件 (上位3頭)
2026-05-24 10:13:37,348 [INFO] ROIフィルター: 202605021005 — 4件除外（残3件）除外券種=['ワイド', '三連複', '馬単', '馬連']
2026-05-24 10:13:37,349 [INFO] ROIフィルター[条件付き許可]: 202605021005 — 本命三連単 1件 発注承認 ['EV6.00']
2026-05-24 10:13:37,349 [INFO] 暫定モード: 卍ベット生成スキップ — オッズ未取得 (race_id=202605021005)
2026-05-24 10:13:37,349 [INFO] [AIウマスギ] ROIフィルター適用完了: 202605021005  本命=3件 卍=0件
2026-05-24 10:13:37,349 [INFO] 予想保存: prediction_id=40508 race_id=202605021005 model=本命(暫定) bet=複勝
2026-05-24 10:13:37,349 [INFO] 予想保存: prediction_id=40509 race_id=202605021005 model=本命(暫定) bet=単勝
2026-05-24 10:13:37,350 [INFO] 予想保存: prediction_id=40510 race_id=202605021005 model=本命(暫定) bet=三連単
2026-05-24 10:13:37,353 [INFO] 予想保存: prediction_id=40511 race_id=202605021005 model=本命(暫定) bet=馬分析
2026-05-24 10:13:37,356 [INFO] JSON 出力: C:\dev\horse-racing-ai\data\predictions\202605021005.json
2026-05-24 10:13:37,357 [INFO] 暫定パイプライン完了: race_id=202605021005 本命3件 卍0件 Alpha0件
2026-05-24 10:13:37,364 [INFO] 暫定パイプライン開始: race_id=202605021006
2026-05-24 10:13:37,414 [INFO] マイグレーション: v_race_mart ビューを再作成しました
2026-05-24 10:13:37,753 [INFO] マイグレーション: v_analytics ビューを再作成しました
2026-05-24 10:13:37,754 [INFO] マイグレーション #15: インデックス idx_pred_model_ev を作成（または確認）しました
2026-05-24 10:13:37,754 [INFO] マイグレーション #15: インデックス idx_pred_race_model を作成（または確認）しました
2026-05-24 10:13:37,754 [INFO] マイグレーション #15: インデックス idx_tc_horse_date を作成（または確認）しました
2026-05-24 10:13:37,754 [INFO] マイグレーション #15: インデックス idx_hc_horse_date を作成（または確認）しました
2026-05-24 10:13:37,754 [INFO] マイグレーション #15: インデックス idx_rr_horse_race を作成（または確認）しました
2026-05-24 10:13:37,754 [INFO] マイグレーション #15: インデックス idx_pr_pred_hit を作成（または確認）しました
2026-05-24 10:13:37,754 [INFO] DB 初期化完了: C:\dev\horse-racing-ai\data\umalogi.db
2026-05-24 10:13:37,754 [INFO] DB キャッシュ: オッズ=14件 エントリ=14頭 (race_id=202605021006)
2026-05-24 10:13:38,054 [INFO] 特徴量生成 race_id=202605021006: 14 頭 × 92 特徴量
2026-05-24 10:13:38,055 [INFO] 暫定モード: 馬体重欠損=14/14 単勝オッズ欠損=0/14 — NaN のまま推論
2026-05-24 10:13:38,084 [INFO] バンクロール直接指定 (BANKROLL_OVERRIDE): ¥100,000
2026-05-24 10:13:38,170 [INFO] 本命買い目生成: race_id=202605021006 7 件 (上位3頭)
2026-05-24 10:13:38,171 [INFO] ROIフィルター: 202605021006 — 4件除外（残3件）除外券種=['ワイド', '三連複', '馬単', '馬連']
2026-05-24 10:13:38,171 [INFO] ROIフィルター[条件付き許可]: 202605021006 — 本命三連単 1件 発注承認 ['EV6.00']
2026-05-24 10:13:38,171 [INFO] 暫定モード: 卍ベット生成スキップ — オッズ未取得 (race_id=202605021006)
2026-05-24 10:13:38,171 [INFO] [AIウマスギ] ROIフィルター適用完了: 202605021006  本命=3件 卍=0件
2026-05-24 10:13:38,171 [INFO] 予想保存: prediction_id=40512 race_id=202605021006 model=本命(暫定) bet=複勝
2026-05-24 10:13:38,173 [INFO] 予想保存: prediction_id=40513 race_id=202605021006 model=本命(暫定) bet=単勝
2026-05-24 10:13:38,183 [INFO] 予想保存: prediction_id=40514 race_id=202605021006 model=本命(暫定) bet=三連単
2026-05-24 10:13:38,186 [INFO] 予想保存: prediction_id=40515 race_id=202605021006 model=本命(暫定) bet=馬分析
2026-05-24 10:13:38,189 [INFO] JSON 出力: C:\dev\horse-racing-ai\data\predictions\202605021006.json
2026-05-24 10:13:38,189 [INFO] 暫定パイプライン完了: race_id=202605021006 本命3件 卍0件 Alpha0件
2026-05-24 10:13:38,196 [INFO] 暫定パイプライン開始: race_id=202605021007
2026-05-24 10:13:38,237 [INFO] マイグレーション: v_race_mart ビューを再作成しました
2026-05-24 10:13:38,567 [INFO] マイグレーション: v_analytics ビューを再作成しました
2026-05-24 10:13:38,568 [INFO] マイグレーション #15: インデックス idx_pred_model_ev を作成（または確認）しました
2026-05-24 10:13:38,568 [INFO] マイグレーション #15: インデックス idx_pred_race_model を作成（または確認）しました
2026-05-24 10:13:38,568 [INFO] マイグレーション #15: インデックス idx_tc_horse_date を作成（または確認）しました
2026-05-24 10:13:38,568 [INFO] マイグレーション #15: インデックス idx_hc_horse_date を作成（または確認）しました
2026-05-24 10:13:38,568 [INFO] マイグレーション #15: インデックス idx_rr_horse_race を作成（または確認）しました
2026-05-24 10:13:38,568 [INFO] マイグレーション #15: インデックス idx_pr_pred_hit を作成（または確認）しました
2026-05-24 10:13:38,568 [INFO] DB 初期化完了: C:\dev\horse-racing-ai\data\umalogi.db
2026-05-24 10:13:38,568 [INFO] DB キャッシュ: オッズ=17件 エントリ=17頭 (race_id=202605021007)
2026-05-24 10:13:38,811 [INFO] 特徴量生成 race_id=202605021007: 17 頭 × 92 特徴量
2026-05-24 10:13:38,812 [INFO] 暫定モード: 馬体重欠損=17/17 単勝オッズ欠損=0/17 — NaN のまま推論
2026-05-24 10:13:38,869 [INFO] バンクロール直接指定 (BANKROLL_OVERRIDE): ¥100,000
2026-05-24 10:13:38,920 [INFO] 本命買い目生成: race_id=202605021007 7 件 (上位3頭)
2026-05-24 10:13:38,920 [INFO] ROIフィルター: 202605021007 — 4件除外（残3件）除外券種=['ワイド', '三連複', '馬単', '馬連']
2026-05-24 10:13:38,920 [INFO] ROIフィルター[条件付き許可]: 202605021007 — 本命三連単 1件 発注承認 ['EV3.73']
2026-05-24 10:13:38,920 [INFO] 暫定モード: 卍ベット生成スキップ — オッズ未取得 (race_id=202605021007)
2026-05-24 10:13:38,920 [INFO] [AIウマスギ] ROIフィルター適用完了: 202605021007  本命=3件 卍=0件
2026-05-24 10:13:38,921 [INFO] 予想保存: prediction_id=40516 race_id=202605021007 model=本命(暫定) bet=複勝
2026-05-24 10:13:38,921 [INFO] 予想保存: prediction_id=40517 race_id=202605021007 model=本命(暫定) bet=単勝
2026-05-24 10:13:38,922 [INFO] 予想保存: prediction_id=40518 race_id=202605021007 model=本命(暫定) bet=三連単
2026-05-24 10:13:38,925 [INFO] 予想保存: prediction_id=40519 race_id=202605021007 model=本命(暫定) bet=馬分析
2026-05-24 10:13:38,938 [INFO] JSON 出力: C:\dev\horse-racing-ai\data\predictions\202605021007.json
2026-05-24 10:13:38,938 [INFO] 暫定パイプライン完了: race_id=202605021007 本命3件 卍0件 Alpha0件
2026-05-24 10:13:38,944 [INFO] 暫定パイプライン開始: race_id=202605021008
2026-05-24 10:13:38,986 [INFO] マイグレーション: v_race_mart ビューを再作成しました
2026-05-24 10:13:39,288 [INFO] マイグレーション: v_analytics ビューを再作成しました
2026-05-24 10:13:39,289 [INFO] マイグレーション #15: インデックス idx_pred_model_ev を作成（または確認）しました
2026-05-24 10:13:39,289 [INFO] マイグレーション #15: インデックス idx_pred_race_model を作成（または確認）しました
2026-05-24 10:13:39,290 [INFO] マイグレーション #15: インデックス idx_tc_horse_date を作成（または確認）しました
2026-05-24 10:13:39,291 [INFO] マイグレーション #15: インデックス idx_hc_horse_date を作成（または確認）しました
2026-05-24 10:13:39,291 [INFO] マイグレーション #15: インデックス idx_rr_horse_race を作成（または確認）しました
2026-05-24 10:13:39,291 [INFO] マイグレーション #15: インデックス idx_pr_pred_hit を作成（または確認）しました
2026-05-24 10:13:39,291 [INFO] DB 初期化完了: C:\dev\horse-racing-ai\data\umalogi.db
2026-05-24 10:13:39,291 [INFO] DB キャッシュ: オッズ=16件 エントリ=16頭 (race_id=202605021008)
2026-05-24 10:13:39,545 [INFO] 特徴量生成 race_id=202605021008: 16 頭 × 92 特徴量
2026-05-24 10:13:39,545 [INFO] 暫定モード: 馬体重欠損=16/16 単勝オッズ欠損=0/16 — NaN のまま推論
2026-05-24 10:13:39,607 [INFO] バンクロール直接指定 (BANKROLL_OVERRIDE): ¥100,000
2026-05-24 10:13:39,652 [INFO] 本命買い目生成: race_id=202605021008 7 件 (上位3頭)
2026-05-24 10:13:39,652 [INFO] ROIフィルター: 202605021008 — 4件除外（残3件）除外券種=['ワイド', '三連複', '馬単', '馬連']
2026-05-24 10:13:39,652 [INFO] ROIフィルター[条件付き許可]: 202605021008 — 本命三連単 1件 発注承認 ['EV6.00']
2026-05-24 10:13:39,652 [INFO] 暫定モード: 卍ベット生成スキップ — オッズ未取得 (race_id=202605021008)
2026-05-24 10:13:39,653 [INFO] [AIウマスギ] ROIフィルター適用完了: 202605021008  本命=3件 卍=0件
2026-05-24 10:13:39,653 [INFO] 予想保存: prediction_id=40520 race_id=202605021008 model=本命(暫定) bet=複勝
2026-05-24 10:13:39,653 [INFO] 予想保存: prediction_id=40521 race_id=202605021008 model=本命(暫定) bet=単勝
2026-05-24 10:13:39,654 [INFO] 予想保存: prediction_id=40522 race_id=202605021008 model=本命(暫定) bet=三連単
2026-05-24 10:13:39,656 [INFO] 予想保存: prediction_id=40523 race_id=202605021008 model=本命(暫定) bet=馬分析
2026-05-24 10:13:39,661 [INFO] JSON 出力: C:\dev\horse-racing-ai\data\predictions\202605021008.json
2026-05-24 10:13:39,661 [INFO] 暫定パイプライン完了: race_id=202605021008 本命3件 卍0件 Alpha0件
2026-05-24 10:13:39,668 [INFO] 暫定パイプライン開始: race_id=202605021009
2026-05-24 10:13:39,708 [INFO] マイグレーション: v_race_mart ビューを再作成しました
2026-05-24 10:13:40,021 [INFO] マイグレーション: v_analytics ビューを再作成しました
2026-05-24 10:13:40,022 [INFO] マイグレーション #15: インデックス idx_pred_model_ev を作成（または確認）しました
2026-05-24 10:13:40,022 [INFO] マイグレーション #15: インデックス idx_pred_race_model を作成（または確認）しました
2026-05-24 10:13:40,022 [INFO] マイグレーション #15: インデックス idx_tc_horse_date を作成（または確認）しました
2026-05-24 10:13:40,022 [INFO] マイグレーション #15: インデックス idx_hc_horse_date を作成（または確認）しました
2026-05-24 10:13:40,022 [INFO] マイグレーション #15: インデックス idx_rr_horse_race を作成（または確認）しました
2026-05-24 10:13:40,022 [INFO] マイグレーション #15: インデックス idx_pr_pred_hit を作成（または確認）しました
2026-05-24 10:13:40,022 [INFO] DB 初期化完了: C:\dev\horse-racing-ai\data\umalogi.db
2026-05-24 10:13:40,022 [INFO] DB キャッシュ: オッズ=12件 エントリ=12頭 (race_id=202605021009)
2026-05-24 10:13:40,569 [INFO] 特徴量生成 race_id=202605021009: 12 頭 × 92 特徴量
2026-05-24 10:13:40,570 [INFO] 暫定モード: 馬体重欠損=12/12 単勝オッズ欠損=0/12 — NaN のまま推論
2026-05-24 10:13:40,958 [INFO] バンクロール直接指定 (BANKROLL_OVERRIDE): ¥100,000
2026-05-24 10:13:41,225 [INFO] 本命買い目生成: race_id=202605021009 7 件 (上位3頭)
2026-05-24 10:13:41,225 [INFO] ROIフィルター: 202605021009 — 4件除外（残3件）除外券種=['ワイド', '三連複', '馬単', '馬連']
2026-05-24 10:13:41,225 [INFO] ROIフィルター[条件付き許可]: 202605021009 — 本命三連単 1件 発注承認 ['EV6.00']
2026-05-24 10:13:41,225 [INFO] 暫定モード: 卍ベット生成スキップ — オッズ未取得 (race_id=202605021009)
2026-05-24 10:13:41,225 [INFO] [AIウマスギ] ROIフィルター適用完了: 202605021009  本命=3件 卍=0件
2026-05-24 10:13:41,226 [INFO] 予想保存: prediction_id=40524 race_id=202605021009 model=本命(暫定) bet=複勝
2026-05-24 10:13:41,226 [INFO] 予想保存: prediction_id=40525 race_id=202605021009 model=本命(暫定) bet=単勝
2026-05-24 10:13:41,226 [INFO] 予想保存: prediction_id=40526 race_id=202605021009 model=本命(暫定) bet=三連単
2026-05-24 10:13:41,229 [INFO] 予想保存: prediction_id=40527 race_id=202605021009 model=本命(暫定) bet=馬分析
2026-05-24 10:13:41,232 [INFO] JSON 出力: C:\dev\horse-racing-ai\data\predictions\202605021009.json
2026-05-24 10:13:41,232 [INFO] 暫定パイプライン完了: race_id=202605021009 本命3件 卍0件 Alpha0件
2026-05-24 10:13:41,238 [INFO] 暫定パイプライン開始: race_id=202605021010
2026-05-24 10:13:41,362 [INFO] マイグレーション: v_race_mart ビューを再作成しました
2026-05-24 10:13:41,797 [INFO] マイグレーション: v_analytics ビューを再作成しました
2026-05-24 10:13:41,797 [INFO] マイグレーション #15: インデックス idx_pred_model_ev を作成（または確認）しました
2026-05-24 10:13:41,797 [INFO] マイグレーション #15: インデックス idx_pred_race_model を作成（または確認）しました
2026-05-24 10:13:41,797 [INFO] マイグレーション #15: インデックス idx_tc_horse_date を作成（または確認）しました
2026-05-24 10:13:41,797 [INFO] マイグレーション #15: インデックス idx_hc_horse_date を作成（または確認）しました
2026-05-24 10:13:41,797 [INFO] マイグレーション #15: インデックス idx_rr_horse_race を作成（または確認）しました
2026-05-24 10:13:41,797 [INFO] マイグレーション #15: インデックス idx_pr_pred_hit を作成（または確認）しました
2026-05-24 10:13:41,798 [INFO] DB 初期化完了: C:\dev\horse-racing-ai\data\umalogi.db
2026-05-24 10:13:41,798 [INFO] DB キャッシュ: オッズ=14件 エントリ=14頭 (race_id=202605021010)
2026-05-24 10:13:42,175 [INFO] 特徴量生成 race_id=202605021010: 14 頭 × 92 特徴量
2026-05-24 10:13:42,177 [INFO] 暫定モード: 馬体重欠損=14/14 単勝オッズ欠損=0/14 — NaN のまま推論
2026-05-24 10:13:42,194 [INFO] バンクロール直接指定 (BANKROLL_OVERRIDE): ¥100,000
2026-05-24 10:13:42,291 [INFO] 本命買い目生成: race_id=202605021010 7 件 (上位3頭)
2026-05-24 10:13:42,291 [INFO] ROIフィルター: 202605021010 — 4件除外（残3件）除外券種=['ワイド', '三連複', '馬単', '馬連']
2026-05-24 10:13:42,291 [INFO] ROIフィルター[条件付き許可]: 202605021010 — 本命三連単 1件 発注承認 ['EV3.91']
2026-05-24 10:13:42,291 [INFO] 暫定モード: 卍ベット生成スキップ — オッズ未取得 (race_id=202605021010)
2026-05-24 10:13:42,291 [INFO] [AIウマスギ] ROIフィルター適用完了: 202605021010  本命=3件 卍=0件
2026-05-24 10:13:42,291 [INFO] 予想保存: prediction_id=40528 race_id=202605021010 model=本命(暫定) bet=複勝
2026-05-24 10:13:42,292 [INFO] 予想保存: prediction_id=40529 race_id=202605021010 model=本命(暫定) bet=単勝
2026-05-24 10:13:42,292 [INFO] 予想保存: prediction_id=40530 race_id=202605021010 model=本命(暫定) bet=三連単
2026-05-24 10:13:42,295 [INFO] 予想保存: prediction_id=40531 race_id=202605021010 model=本命(暫定) bet=馬分析
2026-05-24 10:13:42,299 [INFO] JSON 出力: C:\dev\horse-racing-ai\data\predictions\202605021010.json
2026-05-24 10:13:42,299 [INFO] 暫定パイプライン完了: race_id=202605021010 本命3件 卍0件 Alpha0件
2026-05-24 10:13:42,306 [INFO] 暫定パイプライン開始: race_id=202605021011
2026-05-24 10:13:42,370 [INFO] マイグレーション: v_race_mart ビューを再作成しました
2026-05-24 10:13:42,786 [INFO] マイグレーション: v_analytics ビューを再作成しました
2026-05-24 10:13:42,786 [INFO] マイグレーション #15: インデックス idx_pred_model_ev を作成（または確認）しました
2026-05-24 10:13:42,786 [INFO] マイグレーション #15: インデックス idx_pred_race_model を作成（または確認）しました
2026-05-24 10:13:42,786 [INFO] マイグレーション #15: インデックス idx_tc_horse_date を作成（または確認）しました
2026-05-24 10:13:42,786 [INFO] マイグレーション #15: インデックス idx_hc_horse_date を作成（または確認）しました
2026-05-24 10:13:42,786 [INFO] マイグレーション #15: インデックス idx_rr_horse_race を作成（または確認）しました
2026-05-24 10:13:42,786 [INFO] マイグレーション #15: インデックス idx_pr_pred_hit を作成（または確認）しました
2026-05-24 10:13:42,786 [INFO] DB 初期化完了: C:\dev\horse-racing-ai\data\umalogi.db
2026-05-24 10:13:42,786 [INFO] DB キャッシュ: オッズ=18件 エントリ=18頭 (race_id=202605021011)
2026-05-24 10:13:43,093 [INFO] 特徴量生成 race_id=202605021011: 18 頭 × 92 特徴量
2026-05-24 10:13:43,094 [INFO] 暫定モード: 馬体重欠損=18/18 単勝オッズ欠損=0/18 — NaN のまま推論
2026-05-24 10:13:43,145 [INFO] バンクロール直接指定 (BANKROLL_OVERRIDE): ¥100,000
2026-05-24 10:13:43,187 [INFO] 本命買い目生成: race_id=202605021011 7 件 (上位3頭)
2026-05-24 10:13:43,187 [INFO] ROIフィルター: 202605021011 — 4件除外（残3件）除外券種=['ワイド', '三連複', '馬単', '馬連']
2026-05-24 10:13:43,188 [INFO] ROIフィルター[条件付き許可]: 202605021011 — 本命三連単 1件 発注承認 ['EV5.47']
2026-05-24 10:13:43,188 [INFO] 暫定モード: 卍ベット生成スキップ — オッズ未取得 (race_id=202605021011)
2026-05-24 10:13:43,188 [INFO] [AIウマスギ] ROIフィルター適用完了: 202605021011  本命=3件 卍=0件
2026-05-24 10:13:43,188 [INFO] 予想保存: prediction_id=40532 race_id=202605021011 model=本命(暫定) bet=複勝
2026-05-24 10:13:43,189 [INFO] 予想保存: prediction_id=40533 race_id=202605021011 model=本命(暫定) bet=単勝
2026-05-24 10:13:43,189 [INFO] 予想保存: prediction_id=40534 race_id=202605021011 model=本命(暫定) bet=三連単
2026-05-24 10:13:43,192 [INFO] 予想保存: prediction_id=40535 race_id=202605021011 model=本命(暫定) bet=馬分析
2026-05-24 10:13:43,200 [INFO] JSON 出力: C:\dev\horse-racing-ai\data\predictions\202605021011.json
2026-05-24 10:13:43,200 [INFO] 暫定パイプライン完了: race_id=202605021011 本命3件 卍0件 Alpha0件
2026-05-24 10:13:43,207 [INFO] 暫定パイプライン開始: race_id=202605021012
2026-05-24 10:13:43,243 [INFO] マイグレーション: v_race_mart ビューを再作成しました
2026-05-24 10:13:43,614 [INFO] マイグレーション: v_analytics ビューを再作成しました
2026-05-24 10:13:43,614 [INFO] マイグレーション #15: インデックス idx_pred_model_ev を作成（または確認）しました
2026-05-24 10:13:43,614 [INFO] マイグレーション #15: インデックス idx_pred_race_model を作成（または確認）しました
2026-05-24 10:13:43,614 [INFO] マイグレーション #15: インデックス idx_tc_horse_date を作成（または確認）しました
2026-05-24 10:13:43,614 [INFO] マイグレーション #15: インデックス idx_hc_horse_date を作成（または確認）しました
2026-05-24 10:13:43,615 [INFO] マイグレーション #15: インデックス idx_rr_horse_race を作成（または確認）しました
2026-05-24 10:13:43,615 [INFO] マイグレーション #15: インデックス idx_pr_pred_hit を作成（または確認）しました
2026-05-24 10:13:43,615 [INFO] DB 初期化完了: C:\dev\horse-racing-ai\data\umalogi.db
2026-05-24 10:13:43,615 [INFO] DB キャッシュ: オッズ=16件 エントリ=16頭 (race_id=202605021012)
2026-05-24 10:13:43,915 [INFO] 特徴量生成 race_id=202605021012: 16 頭 × 92 特徴量
2026-05-24 10:13:43,915 [INFO] 暫定モード: 馬体重欠損=16/16 単勝オッズ欠損=0/16 — NaN のまま推論
2026-05-24 10:13:43,926 [INFO] バンクロール直接指定 (BANKROLL_OVERRIDE): ¥100,000
2026-05-24 10:13:43,972 [INFO] 本命買い目生成: race_id=202605021012 7 件 (上位3頭)
2026-05-24 10:13:43,972 [INFO] ROIフィルター: 202605021012 — 4件除外（残3件）除外券種=['ワイド', '三連複', '馬単', '馬連']
2026-05-24 10:13:43,972 [INFO] ROIフィルター[条件付き許可]: 202605021012 — 本命三連単 1件 発注承認 ['EV6.00']
2026-05-24 10:13:43,972 [INFO] 暫定モード: 卍ベット生成スキップ — オッズ未取得 (race_id=202605021012)
2026-05-24 10:13:43,972 [INFO] [AIウマスギ] ROIフィルター適用完了: 202605021012  本命=3件 卍=0件
2026-05-24 10:13:43,973 [INFO] 予想保存: prediction_id=40536 race_id=202605021012 model=本命(暫定) bet=複勝
2026-05-24 10:13:43,973 [INFO] 予想保存: prediction_id=40537 race_id=202605021012 model=本命(暫定) bet=単勝
2026-05-24 10:13:43,973 [INFO] 予想保存: prediction_id=40538 race_id=202605021012 model=本命(暫定) bet=三連単
2026-05-24 10:13:43,976 [INFO] 予想保存: prediction_id=40539 race_id=202605021012 model=本命(暫定) bet=馬分析
2026-05-24 10:13:43,980 [INFO] JSON 出力: C:\dev\horse-racing-ai\data\predictions\202605021012.json
2026-05-24 10:13:43,980 [INFO] 暫定パイプライン完了: race_id=202605021012 本命3件 卍0件 Alpha0件
2026-05-24 10:13:43,986 [INFO] 暫定パイプライン開始: race_id=202608031001
2026-05-24 10:13:44,024 [INFO] マイグレーション: v_race_mart ビューを再作成しました
2026-05-24 10:13:44,307 [INFO] マイグレーション: v_analytics ビューを再作成しました
2026-05-24 10:13:44,308 [INFO] マイグレーション #15: インデックス idx_pred_model_ev を作成（または確認）しました
2026-05-24 10:13:44,308 [INFO] マイグレーション #15: インデックス idx_pred_race_model を作成（または確認）しました
2026-05-24 10:13:44,308 [INFO] マイグレーション #15: インデックス idx_tc_horse_date を作成（または確認）しました
2026-05-24 10:13:44,308 [INFO] マイグレーション #15: インデックス idx_hc_horse_date を作成（または確認）しました
2026-05-24 10:13:44,308 [INFO] マイグレーション #15: インデックス idx_rr_horse_race を作成（または確認）しました
2026-05-24 10:13:44,308 [INFO] マイグレーション #15: インデックス idx_pr_pred_hit を作成（または確認）しました
2026-05-24 10:13:44,308 [INFO] DB 初期化完了: C:\dev\horse-racing-ai\data\umalogi.db
2026-05-24 10:13:44,309 [INFO] DB キャッシュ: オッズ=16件 エントリ=16頭 (race_id=202608031001)
2026-05-24 10:13:44,664 [INFO] 特徴量生成 race_id=202608031001: 16 頭 × 92 特徴量
2026-05-24 10:13:44,665 [INFO] 暫定モード: 馬体重欠損=16/16 単勝オッズ欠損=0/16 — NaN のまま推論
2026-05-24 10:13:44,666 [WARNING] データ検証: 202608031001 — センチネルオッズ 1頭 (計16頭) 馬番=[12]
2026-05-24 10:13:44,666 [INFO] filter_sentinel_horses: 202608031001 — 1頭除外 → 15頭残存
2026-05-24 10:13:44,666 [INFO] センチネル除外 (race_id=202608031001): 1頭除外 → 15頭で推論
2026-05-24 10:13:44,729 [INFO] バンクロール直接指定 (BANKROLL_OVERRIDE): ¥100,000
2026-05-24 10:13:44,823 [INFO] 本命買い目生成: race_id=202608031001 7 件 (上位3頭)
2026-05-24 10:13:44,823 [INFO] ROIフィルター: 202608031001 — 4件除外（残3件）除外券種=['ワイド', '三連複', '馬単', '馬連']
2026-05-24 10:13:44,823 [INFO] ROIフィルター[条件付き許可]: 202608031001 — 本命三連単 1件 発注承認 ['EV3.10']
2026-05-24 10:13:44,823 [INFO] 暫定モード: 卍ベット生成スキップ — オッズ未取得 (race_id=202608031001)
2026-05-24 10:13:44,824 [INFO] [AIウマスギ] ROIフィルター適用完了: 202608031001  本命=3件 卍=0件
2026-05-24 10:13:44,826 [INFO] 予想保存: prediction_id=40540 race_id=202608031001 model=本命(暫定) bet=複勝
2026-05-24 10:13:44,826 [INFO] 予想保存: prediction_id=40541 race_id=202608031001 model=本命(暫定) bet=単勝
2026-05-24 10:13:44,826 [INFO] 予想保存: prediction_id=40542 race_id=202608031001 model=本命(暫定) bet=三連単
2026-05-24 10:13:44,831 [INFO] 予想保存: prediction_id=40543 race_id=202608031001 model=本命(暫定) bet=馬分析
2026-05-24 10:13:44,849 [INFO] JSON 出力: C:\dev\horse-racing-ai\data\predictions\202608031001.json
2026-05-24 10:13:44,849 [INFO] 暫定パイプライン完了: race_id=202608031001 本命3件 卍0件 Alpha0件
2026-05-24 10:13:44,854 [INFO] 暫定パイプライン開始: race_id=202608031002
2026-05-24 10:13:44,933 [INFO] マイグレーション: v_race_mart ビューを再作成しました
2026-05-24 10:13:45,305 [INFO] マイグレーション: v_analytics ビューを再作成しました
2026-05-24 10:13:45,305 [INFO] マイグレーション #15: インデックス idx_pred_model_ev を作成（または確認）しました
2026-05-24 10:13:45,305 [INFO] マイグレーション #15: インデックス idx_pred_race_model を作成（または確認）しました
2026-05-24 10:13:45,305 [INFO] マイグレーション #15: インデックス idx_tc_horse_date を作成（または確認）しました
2026-05-24 10:13:45,305 [INFO] マイグレーション #15: インデックス idx_hc_horse_date を作成（または確認）しました
2026-05-24 10:13:45,305 [INFO] マイグレーション #15: インデックス idx_rr_horse_race を作成（または確認）しました
2026-05-24 10:13:45,305 [INFO] マイグレーション #15: インデックス idx_pr_pred_hit を作成（または確認）しました
2026-05-24 10:13:45,305 [INFO] DB 初期化完了: C:\dev\horse-racing-ai\data\umalogi.db
2026-05-24 10:13:45,305 [INFO] DB キャッシュ: オッズ=13件 エントリ=13頭 (race_id=202608031002)
2026-05-24 10:13:45,650 [INFO] 特徴量生成 race_id=202608031002: 13 頭 × 92 特徴量
2026-05-24 10:13:45,651 [INFO] 暫定モード: 馬体重欠損=13/13 単勝オッズ欠損=0/13 — NaN のまま推論
2026-05-24 10:13:45,735 [INFO] バンクロール直接指定 (BANKROLL_OVERRIDE): ¥100,000
2026-05-24 10:13:45,923 [INFO] 本命買い目生成: race_id=202608031002 7 件 (上位3頭)
2026-05-24 10:13:45,933 [INFO] ROIフィルター: 202608031002 — 4件除外（残3件）除外券種=['ワイド', '三連複', '馬単', '馬連']
2026-05-24 10:13:45,933 [INFO] ROIフィルター[条件付き許可]: 202608031002 — 本命三連単 1件 発注承認 ['EV6.00']
2026-05-24 10:13:45,933 [INFO] 暫定モード: 卍ベット生成スキップ — オッズ未取得 (race_id=202608031002)
2026-05-24 10:13:45,933 [INFO] [AIウマスギ] ROIフィルター適用完了: 202608031002  本命=3件 卍=0件
2026-05-24 10:13:45,934 [INFO] 予想保存: prediction_id=40544 race_id=202608031002 model=本命(暫定) bet=複勝
2026-05-24 10:13:45,935 [INFO] 予想保存: prediction_id=40545 race_id=202608031002 model=本命(暫定) bet=単勝
2026-05-24 10:13:45,936 [INFO] 予想保存: prediction_id=40546 race_id=202608031002 model=本命(暫定) bet=三連単
2026-05-24 10:13:45,940 [INFO] 予想保存: prediction_id=40547 race_id=202608031002 model=本命(暫定) bet=馬分析
2026-05-24 10:13:45,944 [INFO] JSON 出力: C:\dev\horse-racing-ai\data\predictions\202608031002.json
2026-05-24 10:13:45,944 [INFO] 暫定パイプライン完了: race_id=202608031002 本命3件 卍0件 Alpha0件
2026-05-24 10:13:45,958 [INFO] 暫定パイプライン開始: race_id=202608031003
2026-05-24 10:13:46,017 [INFO] マイグレーション: v_race_mart ビューを再作成しました
2026-05-24 10:13:46,263 [INFO] マイグレーション: v_analytics ビューを再作成しました
2026-05-24 10:13:46,263 [INFO] マイグレーション #15: インデックス idx_pred_model_ev を作成（または確認）しました
2026-05-24 10:13:46,264 [INFO] マイグレーション #15: インデックス idx_pred_race_model を作成（または確認）しました
2026-05-24 10:13:46,264 [INFO] マイグレーション #15: インデックス idx_tc_horse_date を作成（または確認）しました
2026-05-24 10:13:46,264 [INFO] マイグレーション #15: インデックス idx_hc_horse_date を作成（または確認）しました
2026-05-24 10:13:46,264 [INFO] マイグレーション #15: インデックス idx_rr_horse_race を作成（または確認）しました
2026-05-24 10:13:46,264 [INFO] マイグレーション #15: インデックス idx_pr_pred_hit を作成（または確認）しました
2026-05-24 10:13:46,264 [INFO] DB 初期化完了: C:\dev\horse-racing-ai\data\umalogi.db
2026-05-24 10:13:46,264 [INFO] DB キャッシュ: オッズ=18件 エントリ=18頭 (race_id=202608031003)
2026-05-24 10:13:46,501 [INFO] 特徴量生成 race_id=202608031003: 18 頭 × 92 特徴量
2026-05-24 10:13:46,501 [INFO] 暫定モード: 馬体重欠損=18/18 単勝オッズ欠損=0/18 — NaN のまま推論
2026-05-24 10:13:46,569 [INFO] バンクロール直接指定 (BANKROLL_OVERRIDE): ¥100,000
2026-05-24 10:13:46,626 [INFO] 本命買い目生成: race_id=202608031003 7 件 (上位3頭)
2026-05-24 10:13:46,626 [INFO] ROIフィルター: 202608031003 — 4件除外（残3件）除外券種=['ワイド', '三連複', '馬単', '馬連']
2026-05-24 10:13:46,626 [INFO] ROIフィルター[条件付き許可]: 202608031003 — 本命三連単 1件 発注承認 ['EV4.72']
2026-05-24 10:13:46,626 [INFO] 暫定モード: 卍ベット生成スキップ — オッズ未取得 (race_id=202608031003)
2026-05-24 10:13:46,626 [INFO] [AIウマスギ] ROIフィルター適用完了: 202608031003  本命=3件 卍=0件
2026-05-24 10:13:46,627 [INFO] 予想保存: prediction_id=40548 race_id=202608031003 model=本命(暫定) bet=複勝
2026-05-24 10:13:46,632 [INFO] 予想保存: prediction_id=40549 race_id=202608031003 model=本命(暫定) bet=単勝
2026-05-24 10:13:46,633 [INFO] 予想保存: prediction_id=40550 race_id=202608031003 model=本命(暫定) bet=三連単
2026-05-24 10:13:46,636 [INFO] 予想保存: prediction_id=40551 race_id=202608031003 model=本命(暫定) bet=馬分析
2026-05-24 10:13:46,649 [INFO] JSON 出力: C:\dev\horse-racing-ai\data\predictions\202608031003.json
2026-05-24 10:13:46,649 [INFO] 暫定パイプライン完了: race_id=202608031003 本命3件 卍0件 Alpha0件
2026-05-24 10:13:46,655 [INFO] 暫定パイプライン開始: race_id=202608031004
2026-05-24 10:13:46,697 [INFO] マイグレーション: v_race_mart ビューを再作成しました
2026-05-24 10:13:46,979 [INFO] マイグレーション: v_analytics ビューを再作成しました
2026-05-24 10:13:46,979 [INFO] マイグレーション #15: インデックス idx_pred_model_ev を作成（または確認）しました
2026-05-24 10:13:46,979 [INFO] マイグレーション #15: インデックス idx_pred_race_model を作成（または確認）しました
2026-05-24 10:13:46,979 [INFO] マイグレーション #15: インデックス idx_tc_horse_date を作成（または確認）しました
2026-05-24 10:13:46,979 [INFO] マイグレーション #15: インデックス idx_hc_horse_date を作成（または確認）しました
2026-05-24 10:13:46,979 [INFO] マイグレーション #15: インデックス idx_rr_horse_race を作成（または確認）しました
2026-05-24 10:13:46,980 [INFO] マイグレーション #15: インデックス idx_pr_pred_hit を作成（または確認）しました
2026-05-24 10:13:46,980 [INFO] DB 初期化完了: C:\dev\horse-racing-ai\data\umalogi.db
2026-05-24 10:13:46,980 [INFO] DB キャッシュ: オッズ=10件 エントリ=10頭 (race_id=202608031004)
2026-05-24 10:13:47,250 [INFO] 特徴量生成 race_id=202608031004: 10 頭 × 92 特徴量
2026-05-24 10:13:47,251 [INFO] 暫定モード: 馬体重欠損=10/10 単勝オッズ欠損=0/10 — NaN のまま推論
2026-05-24 10:13:47,316 [INFO] バンクロール直接指定 (BANKROLL_OVERRIDE): ¥100,000
2026-05-24 10:13:47,398 [INFO] 本命買い目生成: race_id=202608031004 7 件 (上位3頭)
2026-05-24 10:13:47,398 [INFO] ROIフィルター: 202608031004 — 4件除外（残3件）除外券種=['ワイド', '三連複', '馬単', '馬連']
2026-05-24 10:13:47,398 [INFO] ROIフィルター[条件付き許可]: 202608031004 — 本命三連単 1件 発注承認 ['EV6.00']
2026-05-24 10:13:47,398 [INFO] 暫定モード: 卍ベット生成スキップ — オッズ未取得 (race_id=202608031004)
2026-05-24 10:13:47,398 [INFO] [AIウマスギ] ROIフィルター適用完了: 202608031004  本命=3件 卍=0件
2026-05-24 10:13:47,399 [INFO] 予想保存: prediction_id=40552 race_id=202608031004 model=本命(暫定) bet=複勝
2026-05-24 10:13:47,399 [INFO] 予想保存: prediction_id=40553 race_id=202608031004 model=本命(暫定) bet=単勝
2026-05-24 10:13:47,400 [INFO] 予想保存: prediction_id=40554 race_id=202608031004 model=本命(暫定) bet=三連単
2026-05-24 10:13:47,403 [INFO] 予想保存: prediction_id=40555 race_id=202608031004 model=本命(暫定) bet=馬分析
2026-05-24 10:13:47,411 [INFO] JSON 出力: C:\dev\horse-racing-ai\data\predictions\202608031004.json
2026-05-24 10:13:47,411 [INFO] 暫定パイプライン完了: race_id=202608031004 本命3件 卍0件 Alpha0件
2026-05-24 10:13:47,418 [INFO] 暫定パイプライン開始: race_id=202608031005
2026-05-24 10:13:47,479 [INFO] マイグレーション: v_race_mart ビューを再作成しました
2026-05-24 10:13:47,895 [INFO] マイグレーション: v_analytics ビューを再作成しました
2026-05-24 10:13:47,895 [INFO] マイグレーション #15: インデックス idx_pred_model_ev を作成（または確認）しました
2026-05-24 10:13:47,896 [INFO] マイグレーション #15: インデックス idx_pred_race_model を作成（または確認）しました
2026-05-24 10:13:47,896 [INFO] マイグレーション #15: インデックス idx_tc_horse_date を作成（または確認）しました
2026-05-24 10:13:47,896 [INFO] マイグレーション #15: インデックス idx_hc_horse_date を作成（または確認）しました
2026-05-24 10:13:47,896 [INFO] マイグレーション #15: インデックス idx_rr_horse_race を作成（または確認）しました
2026-05-24 10:13:47,896 [INFO] マイグレーション #15: インデックス idx_pr_pred_hit を作成（または確認）しました
2026-05-24 10:13:47,896 [INFO] DB 初期化完了: C:\dev\horse-racing-ai\data\umalogi.db
2026-05-24 10:13:47,896 [INFO] DB キャッシュ: オッズ=9件 エントリ=9頭 (race_id=202608031005)
2026-05-24 10:13:48,115 [INFO] 特徴量生成 race_id=202608031005: 9 頭 × 92 特徴量
2026-05-24 10:13:48,116 [INFO] 暫定モード: 馬体重欠損=9/9 単勝オッズ欠損=0/9 — NaN のまま推論
2026-05-24 10:13:48,196 [INFO] バンクロール直接指定 (BANKROLL_OVERRIDE): ¥100,000
2026-05-24 10:13:48,272 [INFO] 本命買い目生成: race_id=202608031005 7 件 (上位3頭)
2026-05-24 10:13:48,272 [INFO] ROIフィルター: 202608031005 — 4件除外（残3件）除外券種=['ワイド', '三連複', '馬単', '馬連']
2026-05-24 10:13:48,273 [INFO] ROIフィルター[条件付き許可]: 202608031005 — 本命三連単 1件 発注承認 ['EV5.87']
2026-05-24 10:13:48,273 [INFO] 暫定モード: 卍ベット生成スキップ — オッズ未取得 (race_id=202608031005)
2026-05-24 10:13:48,273 [INFO] [AIウマスギ] ROIフィルター適用完了: 202608031005  本命=3件 卍=0件
2026-05-24 10:13:48,275 [INFO] 予想保存: prediction_id=40556 race_id=202608031005 model=本命(暫定) bet=複勝
2026-05-24 10:13:48,277 [INFO] 予想保存: prediction_id=40557 race_id=202608031005 model=本命(暫定) bet=単勝
2026-05-24 10:13:48,277 [INFO] 予想保存: prediction_id=40558 race_id=202608031005 model=本命(暫定) bet=三連単
2026-05-24 10:13:48,281 [INFO] 予想保存: prediction_id=40559 race_id=202608031005 model=本命(暫定) bet=馬分析
2026-05-24 10:13:48,287 [INFO] JSON 出力: C:\dev\horse-racing-ai\data\predictions\202608031005.json
2026-05-24 10:13:48,287 [INFO] 暫定パイプライン完了: race_id=202608031005 本命3件 卍0件 Alpha0件
2026-05-24 10:13:48,293 [INFO] 暫定パイプライン開始: race_id=202608031006
2026-05-24 10:13:48,396 [INFO] マイグレーション: v_race_mart ビューを再作成しました
2026-05-24 10:13:48,775 [INFO] マイグレーション: v_analytics ビューを再作成しました
2026-05-24 10:13:48,776 [INFO] マイグレーション #15: インデックス idx_pred_model_ev を作成（または確認）しました
2026-05-24 10:13:48,776 [INFO] マイグレーション #15: インデックス idx_pred_race_model を作成（または確認）しました
2026-05-24 10:13:48,776 [INFO] マイグレーション #15: インデックス idx_tc_horse_date を作成（または確認）しました
2026-05-24 10:13:48,776 [INFO] マイグレーション #15: インデックス idx_hc_horse_date を作成（または確認）しました
2026-05-24 10:13:48,776 [INFO] マイグレーション #15: インデックス idx_rr_horse_race を作成（または確認）しました
2026-05-24 10:13:48,776 [INFO] マイグレーション #15: インデックス idx_pr_pred_hit を作成（または確認）しました
2026-05-24 10:13:48,776 [INFO] DB 初期化完了: C:\dev\horse-racing-ai\data\umalogi.db
2026-05-24 10:13:48,776 [INFO] DB キャッシュ: オッズ=16件 エントリ=16頭 (race_id=202608031006)
2026-05-24 10:13:49,179 [INFO] 特徴量生成 race_id=202608031006: 16 頭 × 92 特徴量
2026-05-24 10:13:49,180 [INFO] 暫定モード: 馬体重欠損=16/16 単勝オッズ欠損=0/16 — NaN のまま推論
2026-05-24 10:13:49,180 [WARNING] データ検証: 202608031006 — センチネルオッズ 1頭 (計16頭) 馬番=[3]
2026-05-24 10:13:49,181 [INFO] filter_sentinel_horses: 202608031006 — 1頭除外 → 15頭残存
2026-05-24 10:13:49,181 [INFO] センチネル除外 (race_id=202608031006): 1頭除外 → 15頭で推論
2026-05-24 10:13:49,204 [INFO] バンクロール直接指定 (BANKROLL_OVERRIDE): ¥100,000
2026-05-24 10:13:49,271 [INFO] 本命買い目生成: race_id=202608031006 7 件 (上位3頭)
2026-05-24 10:13:49,271 [INFO] ROIフィルター: 202608031006 — 4件除外（残3件）除外券種=['ワイド', '三連複', '馬単', '馬連']
2026-05-24 10:13:49,271 [INFO] ROIフィルター[条件付き許可]: 202608031006 — 本命三連単 1件 発注承認 ['EV6.00']
2026-05-24 10:13:49,271 [INFO] 暫定モード: 卍ベット生成スキップ — オッズ未取得 (race_id=202608031006)
2026-05-24 10:13:49,271 [INFO] [AIウマスギ] ROIフィルター適用完了: 202608031006  本命=3件 卍=0件
2026-05-24 10:13:49,272 [INFO] 予想保存: prediction_id=40560 race_id=202608031006 model=本命(暫定) bet=複勝
2026-05-24 10:13:49,273 [INFO] 予想保存: prediction_id=40561 race_id=202608031006 model=本命(暫定) bet=単勝
2026-05-24 10:13:49,274 [INFO] 予想保存: prediction_id=40562 race_id=202608031006 model=本命(暫定) bet=三連単
2026-05-24 10:13:49,277 [INFO] 予想保存: prediction_id=40563 race_id=202608031006 model=本命(暫定) bet=馬分析
2026-05-24 10:13:49,284 [INFO] JSON 出力: C:\dev\horse-racing-ai\data\predictions\202608031006.json
2026-05-24 10:13:49,284 [INFO] 暫定パイプライン完了: race_id=202608031006 本命3件 卍0件 Alpha0件
2026-05-24 10:13:49,291 [INFO] 暫定パイプライン開始: race_id=202608031007
2026-05-24 10:13:49,427 [INFO] マイグレーション: v_race_mart ビューを再作成しました
2026-05-24 10:13:49,731 [INFO] マイグレーション: v_analytics ビューを再作成しました
2026-05-24 10:13:49,732 [INFO] マイグレーション #15: インデックス idx_pred_model_ev を作成（または確認）しました
2026-05-24 10:13:49,732 [INFO] マイグレーション #15: インデックス idx_pred_race_model を作成（または確認）しました
2026-05-24 10:13:49,732 [INFO] マイグレーション #15: インデックス idx_tc_horse_date を作成（または確認）しました
2026-05-24 10:13:49,742 [INFO] マイグレーション #15: インデックス idx_hc_horse_date を作成（または確認）しました
2026-05-24 10:13:49,742 [INFO] マイグレーション #15: インデックス idx_rr_horse_race を作成（または確認）しました
2026-05-24 10:13:49,742 [INFO] マイグレーション #15: インデックス idx_pr_pred_hit を作成（または確認）しました
2026-05-24 10:13:49,742 [INFO] DB 初期化完了: C:\dev\horse-racing-ai\data\umalogi.db
2026-05-24 10:13:49,743 [INFO] DB キャッシュ: オッズ=18件 エントリ=18頭 (race_id=202608031007)
2026-05-24 10:13:50,084 [INFO] 特徴量生成 race_id=202608031007: 18 頭 × 92 特徴量
2026-05-24 10:13:50,085 [INFO] 暫定モード: 馬体重欠損=18/18 単勝オッズ欠損=0/18 — NaN のまま推論
2026-05-24 10:13:50,165 [INFO] バンクロール直接指定 (BANKROLL_OVERRIDE): ¥100,000
2026-05-24 10:13:50,211 [INFO] 本命買い目生成: race_id=202608031007 7 件 (上位3頭)
2026-05-24 10:13:50,211 [INFO] ROIフィルター: 202608031007 — 4件除外（残3件）除外券種=['ワイド', '三連複', '馬単', '馬連']
2026-05-24 10:13:50,211 [INFO] ROIフィルター[条件付き許可]: 202608031007 — 本命三連単 1件 発注承認 ['EV6.00']
2026-05-24 10:13:50,211 [INFO] 暫定モード: 卍ベット生成スキップ — オッズ未取得 (race_id=202608031007)
2026-05-24 10:13:50,212 [INFO] [AIウマスギ] ROIフィルター適用完了: 202608031007  本命=3件 卍=0件
2026-05-24 10:13:50,212 [INFO] 予想保存: prediction_id=40564 race_id=202608031007 model=本命(暫定) bet=複勝
2026-05-24 10:13:50,212 [INFO] 予想保存: prediction_id=40565 race_id=202608031007 model=本命(暫定) bet=単勝
2026-05-24 10:13:50,213 [INFO] 予想保存: prediction_id=40566 race_id=202608031007 model=本命(暫定) bet=三連単
2026-05-24 10:13:50,216 [INFO] 予想保存: prediction_id=40567 race_id=202608031007 model=本命(暫定) bet=馬分析
2026-05-24 10:13:50,243 [INFO] JSON 出力: C:\dev\horse-racing-ai\data\predictions\202608031007.json
2026-05-24 10:13:50,244 [INFO] 暫定パイプライン完了: race_id=202608031007 本命3件 卍0件 Alpha0件
2026-05-24 10:13:50,249 [INFO] 暫定パイプライン開始: race_id=202608031008
2026-05-24 10:13:50,319 [INFO] マイグレーション: v_race_mart ビューを再作成しました
2026-05-24 10:13:50,635 [INFO] マイグレーション: v_analytics ビューを再作成しました
2026-05-24 10:13:50,636 [INFO] マイグレーション #15: インデックス idx_pred_model_ev を作成（または確認）しました
2026-05-24 10:13:50,636 [INFO] マイグレーション #15: インデックス idx_pred_race_model を作成（または確認）しました
2026-05-24 10:13:50,636 [INFO] マイグレーション #15: インデックス idx_tc_horse_date を作成（または確認）しました
2026-05-24 10:13:50,636 [INFO] マイグレーション #15: インデックス idx_hc_horse_date を作成（または確認）しました
2026-05-24 10:13:50,636 [INFO] マイグレーション #15: インデックス idx_rr_horse_race を作成（または確認）しました
2026-05-24 10:13:50,636 [INFO] マイグレーション #15: インデックス idx_pr_pred_hit を作成（または確認）しました
2026-05-24 10:13:50,636 [INFO] DB 初期化完了: C:\dev\horse-racing-ai\data\umalogi.db
2026-05-24 10:13:50,637 [INFO] DB キャッシュ: オッズ=12件 エントリ=12頭 (race_id=202608031008)
2026-05-24 10:13:50,909 [INFO] 特徴量生成 race_id=202608031008: 12 頭 × 92 特徴量
2026-05-24 10:13:50,909 [INFO] 暫定モード: 馬体重欠損=12/12 単勝オッズ欠損=0/12 — NaN のまま推論
2026-05-24 10:13:50,985 [INFO] バンクロール直接指定 (BANKROLL_OVERRIDE): ¥100,000
2026-05-24 10:13:51,028 [INFO] 本命買い目生成: race_id=202608031008 7 件 (上位3頭)
2026-05-24 10:13:51,028 [INFO] ROIフィルター: 202608031008 — 4件除外（残3件）除外券種=['ワイド', '三連複', '馬単', '馬連']
2026-05-24 10:13:51,028 [INFO] ROIフィルター[条件付き許可]: 202608031008 — 本命三連単 1件 発注承認 ['EV4.58']
2026-05-24 10:13:51,029 [INFO] 暫定モード: 卍ベット生成スキップ — オッズ未取得 (race_id=202608031008)
2026-05-24 10:13:51,029 [INFO] [AIウマスギ] ROIフィルター適用完了: 202608031008  本命=3件 卍=0件
2026-05-24 10:13:51,029 [INFO] 予想保存: prediction_id=40568 race_id=202608031008 model=本命(暫定) bet=複勝
2026-05-24 10:13:51,029 [INFO] 予想保存: prediction_id=40569 race_id=202608031008 model=本命(暫定) bet=単勝
2026-05-24 10:13:51,030 [INFO] 予想保存: prediction_id=40570 race_id=202608031008 model=本命(暫定) bet=三連単
2026-05-24 10:13:51,032 [INFO] 予想保存: prediction_id=40571 race_id=202608031008 model=本命(暫定) bet=馬分析
2026-05-24 10:13:51,036 [INFO] JSON 出力: C:\dev\horse-racing-ai\data\predictions\202608031008.json
2026-05-24 10:13:51,036 [INFO] 暫定パイプライン完了: race_id=202608031008 本命3件 卍0件 Alpha0件
2026-05-24 10:13:51,053 [INFO] 暫定パイプライン開始: race_id=202608031009
2026-05-24 10:13:51,112 [INFO] マイグレーション: v_race_mart ビューを再作成しました
2026-05-24 10:13:51,474 [INFO] マイグレーション: v_analytics ビューを再作成しました
2026-05-24 10:13:51,475 [INFO] マイグレーション #15: インデックス idx_pred_model_ev を作成（または確認）しました
2026-05-24 10:13:51,475 [INFO] マイグレーション #15: インデックス idx_pred_race_model を作成（または確認）しました
2026-05-24 10:13:51,475 [INFO] マイグレーション #15: インデックス idx_tc_horse_date を作成（または確認）しました
2026-05-24 10:13:51,475 [INFO] マイグレーション #15: インデックス idx_hc_horse_date を作成（または確認）しました
2026-05-24 10:13:51,475 [INFO] マイグレーション #15: インデックス idx_rr_horse_race を作成（または確認）しました
2026-05-24 10:13:51,475 [INFO] マイグレーション #15: インデックス idx_pr_pred_hit を作成（または確認）しました
2026-05-24 10:13:51,475 [INFO] DB 初期化完了: C:\dev\horse-racing-ai\data\umalogi.db
2026-05-24 10:13:51,475 [INFO] DB キャッシュ: オッズ=11件 エントリ=11頭 (race_id=202608031009)
2026-05-24 10:13:51,834 [INFO] 特徴量生成 race_id=202608031009: 11 頭 × 92 特徴量
2026-05-24 10:13:51,835 [INFO] 暫定モード: 馬体重欠損=11/11 単勝オッズ欠損=0/11 — NaN のまま推論
2026-05-24 10:13:51,898 [INFO] バンクロール直接指定 (BANKROLL_OVERRIDE): ¥100,000
2026-05-24 10:13:51,943 [INFO] 本命買い目生成: race_id=202608031009 7 件 (上位3頭)
2026-05-24 10:13:51,943 [INFO] ROIフィルター: 202608031009 — 4件除外（残3件）除外券種=['ワイド', '三連複', '馬単', '馬連']
2026-05-24 10:13:51,943 [INFO] ROIフィルター[条件付き許可]: 202608031009 — 本命三連単 1件 発注承認 ['EV6.00']
2026-05-24 10:13:51,943 [INFO] 暫定モード: 卍ベット生成スキップ — オッズ未取得 (race_id=202608031009)
2026-05-24 10:13:51,943 [INFO] [AIウマスギ] ROIフィルター適用完了: 202608031009  本命=3件 卍=0件
2026-05-24 10:13:51,944 [INFO] 予想保存: prediction_id=40572 race_id=202608031009 model=本命(暫定) bet=複勝
2026-05-24 10:13:51,944 [INFO] 予想保存: prediction_id=40573 race_id=202608031009 model=本命(暫定) bet=単勝
2026-05-24 10:13:51,945 [INFO] 予想保存: prediction_id=40574 race_id=202608031009 model=本命(暫定) bet=三連単
2026-05-24 10:13:51,947 [INFO] 予想保存: prediction_id=40575 race_id=202608031009 model=本命(暫定) bet=馬分析
2026-05-24 10:13:51,951 [INFO] JSON 出力: C:\dev\horse-racing-ai\data\predictions\202608031009.json
2026-05-24 10:13:51,951 [INFO] 暫定パイプライン完了: race_id=202608031009 本命3件 卍0件 Alpha0件
2026-05-24 10:13:51,957 [INFO] 暫定パイプライン開始: race_id=202608031010
2026-05-24 10:13:52,064 [INFO] マイグレーション: v_race_mart ビューを再作成しました
2026-05-24 10:13:52,419 [INFO] マイグレーション: v_analytics ビューを再作成しました
2026-05-24 10:13:52,419 [INFO] マイグレーション #15: インデックス idx_pred_model_ev を作成（または確認）しました
2026-05-24 10:13:52,419 [INFO] マイグレーション #15: インデックス idx_pred_race_model を作成（または確認）しました
2026-05-24 10:13:52,419 [INFO] マイグレーション #15: インデックス idx_tc_horse_date を作成（または確認）しました
2026-05-24 10:13:52,419 [INFO] マイグレーション #15: インデックス idx_hc_horse_date を作成（または確認）しました
2026-05-24 10:13:52,420 [INFO] マイグレーション #15: インデックス idx_rr_horse_race を作成（または確認）しました
2026-05-24 10:13:52,420 [INFO] マイグレーション #15: インデックス idx_pr_pred_hit を作成（または確認）しました
2026-05-24 10:13:52,420 [INFO] DB 初期化完了: C:\dev\horse-racing-ai\data\umalogi.db
2026-05-24 10:13:52,420 [INFO] DB キャッシュ: オッズ=14件 エントリ=14頭 (race_id=202608031010)
2026-05-24 10:13:53,024 [INFO] 特徴量生成 race_id=202608031010: 14 頭 × 92 特徴量
2026-05-24 10:13:53,025 [INFO] 暫定モード: 馬体重欠損=14/14 単勝オッズ欠損=0/14 — NaN のまま推論
2026-05-24 10:13:53,084 [INFO] バンクロール直接指定 (BANKROLL_OVERRIDE): ¥100,000
2026-05-24 10:13:53,161 [INFO] 本命買い目生成: race_id=202608031010 7 件 (上位3頭)
2026-05-24 10:13:53,161 [INFO] ROIフィルター: 202608031010 — 4件除外（残3件）除外券種=['ワイド', '三連複', '馬単', '馬連']
2026-05-24 10:13:53,161 [INFO] ROIフィルター[条件付き許可]: 202608031010 — 本命三連単 1件 発注承認 ['EV6.00']
2026-05-24 10:13:53,161 [INFO] 暫定モード: 卍ベット生成スキップ — オッズ未取得 (race_id=202608031010)
2026-05-24 10:13:53,162 [INFO] [AIウマスギ] ROIフィルター適用完了: 202608031010  本命=3件 卍=0件
2026-05-24 10:13:53,162 [INFO] 予想保存: prediction_id=40576 race_id=202608031010 model=本命(暫定) bet=複勝
2026-05-24 10:13:53,162 [INFO] 予想保存: prediction_id=40577 race_id=202608031010 model=本命(暫定) bet=単勝
2026-05-24 10:13:53,163 [INFO] 予想保存: prediction_id=40578 race_id=202608031010 model=本命(暫定) bet=三連単
2026-05-24 10:13:53,166 [INFO] 予想保存: prediction_id=40579 race_id=202608031010 model=本命(暫定) bet=馬分析
2026-05-24 10:13:53,169 [INFO] JSON 出力: C:\dev\horse-racing-ai\data\predictions\202608031010.json
2026-05-24 10:13:53,169 [INFO] 暫定パイプライン完了: race_id=202608031010 本命3件 卍0件 Alpha0件
2026-05-24 10:13:53,172 [INFO] 暫定パイプライン開始: race_id=202608031011
2026-05-24 10:13:53,238 [INFO] マイグレーション: v_race_mart ビューを再作成しました
2026-05-24 10:13:53,733 [INFO] マイグレーション: v_analytics ビューを再作成しました
2026-05-24 10:13:53,733 [INFO] マイグレーション #15: インデックス idx_pred_model_ev を作成（または確認）しました
2026-05-24 10:13:53,733 [INFO] マイグレーション #15: インデックス idx_pred_race_model を作成（または確認）しました
2026-05-24 10:13:53,733 [INFO] マイグレーション #15: インデックス idx_tc_horse_date を作成（または確認）しました
2026-05-24 10:13:53,733 [INFO] マイグレーション #15: インデックス idx_hc_horse_date を作成（または確認）しました
2026-05-24 10:13:53,733 [INFO] マイグレーション #15: インデックス idx_rr_horse_race を作成（または確認）しました
2026-05-24 10:13:53,733 [INFO] マイグレーション #15: インデックス idx_pr_pred_hit を作成（または確認）しました
2026-05-24 10:13:53,733 [INFO] DB 初期化完了: C:\dev\horse-racing-ai\data\umalogi.db
2026-05-24 10:13:53,733 [INFO] DB キャッシュ: オッズ=13件 エントリ=13頭 (race_id=202608031011)
2026-05-24 10:13:54,209 [INFO] 特徴量生成 race_id=202608031011: 13 頭 × 92 特徴量
2026-05-24 10:13:54,209 [INFO] 暫定モード: 馬体重欠損=13/13 単勝オッズ欠損=0/13 — NaN のまま推論
2026-05-24 10:13:54,240 [INFO] バンクロール直接指定 (BANKROLL_OVERRIDE): ¥100,000
2026-05-24 10:13:54,340 [INFO] 本命買い目生成: race_id=202608031011 7 件 (上位3頭)
2026-05-24 10:13:54,340 [INFO] ROIフィルター: 202608031011 — 4件除外（残3件）除外券種=['ワイド', '三連複', '馬単', '馬連']
2026-05-24 10:13:54,340 [INFO] ROIフィルター[条件付き許可]: 202608031011 — 本命三連単 1件 発注承認 ['EV6.00']
2026-05-24 10:13:54,340 [INFO] 暫定モード: 卍ベット生成スキップ — オッズ未取得 (race_id=202608031011)
2026-05-24 10:13:54,340 [INFO] [AIウマスギ] ROIフィルター適用完了: 202608031011  本命=3件 卍=0件
2026-05-24 10:13:54,345 [INFO] 予想保存: prediction_id=40580 race_id=202608031011 model=本命(暫定) bet=複勝
2026-05-24 10:13:54,346 [INFO] 予想保存: prediction_id=40581 race_id=202608031011 model=本命(暫定) bet=単勝
2026-05-24 10:13:54,347 [INFO] 予想保存: prediction_id=40582 race_id=202608031011 model=本命(暫定) bet=三連単
2026-05-24 10:13:54,350 [INFO] 予想保存: prediction_id=40583 race_id=202608031011 model=本命(暫定) bet=馬分析
2026-05-24 10:13:54,354 [INFO] JSON 出力: C:\dev\horse-racing-ai\data\predictions\202608031011.json
2026-05-24 10:13:54,354 [INFO] 暫定パイプライン完了: race_id=202608031011 本命3件 卍0件 Alpha0件
2026-05-24 10:13:54,357 [INFO] 暫定パイプライン開始: race_id=202608031012
2026-05-24 10:13:54,439 [INFO] マイグレーション: v_race_mart ビューを再作成しました
2026-05-24 10:13:54,794 [INFO] マイグレーション: v_analytics ビューを再作成しました
2026-05-24 10:13:54,795 [INFO] マイグレーション #15: インデックス idx_pred_model_ev を作成（または確認）しました
2026-05-24 10:13:54,795 [INFO] マイグレーション #15: インデックス idx_pred_race_model を作成（または確認）しました
2026-05-24 10:13:54,795 [INFO] マイグレーション #15: インデックス idx_tc_horse_date を作成（または確認）しました
2026-05-24 10:13:54,795 [INFO] マイグレーション #15: インデックス idx_hc_horse_date を作成（または確認）しました
2026-05-24 10:13:54,795 [INFO] マイグレーション #15: インデックス idx_rr_horse_race を作成（または確認）しました
2026-05-24 10:13:54,795 [INFO] マイグレーション #15: インデックス idx_pr_pred_hit を作成（または確認）しました
2026-05-24 10:13:54,795 [INFO] DB 初期化完了: C:\dev\horse-racing-ai\data\umalogi.db
2026-05-24 10:13:54,795 [INFO] DB キャッシュ: オッズ=16件 エントリ=16頭 (race_id=202608031012)
2026-05-24 10:13:55,179 [INFO] 特徴量生成 race_id=202608031012: 16 頭 × 92 特徴量
2026-05-24 10:13:55,180 [INFO] 暫定モード: 馬体重欠損=16/16 単勝オッズ欠損=0/16 — NaN のまま推論
2026-05-24 10:13:55,272 [INFO] バンクロール直接指定 (BANKROLL_OVERRIDE): ¥100,000
2026-05-24 10:13:55,404 [INFO] 本命買い目生成: race_id=202608031012 7 件 (上位3頭)
2026-05-24 10:13:55,404 [INFO] ROIフィルター: 202608031012 — 4件除外（残3件）除外券種=['ワイド', '三連複', '馬単', '馬連']
2026-05-24 10:13:55,404 [INFO] ROIフィルター[条件付き許可]: 202608031012 — 本命三連単 1件 発注承認 ['EV6.00']
2026-05-24 10:13:55,404 [INFO] 暫定モード: 卍ベット生成スキップ — オッズ未取得 (race_id=202608031012)
2026-05-24 10:13:55,404 [INFO] [AIウマスギ] ROIフィルター適用完了: 202608031012  本命=3件 卍=0件
2026-05-24 10:13:55,406 [INFO] 予想保存: prediction_id=40584 race_id=202608031012 model=本命(暫定) bet=複勝
2026-05-24 10:13:55,406 [INFO] 予想保存: prediction_id=40585 race_id=202608031012 model=本命(暫定) bet=単勝
2026-05-24 10:13:55,407 [INFO] 予想保存: prediction_id=40586 race_id=202608031012 model=本命(暫定) bet=三連単
2026-05-24 10:13:55,410 [INFO] 予想保存: prediction_id=40587 race_id=202608031012 model=本命(暫定) bet=馬分析
2026-05-24 10:13:55,414 [INFO] JSON 出力: C:\dev\horse-racing-ai\data\predictions\202608031012.json
2026-05-24 10:13:55,414 [INFO] 暫定パイプライン完了: race_id=202608031012 本命3件 卍0件 Alpha0件
2026-05-24 10:13:55,419 [INFO] 暫定予想バッチ完了: 36 / 36 レース
2026-05-24 10:13:55,419 [INFO] Step1: 完了 36 レース
2026-05-24 10:13:55,419 [INFO] Step2: 下書き生成 ...
2026-05-24 10:13:55,474 [INFO] マイグレーション: v_race_mart ビューを再作成しました
2026-05-24 10:13:56,070 [INFO] マイグレーション: v_analytics ビューを再作成しました
2026-05-24 10:13:56,070 [INFO] マイグレーション #15: インデックス idx_pred_model_ev を作成（または確認）しました
2026-05-24 10:13:56,070 [INFO] マイグレーション #15: インデックス idx_pred_race_model を作成（または確認）しました
2026-05-24 10:13:56,070 [INFO] マイグレーション #15: インデックス idx_tc_horse_date を作成（または確認）しました
2026-05-24 10:13:56,071 [INFO] マイグレーション #15: インデックス idx_hc_horse_date を作成（または確認）しました
2026-05-24 10:13:56,071 [INFO] マイグレーション #15: インデックス idx_rr_horse_race を作成（または確認）しました
2026-05-24 10:13:56,071 [INFO] マイグレーション #15: インデックス idx_pr_pred_hit を作成（または確認）しました
2026-05-24 10:13:56,071 [INFO] DB 初期化完了: C:\dev\horse-racing-ai\data\umalogi.db
2026-05-24 10:13:56,071 [INFO] 下書き生成対象: 36 レース
2026-05-24 10:13:56,072 [INFO] 保存: 202604010801_新潟R01.txt
2026-05-24 10:13:56,073 [INFO] 保存: 202604010802_新潟R02.txt
2026-05-24 10:13:56,081 [INFO] 保存: 202604010803_新潟R03.txt
2026-05-24 10:13:56,082 [INFO] 保存: 202604010804_新潟R04.txt
2026-05-24 10:13:56,083 [INFO] 保存: 202604010805_新潟R05.txt
2026-05-24 10:13:56,085 [INFO] 保存: 202604010806_新潟R06.txt
2026-05-24 10:13:56,086 [INFO] 保存: 202604010807_新潟R07.txt
2026-05-24 10:13:56,087 [INFO] 保存: 202604010808_新潟R08.txt
2026-05-24 10:13:56,088 [INFO] 保存: 202604010809_新潟R09.txt
2026-05-24 10:13:56,090 [INFO] 保存: 202604010810_新潟R10.txt
2026-05-24 10:13:56,091 [INFO] 保存: 202604010811_新潟R11.txt
2026-05-24 10:13:56,092 [INFO] 保存: 202604010812_新潟R12.txt
2026-05-24 10:13:56,093 [INFO] 保存: 202605021001_東京R01.txt
2026-05-24 10:13:56,094 [INFO] 保存: 202605021002_東京R02.txt
2026-05-24 10:13:56,100 [INFO] 保存: 202605021003_東京R03.txt
2026-05-24 10:13:56,102 [INFO] 保存: 202605021004_東京R04.txt
2026-05-24 10:13:56,103 [INFO] 保存: 202605021005_東京R05.txt
2026-05-24 10:13:56,104 [INFO] 保存: 202605021006_東京R06.txt
2026-05-24 10:13:56,105 [INFO] 保存: 202605021007_東京R07.txt
2026-05-24 10:13:56,107 [INFO] 保存: 202605021008_東京R08.txt
2026-05-24 10:13:56,108 [INFO] 保存: 202605021009_東京R09.txt
2026-05-24 10:13:56,109 [INFO] 保存: 202605021010_東京R10.txt
2026-05-24 10:13:56,110 [INFO] 保存: 202605021011_東京R11.txt
2026-05-24 10:13:56,112 [INFO] 保存: 202605021012_東京R12.txt
2026-05-24 10:13:56,114 [INFO] 保存: 202608031001_京都R01.txt
2026-05-24 10:13:56,115 [INFO] 保存: 202608031002_京都R02.txt
2026-05-24 10:13:56,117 [INFO] 保存: 202608031003_京都R03.txt
2026-05-24 10:13:56,118 [INFO] 保存: 202608031004_京都R04.txt
2026-05-24 10:13:56,120 [INFO] 保存: 202608031005_京都R05.txt
2026-05-24 10:13:56,125 [INFO] 保存: 202608031006_京都R06.txt
2026-05-24 10:13:56,128 [INFO] 保存: 202608031007_京都R07.txt
2026-05-24 10:13:56,129 [INFO] 保存: 202608031008_京都R08.txt
2026-05-24 10:13:56,131 [INFO] 保存: 202608031009_京都R09.txt
2026-05-24 10:13:56,132 [INFO] 保存: 202608031010_京都R10.txt
2026-05-24 10:13:56,134 [INFO] 保存: 202608031011_京都R11.txt
2026-05-24 10:13:56,135 [INFO] 保存: 202608031012_京都R12.txt
2026-05-24 10:13:56,136 [INFO] 下書き完了: 保存=36件 / EV不足スキップ=0件
2026-05-24 10:13:56,136 [INFO] Step3: Discord 通知 ...
2026-05-24 10:13:57,376 [INFO] [Discord:予想] 送信: 🏇 **本日の全レース予想準備完了**
📅 対象日: 2026/05/24
📝 EV推奨レース: **36件**（Kel
2026-05-24 10:13:57,377 [INFO] Discord 通知送信完了
2026-05-24 10:13:57,377 [INFO] === 完了 ===
