2026-04-10 18:05:30,499 [INFO] ============================================================
2026-04-10 18:05:30,500 [INFO] WOOD 一括取得開始: fromtime=20210101
2026-04-10 18:05:30,502 [INFO] コマンド: py -3.14-32 -m src.scraper.jravan_client --fromtime 20210101 --dataspec WOOD --option 1
2026-04-10 18:05:30,503 [INFO] ============================================================
2026-04-10 18:05:30,503 [INFO] 試行 1/5 ...
2026-04-10 18:16:23,406 [INFO] 完了 (試行 1)
2026-04-10 18:32:41,674 [INFO] ============================================================
2026-04-10 18:32:41,675 [INFO] WOOD 一括取得開始: fromtime=20210101
2026-04-10 18:32:41,676 [INFO] コマンド: py -3.14-32 -m src.scraper.jravan_client --fromtime 20210101 --dataspec WOOD --option 2
2026-04-10 18:32:41,677 [INFO] ============================================================
2026-04-10 18:32:41,677 [INFO] 試行 1/5 ...
2026-04-10 18:32:42,436 [WARNING] returncode=1
2026-04-10 18:32:42,437 [INFO]   → 60 秒後にリトライ...
2026-04-10 18:33:42,438 [INFO] 試行 2/5 ...
2026-04-10 18:33:43,098 [WARNING] returncode=1
2026-04-10 18:33:43,099 [INFO]   → 120 秒後にリトライ...
2026-04-10 18:35:43,110 [INFO] 試行 3/5 ...
2026-04-10 18:35:45,453 [WARNING] returncode=1
2026-04-10 18:35:45,454 [INFO]   → 240 秒後にリトライ...
2026-04-10 18:39:45,453 [INFO] 試行 4/5 ...
2026-04-10 18:39:46,602 [WARNING] returncode=1
2026-04-10 18:39:46,602 [INFO]   → 480 秒後にリトライ...
2026-04-10 18:47:46,600 [INFO] 試行 5/5 ...
2026-04-10 18:47:47,275 [WARNING] returncode=1
2026-04-10 18:47:47,275 [ERROR] 最大リトライ回数 (5) を超過。中断します。
