2026-04-23 14:13:34,143 [INFO] ================================================================
2026-04-23 14:13:34,144 [INFO]   UMALOGI 過去データ一括インポート
2026-04-23 14:13:34,144 [INFO]   対象: 2021〜2025年  モード: setup  dry_run: True
2026-04-23 14:13:34,144 [INFO] ================================================================
2026-04-23 14:13:34,144 [INFO]   ⚠️  netkeiba スクレイピング: 絶対禁止（IP BAN 防止）
2026-04-23 14:13:34,144 [INFO]   ✅  JVLink (JRA-VAN 公式 COM API) のみ使用
2026-04-23 14:13:34,144 [INFO] ================================================================
2026-04-23 14:13:34,144 [INFO] ━━━ STEP 1: マスタ一括取得 (SETUP + DIFN + BLOD) ━━━━━━━━━━━━━━━━━━
2026-04-23 14:13:34,144 [INFO] ================================================================
2026-04-23 14:13:34,144 [INFO] [SETUP 全マスタ一括] 取得開始
2026-04-23 14:13:34,145 [INFO]   コマンド: py -3.14-32 -m src.scraper.jravan_client --fromtime 20200101 --dataspec SETUP --option 2
2026-04-23 14:13:34,145 [INFO]   fromtime=20200101  dataspec=SETUP  option=2
2026-04-23 14:13:34,145 [INFO] ================================================================
2026-04-23 14:13:34,145 [INFO]   [DRY-RUN] 実行スキップ
2026-04-23 14:13:34,145 [INFO] ================================================================
2026-04-23 14:13:34,145 [INFO] [DIFN マスタ差分 2021-] 取得開始
2026-04-23 14:13:34,145 [INFO]   コマンド: py -3.14-32 -m src.scraper.jravan_client --fromtime 20210101 --dataspec DIFN --option 1
2026-04-23 14:13:34,145 [INFO]   fromtime=20210101  dataspec=DIFN  option=1
2026-04-23 14:13:34,146 [INFO] ================================================================
2026-04-23 14:13:34,146 [INFO]   [DRY-RUN] 実行スキップ
2026-04-23 14:13:34,146 [INFO] ================================================================
2026-04-23 14:13:34,146 [INFO] [BLOD 血統差分 2021-] 取得開始
2026-04-23 14:13:34,146 [INFO]   コマンド: py -3.14-32 -m src.scraper.jravan_client --fromtime 20210101 --dataspec BLOD --option 1
2026-04-23 14:13:34,146 [INFO]   fromtime=20210101  dataspec=BLOD  option=1
2026-04-23 14:13:34,146 [INFO] ================================================================
2026-04-23 14:13:34,146 [INFO]   [DRY-RUN] 実行スキップ
2026-04-23 14:13:34,146 [INFO] ━━━ STEP 1 完了: 3/3 成功 ━━━━━━━━━━━━━━━━━━━━━━━━━━━━━━━━━━━━━━
2026-04-23 14:13:34,147 [INFO] ━━━ STEP 2: RACE 一括取得 2021〜2025年 [OPT_SETUP] ━━━━━━━━━━━━━━━━━━━━━━━━━━━━━
2026-04-23 14:13:34,147 [INFO]   取得方針: netkeiba スクレイピング 0件 / JVLink (OPT_SETUP) のみ使用
2026-04-23 14:13:34,147 [INFO] ================================================================
2026-04-23 14:13:34,147 [INFO] [RACE 2021年 [OPT_SETUP]] 取得開始
2026-04-23 14:13:34,147 [INFO]   コマンド: py -3.14-32 -m src.scraper.jravan_client --fromtime 20210101 --dataspec RACE --option 2
2026-04-23 14:13:34,147 [INFO]   fromtime=20210101  dataspec=RACE  option=2
2026-04-23 14:13:34,147 [INFO] ================================================================
2026-04-23 14:13:34,147 [INFO]   [DRY-RUN] 実行スキップ
2026-04-23 14:13:34,147 [INFO] ================================================================
2026-04-23 14:13:34,147 [INFO] [RACE 2022年 [OPT_SETUP]] 取得開始
2026-04-23 14:13:34,147 [INFO]   コマンド: py -3.14-32 -m src.scraper.jravan_client --fromtime 20220101 --dataspec RACE --option 2
2026-04-23 14:13:34,147 [INFO]   fromtime=20220101  dataspec=RACE  option=2
2026-04-23 14:13:34,147 [INFO] ================================================================
2026-04-23 14:13:34,148 [INFO]   [DRY-RUN] 実行スキップ
2026-04-23 14:13:34,148 [INFO] ================================================================
2026-04-23 14:13:34,148 [INFO] [RACE 2023年 [OPT_SETUP]] 取得開始
2026-04-23 14:13:34,148 [INFO]   コマンド: py -3.14-32 -m src.scraper.jravan_client --fromtime 20230101 --dataspec RACE --option 2
2026-04-23 14:13:34,148 [INFO]   fromtime=20230101  dataspec=RACE  option=2
2026-04-23 14:13:34,148 [INFO] ================================================================
2026-04-23 14:13:34,148 [INFO]   [DRY-RUN] 実行スキップ
2026-04-23 14:13:34,148 [INFO] ================================================================
2026-04-23 14:13:34,148 [INFO] [RACE 2024年 [OPT_SETUP]] 取得開始
2026-04-23 14:13:34,148 [INFO]   コマンド: py -3.14-32 -m src.scraper.jravan_client --fromtime 20240101 --dataspec RACE --option 2
2026-04-23 14:13:34,148 [INFO]   fromtime=20240101  dataspec=RACE  option=2
2026-04-23 14:13:34,148 [INFO] ================================================================
2026-04-23 14:13:34,148 [INFO]   [DRY-RUN] 実行スキップ
2026-04-23 14:13:34,148 [INFO] ================================================================
2026-04-23 14:13:34,148 [INFO] [RACE 2025年 [OPT_SETUP]] 取得開始
2026-04-23 14:13:34,149 [INFO]   コマンド: py -3.14-32 -m src.scraper.jravan_client --fromtime 20250101 --dataspec RACE --option 2
2026-04-23 14:13:34,149 [INFO]   fromtime=20250101  dataspec=RACE  option=2
2026-04-23 14:13:34,149 [INFO] ================================================================
2026-04-23 14:13:34,149 [INFO]   [DRY-RUN] 実行スキップ
2026-04-23 14:13:34,149 [INFO] ━━━ STEP 2 完了: 全成功 ━━━━━━━━━━━━━━━━━━━━━━━━━━━━━━━━━━━━━━━━━━━━
2026-04-23 14:13:34,149 [INFO] ━━━ STEP 3: WOOD 調教データ取得 2021〜2025年 ━━━━━━━━━━━━━━━━━━━━━━━━━━━━━━
2026-04-23 14:13:34,149 [INFO] ================================================================
2026-04-23 14:13:34,149 [INFO] [WOOD 2021年] 取得開始
2026-04-23 14:13:34,149 [INFO]   コマンド: py -3.14-32 -m src.scraper.jravan_client --fromtime 20210101 --dataspec WOOD --option 1
2026-04-23 14:13:34,149 [INFO]   fromtime=20210101  dataspec=WOOD  option=1
2026-04-23 14:13:34,149 [INFO] ================================================================
2026-04-23 14:13:34,149 [INFO]   [DRY-RUN] 実行スキップ
2026-04-23 14:13:34,149 [INFO] ================================================================
2026-04-23 14:13:34,149 [INFO] [WOOD 2022年] 取得開始
2026-04-23 14:13:34,149 [INFO]   コマンド: py -3.14-32 -m src.scraper.jravan_client --fromtime 20220101 --dataspec WOOD --option 1
2026-04-23 14:13:34,150 [INFO]   fromtime=20220101  dataspec=WOOD  option=1
2026-04-23 14:13:34,150 [INFO] ================================================================
2026-04-23 14:13:34,150 [INFO]   [DRY-RUN] 実行スキップ
2026-04-23 14:13:34,150 [INFO] ================================================================
2026-04-23 14:13:34,150 [INFO] [WOOD 2023年] 取得開始
2026-04-23 14:13:34,150 [INFO]   コマンド: py -3.14-32 -m src.scraper.jravan_client --fromtime 20230101 --dataspec WOOD --option 1
2026-04-23 14:13:34,150 [INFO]   fromtime=20230101  dataspec=WOOD  option=1
2026-04-23 14:13:34,150 [INFO] ================================================================
2026-04-23 14:13:34,150 [INFO]   [DRY-RUN] 実行スキップ
2026-04-23 14:13:34,150 [INFO] ================================================================
2026-04-23 14:13:34,150 [INFO] [WOOD 2024年] 取得開始
2026-04-23 14:13:34,150 [INFO]   コマンド: py -3.14-32 -m src.scraper.jravan_client --fromtime 20240101 --dataspec WOOD --option 1
2026-04-23 14:13:34,150 [INFO]   fromtime=20240101  dataspec=WOOD  option=1
2026-04-23 14:13:34,150 [INFO] ================================================================
2026-04-23 14:13:34,150 [INFO]   [DRY-RUN] 実行スキップ
2026-04-23 14:13:34,150 [INFO] ================================================================
2026-04-23 14:13:34,151 [INFO] [WOOD 2025年] 取得開始
2026-04-23 14:13:34,151 [INFO]   コマンド: py -3.14-32 -m src.scraper.jravan_client --fromtime 20250101 --dataspec WOOD --option 1
2026-04-23 14:13:34,151 [INFO]   fromtime=20250101  dataspec=WOOD  option=1
2026-04-23 14:13:34,151 [INFO] ================================================================
2026-04-23 14:13:34,151 [INFO]   [DRY-RUN] 実行スキップ
2026-04-23 14:13:34,151 [INFO] ━━━ STEP 3 完了: 全成功 ━━━━━━━━━━━━━━━━━━━━━━━━━━━━━━━━━━━━━━━━━━━━
2026-04-23 14:13:34,151 [INFO] ================================================================
2026-04-23 14:13:34,151 [INFO]   一括インポート完了 (経過時間: 0 秒 / 0.0 分)
2026-04-23 14:13:34,151 [INFO]   ステップ別結果:
2026-04-23 14:13:34,151 [INFO]     STEP1_masters         : ✅ 成功
2026-04-23 14:13:34,151 [INFO]     STEP2_races           : ✅ 成功
2026-04-23 14:13:34,151 [INFO]     STEP3_wood            : ✅ 成功
2026-04-23 14:13:34,151 [INFO] ================================================================
2026-04-23 14:13:34,151 [INFO] 次のステップ:
2026-04-23 14:13:34,151 [INFO]   フルリトレイン  : py -m src.ops.retrain_trigger
2026-04-23 14:13:34,151 [INFO]   EV閾値バックテスト: py scripts/backtest_ev_threshold.py --bet-type 単勝
2026-04-23 14:13:38,190 [INFO] ================================================================
2026-04-23 14:13:38,191 [INFO]   UMALOGI 過去データ一括インポート
2026-04-23 14:13:38,191 [INFO]   対象: 2021〜2025年  モード: setup  dry_run: False
2026-04-23 14:13:38,191 [INFO] ================================================================
2026-04-23 14:13:38,191 [INFO]   ⚠️  netkeiba スクレイピング: 絶対禁止（IP BAN 防止）
2026-04-23 14:13:38,191 [INFO]   ✅  JVLink (JRA-VAN 公式 COM API) のみ使用
2026-04-23 14:13:38,191 [INFO] ================================================================
2026-04-23 14:13:38,456 [INFO] マイグレーション: v_race_mart ビューを再作成しました
2026-04-23 14:13:38,457 [INFO] DB 初期化完了: C:\dev\horse-racing-ai\data\umalogi.db
2026-04-23 14:13:38,574 [INFO] ─── DB 状態 [実行前] ───────────────────────────────────────
2026-04-23 14:13:38,574 [INFO]   races                 :     1650 件
2026-04-23 14:13:38,574 [INFO]   race_results          :    23085 件
2026-04-23 14:13:38,574 [INFO]   race_payouts          :    18513 件
2026-04-23 14:13:38,574 [INFO]   jockeys               :      479 件
2026-04-23 14:13:38,574 [INFO]   trainers              :      369 件
2026-04-23 14:13:38,574 [INFO]   racehorses            :    35164 件
2026-04-23 14:13:38,574 [INFO]   training_times        :   159023 件
2026-04-23 14:13:38,574 [INFO]   training_hillwork     :        0 件
2026-04-23 14:13:38,574 [INFO] ────────────────────────────────────────────────────────────────
2026-04-23 14:13:38,575 [INFO] ━━━ STEP 1: マスタ一括取得 (SETUP + DIFN + BLOD) ━━━━━━━━━━━━━━━━━━
2026-04-23 14:13:38,575 [INFO] ================================================================
2026-04-23 14:13:38,575 [INFO] [SETUP 全マスタ一括] 取得開始
2026-04-23 14:13:38,575 [INFO]   コマンド: py -3.14-32 -m src.scraper.jravan_client --fromtime 20200101 --dataspec SETUP --option 2
2026-04-23 14:13:38,575 [INFO]   fromtime=20200101  dataspec=SETUP  option=2
2026-04-23 14:13:38,575 [INFO] ================================================================
2026-04-23 14:13:38,575 [INFO] [SETUP 全マスタ一括] 試行 1/3 ...
2026-04-23 14:13:39,247 [INFO] [SETUP 全マスタ一括] 完了 (試行 1, 経過 1 秒)
2026-04-23 14:13:39,247 [INFO] ================================================================
2026-04-23 14:13:39,247 [INFO] [DIFN マスタ差分 2021-] 取得開始
2026-04-23 14:13:39,247 [INFO]   コマンド: py -3.14-32 -m src.scraper.jravan_client --fromtime 20210101 --dataspec DIFN --option 1
2026-04-23 14:13:39,247 [INFO]   fromtime=20210101  dataspec=DIFN  option=1
2026-04-23 14:13:39,247 [INFO] ================================================================
2026-04-23 14:13:39,247 [INFO] [DIFN マスタ差分 2021-] 試行 1/3 ...
2026-04-23 14:24:47,161 [INFO] [DIFN マスタ差分 2021-] 完了 (試行 1, 経過 668 秒)
2026-04-23 14:24:47,162 [INFO] ================================================================
2026-04-23 14:24:47,162 [INFO] [BLOD 血統差分 2021-] 取得開始
2026-04-23 14:24:47,162 [INFO]   コマンド: py -3.14-32 -m src.scraper.jravan_client --fromtime 20210101 --dataspec BLOD --option 1
2026-04-23 14:24:47,162 [INFO]   fromtime=20210101  dataspec=BLOD  option=1
2026-04-23 14:24:47,162 [INFO] ================================================================
2026-04-23 14:24:47,162 [INFO] [BLOD 血統差分 2021-] 試行 1/3 ...
2026-04-23 14:24:47,770 [INFO] [BLOD 血統差分 2021-] 完了 (試行 1, 経過 1 秒)
2026-04-23 14:24:47,770 [INFO] ━━━ STEP 1 完了: 3/3 成功 ━━━━━━━━━━━━━━━━━━━━━━━━━━━━━━━━━━━━━━
2026-04-23 14:24:47,770 [INFO] ================================================================
2026-04-23 14:24:47,771 [INFO]   一括インポート完了 (経過時間: 669 秒 / 11.2 分)
2026-04-23 14:24:47,771 [INFO]   ステップ別結果:
2026-04-23 14:24:47,771 [INFO]     STEP1_masters         : ✅ 成功
2026-04-23 14:24:47,771 [INFO] ================================================================
2026-04-23 14:24:47,794 [INFO] マイグレーション: v_race_mart ビューを再作成しました
2026-04-23 14:24:47,795 [INFO] DB 初期化完了: C:\dev\horse-racing-ai\data\umalogi.db
2026-04-23 14:24:47,798 [INFO] ─── DB 状態 [実行後] ───────────────────────────────────────
2026-04-23 14:24:47,799 [INFO]   races                 :     1650 件
2026-04-23 14:24:47,799 [INFO]   race_results          :    23085 件
2026-04-23 14:24:47,799 [INFO]   race_payouts          :    18513 件
2026-04-23 14:24:47,799 [INFO]   jockeys               :      479 件
2026-04-23 14:24:47,799 [INFO]   trainers              :      369 件
2026-04-23 14:24:47,799 [INFO]   racehorses            :    35313 件
2026-04-23 14:24:47,799 [INFO]   training_times        :   159023 件
2026-04-23 14:24:47,799 [INFO]   training_hillwork     :        0 件
2026-04-23 14:24:47,799 [INFO] ────────────────────────────────────────────────────────────────
2026-04-23 14:24:47,799 [INFO] ダッシュボード JSON 更新: py C:\dev\horse-racing-ai\web\generate_data.py
2026-04-23 14:24:52,104 [INFO] ダッシュボード JSON 更新完了
2026-04-23 14:24:52,107 [INFO] 次のステップ:
2026-04-23 14:24:52,108 [INFO]   フルリトレイン  : py -m src.ops.retrain_trigger
2026-04-23 14:24:52,108 [INFO]   EV閾値バックテスト: py scripts/backtest_ev_threshold.py --bet-type 単勝
2026-04-23 14:25:14,108 [INFO] ================================================================
2026-04-23 14:25:14,108 [INFO]   UMALOGI 過去データ一括インポート
2026-04-23 14:25:14,108 [INFO]   対象: 2021〜2025年  モード: setup  dry_run: False
2026-04-23 14:25:14,108 [INFO] ================================================================
2026-04-23 14:25:14,109 [INFO]   ⚠️  netkeiba スクレイピング: 絶対禁止（IP BAN 防止）
2026-04-23 14:25:14,109 [INFO]   ✅  JVLink (JRA-VAN 公式 COM API) のみ使用
2026-04-23 14:25:14,109 [INFO] ================================================================
2026-04-23 14:25:14,142 [INFO] マイグレーション: v_race_mart ビューを再作成しました
2026-04-23 14:25:14,142 [INFO] DB 初期化完了: C:\dev\horse-racing-ai\data\umalogi.db
2026-04-23 14:25:14,147 [INFO] ─── DB 状態 [実行前] ───────────────────────────────────────
2026-04-23 14:25:14,147 [INFO]   races                 :     1650 件
2026-04-23 14:25:14,147 [INFO]   race_results          :    23085 件
2026-04-23 14:25:14,147 [INFO]   race_payouts          :    18513 件
2026-04-23 14:25:14,147 [INFO]   jockeys               :      479 件
2026-04-23 14:25:14,147 [INFO]   trainers              :      369 件
2026-04-23 14:25:14,147 [INFO]   racehorses            :    35313 件
2026-04-23 14:25:14,147 [INFO]   training_times        :   159023 件
2026-04-23 14:25:14,147 [INFO]   training_hillwork     :        0 件
2026-04-23 14:25:14,148 [INFO] ────────────────────────────────────────────────────────────────
2026-04-23 14:25:14,148 [INFO] ━━━ STEP 2: RACE 一括取得 2021〜2025年 [OPT_SETUP] ━━━━━━━━━━━━━━━━━━━━━━━━━━━━━
2026-04-23 14:25:14,148 [INFO]   取得方針: netkeiba スクレイピング 0件 / JVLink (OPT_SETUP) のみ使用
2026-04-23 14:25:14,148 [INFO] ================================================================
2026-04-23 14:25:14,148 [INFO] [RACE 2021年 [OPT_SETUP]] 取得開始
2026-04-23 14:25:14,148 [INFO]   コマンド: py -3.14-32 -m src.scraper.jravan_client --fromtime 20210101 --dataspec RACE --option 2
2026-04-23 14:25:14,148 [INFO]   fromtime=20210101  dataspec=RACE  option=2
2026-04-23 14:25:14,148 [INFO] ================================================================
2026-04-23 14:25:14,148 [INFO] [RACE 2021年 [OPT_SETUP]] 試行 1/3 ...
2026-04-23 14:25:20,823 [INFO] [RACE 2021年 [OPT_SETUP]] 完了 (試行 1, 経過 7 秒)
2026-04-23 14:25:20,846 [INFO] 腐敗レコード削除: 6 件 (NAR地方競馬・不正ID・不正日付)
2026-04-23 14:25:20,862 [INFO] マイグレーション: v_race_mart ビューを再作成しました
2026-04-23 14:25:20,862 [INFO] DB 初期化完了: C:\dev\horse-racing-ai\data\umalogi.db
2026-04-23 14:25:20,866 [INFO] ─── DB 状態 [RACE 2021年 取得後] ───────────────────────────────────────
2026-04-23 14:25:20,866 [INFO]   races                 :     1650 件
2026-04-23 14:25:20,866 [INFO]   race_results          :    23085 件
2026-04-23 14:25:20,866 [INFO]   race_payouts          :    18513 件
2026-04-23 14:25:20,866 [INFO]   jockeys               :      479 件
2026-04-23 14:25:20,866 [INFO]   trainers              :      369 件
2026-04-23 14:25:20,866 [INFO]   racehorses            :    35313 件
2026-04-23 14:25:20,866 [INFO]   training_times        :   159023 件
2026-04-23 14:25:20,866 [INFO]   training_hillwork     :        0 件
2026-04-23 14:25:20,866 [INFO] ────────────────────────────────────────────────────────────────
2026-04-23 14:25:20,867 [INFO] 次の年の取得前に 10 秒待機...
2026-04-23 14:25:30,867 [INFO] ================================================================
2026-04-23 14:25:30,867 [INFO] [RACE 2022年 [OPT_SETUP]] 取得開始
2026-04-23 14:25:30,867 [INFO]   コマンド: py -3.14-32 -m src.scraper.jravan_client --fromtime 20220101 --dataspec RACE --option 2
2026-04-23 14:25:30,867 [INFO]   fromtime=20220101  dataspec=RACE  option=2
2026-04-23 14:25:30,868 [INFO] ================================================================
2026-04-23 14:25:30,868 [INFO] [RACE 2022年 [OPT_SETUP]] 試行 1/3 ...
2026-04-23 14:25:37,090 [INFO] [RACE 2022年 [OPT_SETUP]] 完了 (試行 1, 経過 6 秒)
2026-04-23 14:25:37,110 [INFO] 腐敗レコード削除: 6 件 (NAR地方競馬・不正ID・不正日付)
2026-04-23 14:25:37,160 [INFO] マイグレーション: v_race_mart ビューを再作成しました
2026-04-23 14:25:37,160 [INFO] DB 初期化完了: C:\dev\horse-racing-ai\data\umalogi.db
2026-04-23 14:25:37,164 [INFO] ─── DB 状態 [RACE 2022年 取得後] ───────────────────────────────────────
2026-04-23 14:25:37,164 [INFO]   races                 :     1650 件
2026-04-23 14:25:37,164 [INFO]   race_results          :    23085 件
2026-04-23 14:25:37,164 [INFO]   race_payouts          :    18513 件
2026-04-23 14:25:37,164 [INFO]   jockeys               :      479 件
2026-04-23 14:25:37,164 [INFO]   trainers              :      369 件
2026-04-23 14:25:37,164 [INFO]   racehorses            :    35313 件
2026-04-23 14:25:37,164 [INFO]   training_times        :   159023 件
2026-04-23 14:25:37,164 [INFO]   training_hillwork     :        0 件
2026-04-23 14:25:37,165 [INFO] ────────────────────────────────────────────────────────────────
2026-04-23 14:25:37,165 [INFO] 次の年の取得前に 10 秒待機...
2026-04-23 14:25:47,165 [INFO] ================================================================
2026-04-23 14:25:47,165 [INFO] [RACE 2023年 [OPT_SETUP]] 取得開始
2026-04-23 14:25:47,165 [INFO]   コマンド: py -3.14-32 -m src.scraper.jravan_client --fromtime 20230101 --dataspec RACE --option 2
2026-04-23 14:25:47,165 [INFO]   fromtime=20230101  dataspec=RACE  option=2
2026-04-23 14:25:47,165 [INFO] ================================================================
2026-04-23 14:25:47,165 [INFO] [RACE 2023年 [OPT_SETUP]] 試行 1/3 ...
2026-04-23 14:25:53,315 [INFO] [RACE 2023年 [OPT_SETUP]] 完了 (試行 1, 経過 6 秒)
2026-04-23 14:25:53,335 [INFO] 腐敗レコード削除: 6 件 (NAR地方競馬・不正ID・不正日付)
2026-04-23 14:25:53,350 [INFO] マイグレーション: v_race_mart ビューを再作成しました
2026-04-23 14:25:53,350 [INFO] DB 初期化完了: C:\dev\horse-racing-ai\data\umalogi.db
2026-04-23 14:25:53,354 [INFO] ─── DB 状態 [RACE 2023年 取得後] ───────────────────────────────────────
2026-04-23 14:25:53,354 [INFO]   races                 :     1650 件
2026-04-23 14:25:53,354 [INFO]   race_results          :    23085 件
2026-04-23 14:25:53,354 [INFO]   race_payouts          :    18513 件
2026-04-23 14:25:53,354 [INFO]   jockeys               :      479 件
2026-04-23 14:25:53,354 [INFO]   trainers              :      369 件
2026-04-23 14:25:53,354 [INFO]   racehorses            :    35313 件
2026-04-23 14:25:53,355 [INFO]   training_times        :   159023 件
2026-04-23 14:25:53,355 [INFO]   training_hillwork     :        0 件
2026-04-23 14:25:53,355 [INFO] ────────────────────────────────────────────────────────────────
2026-04-23 14:25:53,355 [INFO] 次の年の取得前に 10 秒待機...
2026-04-23 14:26:03,355 [INFO] ================================================================
2026-04-23 14:26:03,355 [INFO] [RACE 2024年 [OPT_SETUP]] 取得開始
2026-04-23 14:26:03,356 [INFO]   コマンド: py -3.14-32 -m src.scraper.jravan_client --fromtime 20240101 --dataspec RACE --option 2
2026-04-23 14:26:03,356 [INFO]   fromtime=20240101  dataspec=RACE  option=2
2026-04-23 14:26:03,356 [INFO] ================================================================
2026-04-23 14:26:03,356 [INFO] [RACE 2024年 [OPT_SETUP]] 試行 1/3 ...
2026-04-23 14:26:09,729 [INFO] [RACE 2024年 [OPT_SETUP]] 完了 (試行 1, 経過 6 秒)
2026-04-23 14:26:09,749 [INFO] 腐敗レコード削除: 6 件 (NAR地方競馬・不正ID・不正日付)
2026-04-23 14:26:09,765 [INFO] マイグレーション: v_race_mart ビューを再作成しました
2026-04-23 14:26:09,765 [INFO] DB 初期化完了: C:\dev\horse-racing-ai\data\umalogi.db
2026-04-23 14:26:09,769 [INFO] ─── DB 状態 [RACE 2024年 取得後] ───────────────────────────────────────
2026-04-23 14:26:09,769 [INFO]   races                 :     1650 件
2026-04-23 14:26:09,769 [INFO]   race_results          :    23085 件
2026-04-23 14:26:09,770 [INFO]   race_payouts          :    18513 件
2026-04-23 14:26:09,770 [INFO]   jockeys               :      479 件
2026-04-23 14:26:09,770 [INFO]   trainers              :      369 件
2026-04-23 14:26:09,770 [INFO]   racehorses            :    35313 件
2026-04-23 14:26:09,770 [INFO]   training_times        :   159023 件
2026-04-23 14:26:09,770 [INFO]   training_hillwork     :        0 件
2026-04-23 14:26:09,770 [INFO] ────────────────────────────────────────────────────────────────
2026-04-23 14:26:09,770 [INFO] 次の年の取得前に 10 秒待機...
2026-04-23 14:26:19,771 [INFO] ================================================================
2026-04-23 14:26:19,771 [INFO] [RACE 2025年 [OPT_SETUP]] 取得開始
2026-04-23 14:26:19,771 [INFO]   コマンド: py -3.14-32 -m src.scraper.jravan_client --fromtime 20250101 --dataspec RACE --option 2
2026-04-23 14:26:19,771 [INFO]   fromtime=20250101  dataspec=RACE  option=2
2026-04-23 14:26:19,771 [INFO] ================================================================
2026-04-23 14:26:19,771 [INFO] [RACE 2025年 [OPT_SETUP]] 試行 1/3 ...
2026-04-23 14:26:25,853 [INFO] [RACE 2025年 [OPT_SETUP]] 完了 (試行 1, 経過 6 秒)
2026-04-23 14:26:25,875 [INFO] 腐敗レコード削除: 6 件 (NAR地方競馬・不正ID・不正日付)
2026-04-23 14:26:25,890 [INFO] マイグレーション: v_race_mart ビューを再作成しました
2026-04-23 14:26:25,890 [INFO] DB 初期化完了: C:\dev\horse-racing-ai\data\umalogi.db
2026-04-23 14:26:25,894 [INFO] ─── DB 状態 [RACE 2025年 取得後] ───────────────────────────────────────
2026-04-23 14:26:25,894 [INFO]   races                 :     1650 件
2026-04-23 14:26:25,894 [INFO]   race_results          :    23085 件
2026-04-23 14:26:25,894 [INFO]   race_payouts          :    18513 件
2026-04-23 14:26:25,894 [INFO]   jockeys               :      479 件
2026-04-23 14:26:25,895 [INFO]   trainers              :      369 件
2026-04-23 14:26:25,895 [INFO]   racehorses            :    35313 件
2026-04-23 14:26:25,895 [INFO]   training_times        :   159023 件
2026-04-23 14:26:25,895 [INFO]   training_hillwork     :        0 件
2026-04-23 14:26:25,895 [INFO] ────────────────────────────────────────────────────────────────
2026-04-23 14:26:25,895 [INFO] ━━━ STEP 2 完了: 全成功 ━━━━━━━━━━━━━━━━━━━━━━━━━━━━━━━━━━━━━━━━━━━━
2026-04-23 14:26:25,895 [INFO] ================================================================
2026-04-23 14:26:25,895 [INFO]   一括インポート完了 (経過時間: 72 秒 / 1.2 分)
2026-04-23 14:26:25,895 [INFO]   ステップ別結果:
2026-04-23 14:26:25,895 [INFO]     STEP2_races           : ✅ 成功
2026-04-23 14:26:25,895 [INFO] ================================================================
2026-04-23 14:26:25,918 [INFO] マイグレーション: v_race_mart ビューを再作成しました
2026-04-23 14:26:25,918 [INFO] DB 初期化完了: C:\dev\horse-racing-ai\data\umalogi.db
2026-04-23 14:26:25,922 [INFO] ─── DB 状態 [実行後] ───────────────────────────────────────
2026-04-23 14:26:25,922 [INFO]   races                 :     1650 件
2026-04-23 14:26:25,922 [INFO]   race_results          :    23085 件
2026-04-23 14:26:25,922 [INFO]   race_payouts          :    18513 件
2026-04-23 14:26:25,922 [INFO]   jockeys               :      479 件
2026-04-23 14:26:25,922 [INFO]   trainers              :      369 件
2026-04-23 14:26:25,922 [INFO]   racehorses            :    35313 件
2026-04-23 14:26:25,922 [INFO]   training_times        :   159023 件
2026-04-23 14:26:25,922 [INFO]   training_hillwork     :        0 件
2026-04-23 14:26:25,922 [INFO] ────────────────────────────────────────────────────────────────
2026-04-23 14:26:25,922 [INFO] ダッシュボード JSON 更新: py C:\dev\horse-racing-ai\web\generate_data.py
2026-04-23 14:26:29,471 [INFO] ダッシュボード JSON 更新完了
2026-04-23 14:26:29,471 [INFO] 次のステップ:
2026-04-23 14:26:29,471 [INFO]   フルリトレイン  : py -m src.ops.retrain_trigger
2026-04-23 14:26:29,471 [INFO]   EV閾値バックテスト: py scripts/backtest_ev_threshold.py --bet-type 単勝
2026-04-25 18:36:09,877 [INFO] ================================================================
2026-04-25 18:36:09,878 [INFO]   UMALOGI 過去データ一括インポート
2026-04-25 18:36:09,880 [INFO]   対象: 2025〜2025年  モード: setup  dry_run: True
2026-04-25 18:36:09,880 [INFO] ================================================================
2026-04-25 18:36:09,880 [INFO]   ⚠️  netkeiba スクレイピング: 絶対禁止（IP BAN 防止）
2026-04-25 18:36:09,909 [INFO]   ✅  JVLink (JRA-VAN 公式 COM API) のみ使用
2026-04-25 18:36:09,910 [INFO] ================================================================
2026-04-25 18:36:09,910 [INFO] ━━━ STEP 2: RACE 一括取得 2025〜2025年 [OPT_SETUP] ━━━━━━━━━━━━━━━━━━━━━━━━━━━━━
2026-04-25 18:36:09,910 [INFO]   取得方針: netkeiba スクレイピング 0件 / JVLink (OPT_SETUP) のみ使用
2026-04-25 18:36:09,910 [INFO] ================================================================
2026-04-25 18:36:09,910 [INFO] [RACE 2025年 [OPT_SETUP]] 取得開始
2026-04-25 18:36:09,910 [INFO]   コマンド: py -3.14-32 -m src.scraper.jravan_client --fromtime 20250101 --dataspec RACE --option 2
2026-04-25 18:36:09,911 [INFO]   fromtime=20250101  dataspec=RACE  option=2
2026-04-25 18:36:09,911 [INFO] ================================================================
2026-04-25 18:36:09,911 [INFO]   [DRY-RUN] 実行スキップ
2026-04-25 18:36:09,911 [INFO] ━━━ STEP 2 完了: 全成功 ━━━━━━━━━━━━━━━━━━━━━━━━━━━━━━━━━━━━━━━━━━━━
2026-04-25 18:36:09,911 [INFO] ================================================================
2026-04-25 18:36:09,911 [INFO]   一括インポート完了 (経過時間: 0 秒 / 0.0 分)
2026-04-25 18:36:09,911 [INFO]   ステップ別結果:
2026-04-25 18:36:09,911 [INFO]     STEP2_races           : ✅ 成功
2026-04-25 18:36:09,912 [INFO] ================================================================
2026-04-25 18:36:09,912 [INFO] 次のステップ:
2026-04-25 18:36:09,912 [INFO]   フルリトレイン  : py -m src.ops.retrain_trigger
2026-04-25 18:36:09,912 [INFO]   EV閾値バックテスト: py scripts/backtest_ev_threshold.py --bet-type 単勝
2026-04-25 18:36:57,433 [INFO] ================================================================
2026-04-25 18:36:57,433 [INFO]   UMALOGI 過去データ一括インポート
2026-04-25 18:36:57,433 [INFO]   対象: 2025〜2025年  モード: stored  dry_run: False
2026-04-25 18:36:57,433 [INFO] ================================================================
2026-04-25 18:36:57,433 [INFO]   ⚠️  netkeiba スクレイピング: 絶対禁止（IP BAN 防止）
2026-04-25 18:36:57,435 [INFO]   ✅  JVLink (JRA-VAN 公式 COM API) のみ使用
2026-04-25 18:36:57,436 [INFO] ================================================================
2026-04-25 18:36:57,517 [INFO] マイグレーション: v_race_mart ビューを再作成しました
2026-04-25 18:36:57,518 [INFO] DB 初期化完了: C:\dev\horse-racing-ai\data\umalogi.db
