10:35:12 INFO self_heal: ============================================================
10:35:12 INFO self_heal: UMALOGI Self-Healing Monitor 起動
10:35:12 INFO self_heal: 対象日: 20260510  チェック間隔: 5 分
10:35:12 INFO self_heal: ============================================================
10:35:14 INFO self_heal: ━━ チェック開始: 20260510 ━━
10:35:14 INFO self_heal: ✅ 異常なし — 全データ正常
10:35:14 INFO self_heal: 次のチェックまで 300 秒待機...
10:40:14 INFO self_heal: ━━ チェック開始: 20260510 ━━
10:40:14 INFO self_heal: ✅ 異常なし — 全データ正常
10:40:14 INFO self_heal: 次のチェックまで 300 秒待機...
10:45:14 INFO self_heal: ━━ チェック開始: 20260510 ━━
10:45:14 INFO self_heal: ✅ 異常なし — 全データ正常
10:45:14 INFO self_heal: 次のチェックまで 300 秒待機...
10:50:15 INFO self_heal: ━━ チェック開始: 20260510 ━━
10:50:15 INFO self_heal: ✅ 異常なし — 全データ正常
10:50:15 INFO self_heal: 次のチェックまで 300 秒待機...
10:55:15 INFO self_heal: ━━ チェック開始: 20260510 ━━
10:55:15 INFO self_heal: ✅ 異常なし — 全データ正常
10:55:15 INFO self_heal: 次のチェックまで 300 秒待機...
11:00:15 INFO self_heal: ━━ チェック開始: 20260510 ━━
11:00:15 INFO self_heal: ✅ 異常なし — 全データ正常
11:00:15 INFO self_heal: 次のチェックまで 300 秒待機...
11:05:15 INFO self_heal: ━━ チェック開始: 20260510 ━━
11:05:15 INFO self_heal: ✅ 異常なし — 全データ正常
11:05:15 INFO self_heal: 次のチェックまで 300 秒待機...
11:10:15 INFO self_heal: ━━ チェック開始: 20260510 ━━
11:10:15 INFO self_heal: ✅ 異常なし — 全データ正常
11:10:15 INFO self_heal: 次のチェックまで 300 秒待機...
11:15:16 INFO self_heal: ━━ チェック開始: 20260510 ━━
11:15:16 INFO self_heal: ✅ 異常なし — 全データ正常
11:15:16 INFO self_heal: 次のチェックまで 300 秒待機...
11:20:16 INFO self_heal: ━━ チェック開始: 20260510 ━━
11:20:16 INFO self_heal: ✅ 異常なし — 全データ正常
11:20:16 INFO self_heal: 次のチェックまで 300 秒待機...
11:25:16 INFO self_heal: ━━ チェック開始: 20260510 ━━
11:25:16 INFO self_heal: ✅ 異常なし — 全データ正常
11:25:16 INFO self_heal: 次のチェックまで 300 秒待機...
11:30:16 INFO self_heal: ━━ チェック開始: 20260510 ━━
11:30:16 INFO self_heal: ✅ 異常なし — 全データ正常
11:30:16 INFO self_heal: 次のチェックまで 300 秒待機...
11:35:16 INFO self_heal: ━━ チェック開始: 20260510 ━━
11:35:16 INFO self_heal: ✅ 異常なし — 全データ正常
11:35:16 INFO self_heal: 次のチェックまで 300 秒待機...
11:40:16 INFO self_heal: ━━ チェック開始: 20260510 ━━
11:40:16 INFO self_heal: ✅ 異常なし — 全データ正常
11:40:16 INFO self_heal: 次のチェックまで 300 秒待機...
11:45:17 INFO self_heal: ━━ チェック開始: 20260510 ━━
11:45:17 INFO self_heal: ✅ 異常なし — 全データ正常
11:45:17 INFO self_heal: 次のチェックまで 300 秒待機...
11:50:17 INFO self_heal: ━━ チェック開始: 20260510 ━━
11:50:17 INFO self_heal: ✅ 異常なし — 全データ正常
11:50:17 INFO self_heal: 次のチェックまで 300 秒待機...
11:55:17 INFO self_heal: ━━ チェック開始: 20260510 ━━
11:55:17 INFO self_heal: ✅ 異常なし — 全データ正常
11:55:17 INFO self_heal: 次のチェックまで 300 秒待機...
12:00:17 INFO self_heal: ━━ チェック開始: 20260510 ━━
12:00:17 INFO self_heal: ✅ 異常なし — 全データ正常
12:00:17 INFO self_heal: 次のチェックまで 300 秒待機...
12:05:18 INFO self_heal: ━━ チェック開始: 20260510 ━━
12:05:18 INFO self_heal: ✅ 異常なし — 全データ正常
12:05:18 INFO self_heal: 次のチェックまで 300 秒待機...
12:10:19 INFO self_heal: ━━ チェック開始: 20260510 ━━
12:10:19 INFO self_heal: ✅ 異常なし — 全データ正常
12:10:19 INFO self_heal: 次のチェックまで 300 秒待機...
12:15:23 INFO self_heal: ━━ チェック開始: 20260510 ━━
12:15:23 INFO self_heal: ✅ 異常なし — 全データ正常
12:15:23 INFO self_heal: 次のチェックまで 300 秒待機...
12:20:23 INFO self_heal: ━━ チェック開始: 20260510 ━━
12:20:23 INFO self_heal: ✅ 異常なし — 全データ正常
12:20:23 INFO self_heal: 次のチェックまで 300 秒待機...
12:25:24 INFO self_heal: ━━ チェック開始: 20260510 ━━
12:25:24 INFO self_heal: ✅ 異常なし — 全データ正常
12:25:24 INFO self_heal: 次のチェックまで 300 秒待機...
12:30:24 INFO self_heal: ━━ チェック開始: 20260510 ━━
12:30:24 INFO self_heal: ✅ 異常なし — 全データ正常
12:30:24 INFO self_heal: 次のチェックまで 300 秒待機...
12:35:24 INFO self_heal: ━━ チェック開始: 20260510 ━━
12:35:24 INFO self_heal: ✅ 異常なし — 全データ正常
12:35:24 INFO self_heal: 次のチェックまで 300 秒待機...
12:40:24 INFO self_heal: ━━ チェック開始: 20260510 ━━
12:40:24 INFO self_heal: ✅ 異常なし — 全データ正常
12:40:24 INFO self_heal: 次のチェックまで 300 秒待機...
12:45:25 INFO self_heal: ━━ チェック開始: 20260510 ━━
12:45:25 INFO self_heal: ✅ 異常なし — 全データ正常
12:45:25 INFO self_heal: 次のチェックまで 300 秒待機...
12:50:25 INFO self_heal: ━━ チェック開始: 20260510 ━━
12:50:25 INFO self_heal: ✅ 異常なし — 全データ正常
12:50:25 INFO self_heal: 次のチェックまで 300 秒待機...
12:55:25 INFO self_heal: ━━ チェック開始: 20260510 ━━
12:55:25 INFO self_heal: ✅ 異常なし — 全データ正常
12:55:25 INFO self_heal: 次のチェックまで 300 秒待機...
13:00:25 INFO self_heal: ━━ チェック開始: 20260510 ━━
13:00:25 INFO self_heal: ✅ 異常なし — 全データ正常
13:00:25 INFO self_heal: 次のチェックまで 300 秒待機...
13:05:26 INFO self_heal: ━━ チェック開始: 20260510 ━━
13:05:26 INFO self_heal: ✅ 異常なし — 全データ正常
13:05:26 INFO self_heal: 次のチェックまで 300 秒待機...
13:10:26 INFO self_heal: ━━ チェック開始: 20260510 ━━
13:10:26 INFO self_heal: ✅ 異常なし — 全データ正常
13:10:26 INFO self_heal: 次のチェックまで 300 秒待機...
13:15:26 INFO self_heal: ━━ チェック開始: 20260510 ━━
13:15:26 INFO self_heal: ✅ 異常なし — 全データ正常
13:15:26 INFO self_heal: 次のチェックまで 300 秒待機...
13:20:26 INFO self_heal: ━━ チェック開始: 20260510 ━━
13:20:26 INFO self_heal: ✅ 異常なし — 全データ正常
13:20:26 INFO self_heal: 次のチェックまで 300 秒待機...
13:25:26 INFO self_heal: ━━ チェック開始: 20260510 ━━
13:25:26 INFO self_heal: ✅ 異常なし — 全データ正常
13:25:26 INFO self_heal: 次のチェックまで 300 秒待機...
13:30:27 INFO self_heal: ━━ チェック開始: 20260510 ━━
13:30:27 INFO self_heal: ✅ 異常なし — 全データ正常
13:30:27 INFO self_heal: 次のチェックまで 300 秒待機...
13:35:27 INFO self_heal: ━━ チェック開始: 20260510 ━━
13:35:27 INFO self_heal: ✅ 異常なし — 全データ正常
13:35:27 INFO self_heal: 次のチェックまで 300 秒待機...
13:40:27 INFO self_heal: ━━ チェック開始: 20260510 ━━
13:40:27 INFO self_heal: ✅ 異常なし — 全データ正常
13:40:27 INFO self_heal: 次のチェックまで 300 秒待機...
13:45:27 INFO self_heal: ━━ チェック開始: 20260510 ━━
13:45:27 INFO self_heal: ✅ 異常なし — 全データ正常
13:45:27 INFO self_heal: 次のチェックまで 300 秒待機...
13:50:27 INFO self_heal: ━━ チェック開始: 20260510 ━━
13:50:27 INFO self_heal: ✅ 異常なし — 全データ正常
13:50:27 INFO self_heal: 次のチェックまで 300 秒待機...
13:55:28 INFO self_heal: ━━ チェック開始: 20260510 ━━
13:55:28 INFO self_heal: ✅ 異常なし — 全データ正常
13:55:28 INFO self_heal: 次のチェックまで 300 秒待機...
14:00:28 INFO self_heal: ━━ チェック開始: 20260510 ━━
14:00:28 INFO self_heal: ✅ 異常なし — 全データ正常
14:00:28 INFO self_heal: 次のチェックまで 300 秒待機...
14:05:28 INFO self_heal: ━━ チェック開始: 20260510 ━━
14:05:28 INFO self_heal: ✅ 異常なし — 全データ正常
14:05:28 INFO self_heal: 次のチェックまで 300 秒待機...
14:10:28 INFO self_heal: ━━ チェック開始: 20260510 ━━
14:10:28 INFO self_heal: ✅ 異常なし — 全データ正常
14:10:28 INFO self_heal: 次のチェックまで 300 秒待機...
14:15:29 INFO self_heal: ━━ チェック開始: 20260510 ━━
14:15:29 INFO self_heal: ✅ 異常なし — 全データ正常
14:15:29 INFO self_heal: 次のチェックまで 300 秒待機...
14:20:29 INFO self_heal: ━━ チェック開始: 20260510 ━━
14:20:29 INFO self_heal: ✅ 異常なし — 全データ正常
14:20:29 INFO self_heal: 次のチェックまで 300 秒待機...
14:25:29 INFO self_heal: ━━ チェック開始: 20260510 ━━
14:25:29 INFO self_heal: ✅ 異常なし — 全データ正常
14:25:29 INFO self_heal: 次のチェックまで 300 秒待機...
14:30:29 INFO self_heal: ━━ チェック開始: 20260510 ━━
14:30:29 INFO self_heal: ✅ 異常なし — 全データ正常
14:30:29 INFO self_heal: 次のチェックまで 300 秒待機...
14:35:29 INFO self_heal: ━━ チェック開始: 20260510 ━━
14:35:29 INFO self_heal: ✅ 異常なし — 全データ正常
14:35:29 INFO self_heal: 次のチェックまで 300 秒待機...
14:40:30 INFO self_heal: ━━ チェック開始: 20260510 ━━
14:40:30 INFO self_heal: ✅ 異常なし — 全データ正常
14:40:30 INFO self_heal: 次のチェックまで 300 秒待機...
14:45:30 INFO self_heal: ━━ チェック開始: 20260510 ━━
14:45:30 INFO self_heal: ✅ 異常なし — 全データ正常
14:45:30 INFO self_heal: 次のチェックまで 300 秒待機...
14:50:30 INFO self_heal: ━━ チェック開始: 20260510 ━━
14:50:30 INFO self_heal: ✅ 異常なし — 全データ正常
14:50:30 INFO self_heal: 次のチェックまで 300 秒待機...
14:55:30 INFO self_heal: ━━ チェック開始: 20260510 ━━
14:55:30 INFO self_heal: ✅ 異常なし — 全データ正常
14:55:30 INFO self_heal: 次のチェックまで 300 秒待機...
15:00:31 INFO self_heal: ━━ チェック開始: 20260510 ━━
15:00:31 INFO self_heal: ✅ 異常なし — 全データ正常
15:00:31 INFO self_heal: 次のチェックまで 300 秒待機...
15:05:31 INFO self_heal: ━━ チェック開始: 20260510 ━━
15:05:31 INFO self_heal: ✅ 異常なし — 全データ正常
15:05:31 INFO self_heal: 次のチェックまで 300 秒待機...
15:10:31 INFO self_heal: ━━ チェック開始: 20260510 ━━
15:10:31 INFO self_heal: ✅ 異常なし — 全データ正常
15:10:31 INFO self_heal: 次のチェックまで 300 秒待機...
15:15:31 INFO self_heal: ━━ チェック開始: 20260510 ━━
15:15:31 INFO self_heal: ✅ 異常なし — 全データ正常
15:15:31 INFO self_heal: 次のチェックまで 300 秒待機...
15:20:31 INFO self_heal: ━━ チェック開始: 20260510 ━━
15:20:31 INFO self_heal: ✅ 異常なし — 全データ正常
15:20:31 INFO self_heal: 次のチェックまで 300 秒待機...
15:25:32 INFO self_heal: ━━ チェック開始: 20260510 ━━
15:25:32 INFO self_heal: ✅ 異常なし — 全データ正常
15:25:32 INFO self_heal: 次のチェックまで 300 秒待機...
15:30:32 INFO self_heal: ━━ チェック開始: 20260510 ━━
15:30:32 INFO self_heal: ✅ 異常なし — 全データ正常
15:30:32 INFO self_heal: 次のチェックまで 300 秒待機...
15:35:32 INFO self_heal: ━━ チェック開始: 20260510 ━━
15:35:32 INFO self_heal: ✅ 異常なし — 全データ正常
15:35:32 INFO self_heal: 次のチェックまで 300 秒待機...
15:40:33 INFO self_heal: ━━ チェック開始: 20260510 ━━
15:40:33 INFO self_heal: ✅ 異常なし — 全データ正常
15:40:33 INFO self_heal: 次のチェックまで 300 秒待機...
15:45:33 INFO self_heal: ━━ チェック開始: 20260510 ━━
15:45:33 INFO self_heal: ✅ 異常なし — 全データ正常
15:45:33 INFO self_heal: 次のチェックまで 300 秒待機...
15:50:33 INFO self_heal: ━━ チェック開始: 20260510 ━━
15:50:33 INFO self_heal: ✅ 異常なし — 全データ正常
15:50:33 INFO self_heal: 次のチェックまで 300 秒待機...
15:55:33 INFO self_heal: ━━ チェック開始: 20260510 ━━
15:55:33 INFO self_heal: ✅ 異常なし — 全データ正常
15:55:33 INFO self_heal: 次のチェックまで 300 秒待機...
16:00:34 INFO self_heal: ━━ チェック開始: 20260510 ━━
16:00:34 INFO self_heal: ✅ 異常なし — 全データ正常
16:00:34 INFO self_heal: 次のチェックまで 300 秒待機...
16:05:34 INFO self_heal: ━━ チェック開始: 20260510 ━━
16:05:34 INFO self_heal: ✅ 異常なし — 全データ正常
16:05:34 INFO self_heal: 次のチェックまで 300 秒待機...
16:10:34 INFO self_heal: ━━ チェック開始: 20260510 ━━
16:10:34 INFO self_heal: ✅ 異常なし — 全データ正常
16:10:34 INFO self_heal: 次のチェックまで 300 秒待機...
16:15:34 INFO self_heal: ━━ チェック開始: 20260510 ━━
16:15:34 INFO self_heal: ✅ 異常なし — 全データ正常
16:15:34 INFO self_heal: 次のチェックまで 300 秒待機...
16:20:34 INFO self_heal: ━━ チェック開始: 20260510 ━━
16:20:34 INFO self_heal: ✅ 異常なし — 全データ正常
16:20:34 INFO self_heal: 次のチェックまで 300 秒待機...
16:25:35 INFO self_heal: ━━ チェック開始: 20260510 ━━
16:25:35 INFO self_heal: ✅ 異常なし — 全データ正常
16:25:35 INFO self_heal: 次のチェックまで 300 秒待機...
16:30:35 INFO self_heal: ━━ チェック開始: 20260510 ━━
16:30:35 INFO self_heal: ✅ 異常なし — 全データ正常
16:30:35 INFO self_heal: 次のチェックまで 300 秒待機...
16:35:35 INFO self_heal: ━━ チェック開始: 20260510 ━━
16:35:35 INFO self_heal: ✅ 異常なし — 全データ正常
16:35:35 INFO self_heal: 次のチェックまで 300 秒待機...
16:40:35 INFO self_heal: ━━ チェック開始: 20260510 ━━
16:40:35 INFO self_heal: ✅ 異常なし — 全データ正常
16:40:35 INFO self_heal: 次のチェックまで 300 秒待機...
16:45:36 INFO self_heal: ━━ チェック開始: 20260510 ━━
16:45:36 INFO self_heal: ✅ 異常なし — 全データ正常
16:45:36 INFO self_heal: 次のチェックまで 300 秒待機...
16:50:36 INFO self_heal: ━━ チェック開始: 20260510 ━━
16:50:36 INFO self_heal: ✅ 異常なし — 全データ正常
16:50:36 INFO self_heal: 次のチェックまで 300 秒待機...
16:55:36 INFO self_heal: ━━ チェック開始: 20260510 ━━
16:55:36 INFO self_heal: ✅ 異常なし — 全データ正常
16:55:36 INFO self_heal: 次のチェックまで 300 秒待機...
17:00:36 INFO self_heal: ━━ チェック開始: 20260510 ━━
17:00:36 INFO self_heal: ✅ 異常なし — 全データ正常
17:00:36 INFO self_heal: 次のチェックまで 300 秒待機...
17:05:36 INFO self_heal: ━━ チェック開始: 20260510 ━━
17:05:36 INFO self_heal: ✅ 異常なし — 全データ正常
17:05:36 INFO self_heal: 次のチェックまで 300 秒待機...
17:10:36 INFO self_heal: ━━ チェック開始: 20260510 ━━
17:10:36 INFO self_heal: ✅ 異常なし — 全データ正常
17:10:36 INFO self_heal: 次のチェックまで 300 秒待機...
17:15:37 INFO self_heal: ━━ チェック開始: 20260510 ━━
17:15:37 INFO self_heal: ✅ 異常なし — 全データ正常
17:15:37 INFO self_heal: 次のチェックまで 300 秒待機...
17:20:37 INFO self_heal: ━━ チェック開始: 20260510 ━━
17:20:37 INFO self_heal: ✅ 異常なし — 全データ正常
17:20:37 INFO self_heal: 次のチェックまで 300 秒待機...
17:25:37 INFO self_heal: ━━ チェック開始: 20260510 ━━
17:25:37 INFO self_heal: ✅ 異常なし — 全データ正常
17:25:37 INFO self_heal: 次のチェックまで 300 秒待機...
17:30:37 INFO self_heal: ━━ チェック開始: 20260510 ━━
17:30:37 INFO self_heal: ✅ 異常なし — 全データ正常
17:30:37 INFO self_heal: 次のチェックまで 300 秒待機...
17:35:38 INFO self_heal: ━━ チェック開始: 20260510 ━━
17:35:38 INFO self_heal: ✅ 異常なし — 全データ正常
17:35:38 INFO self_heal: 次のチェックまで 300 秒待機...
17:40:38 INFO self_heal: ━━ チェック開始: 20260510 ━━
17:40:38 INFO self_heal: ✅ 異常なし — 全データ正常
17:40:38 INFO self_heal: 次のチェックまで 300 秒待機...
17:45:38 INFO self_heal: ━━ チェック開始: 20260510 ━━
17:45:38 INFO self_heal: ✅ 異常なし — 全データ正常
17:45:38 INFO self_heal: 次のチェックまで 300 秒待機...
17:50:38 INFO self_heal: ━━ チェック開始: 20260510 ━━
17:50:38 INFO self_heal: ✅ 異常なし — 全データ正常
17:50:38 INFO self_heal: 次のチェックまで 300 秒待機...
17:55:39 INFO self_heal: ━━ チェック開始: 20260510 ━━
17:55:39 INFO self_heal: ✅ 異常なし — 全データ正常
17:55:39 INFO self_heal: 次のチェックまで 300 秒待機...
18:00:39 INFO self_heal: ━━ チェック開始: 20260510 ━━
18:00:39 INFO self_heal: ✅ 異常なし — 全データ正常
18:00:39 INFO self_heal: 次のチェックまで 300 秒待機...
18:05:39 INFO self_heal: ━━ チェック開始: 20260510 ━━
18:05:39 INFO self_heal: ✅ 異常なし — 全データ正常
18:05:39 INFO self_heal: 次のチェックまで 300 秒待機...
18:10:39 INFO self_heal: ━━ チェック開始: 20260510 ━━
18:10:39 INFO self_heal: ✅ 異常なし — 全データ正常
18:10:39 INFO self_heal: 次のチェックまで 300 秒待機...
18:15:39 INFO self_heal: ━━ チェック開始: 20260510 ━━
18:15:39 INFO self_heal: ✅ 異常なし — 全データ正常
18:15:39 INFO self_heal: 次のチェックまで 300 秒待機...
18:20:40 INFO self_heal: ━━ チェック開始: 20260510 ━━
18:20:40 INFO self_heal: ✅ 異常なし — 全データ正常
18:20:40 INFO self_heal: 次のチェックまで 300 秒待機...
18:25:40 INFO self_heal: ━━ チェック開始: 20260510 ━━
18:25:40 INFO self_heal: ✅ 異常なし — 全データ正常
18:25:40 INFO self_heal: 次のチェックまで 300 秒待機...
18:30:40 INFO self_heal: ━━ チェック開始: 20260510 ━━
18:30:40 INFO self_heal: ✅ 異常なし — 全データ正常
18:30:40 INFO self_heal: 次のチェックまで 300 秒待機...
18:35:40 INFO self_heal: ━━ チェック開始: 20260510 ━━
18:35:40 INFO self_heal: ✅ 異常なし — 全データ正常
18:35:40 INFO self_heal: 次のチェックまで 300 秒待機...
18:40:40 INFO self_heal: ━━ チェック開始: 20260510 ━━
18:40:40 INFO self_heal: ✅ 異常なし — 全データ正常
18:40:40 INFO self_heal: 次のチェックまで 300 秒待機...
18:45:41 INFO self_heal: ━━ チェック開始: 20260510 ━━
18:45:41 INFO self_heal: ✅ 異常なし — 全データ正常
18:45:41 INFO self_heal: 次のチェックまで 300 秒待機...
18:50:41 INFO self_heal: ━━ チェック開始: 20260510 ━━
18:50:41 INFO self_heal: ✅ 異常なし — 全データ正常
18:50:41 INFO self_heal: 次のチェックまで 300 秒待機...
18:55:41 INFO self_heal: ━━ チェック開始: 20260510 ━━
18:55:41 INFO self_heal: ✅ 異常なし — 全データ正常
18:55:41 INFO self_heal: 次のチェックまで 300 秒待機...
19:00:41 INFO self_heal: ━━ チェック開始: 20260510 ━━
19:00:41 INFO self_heal: ✅ 異常なし — 全データ正常
19:00:41 INFO self_heal: 次のチェックまで 300 秒待機...
19:05:42 INFO self_heal: ━━ チェック開始: 20260510 ━━
19:05:42 INFO self_heal: ✅ 異常なし — 全データ正常
19:05:42 INFO self_heal: 次のチェックまで 300 秒待機...
19:10:42 INFO self_heal: ━━ チェック開始: 20260510 ━━
19:10:42 INFO self_heal: ✅ 異常なし — 全データ正常
19:10:42 INFO self_heal: 次のチェックまで 300 秒待機...
19:15:42 INFO self_heal: ━━ チェック開始: 20260510 ━━
19:15:42 INFO self_heal: ✅ 異常なし — 全データ正常
19:15:42 INFO self_heal: 次のチェックまで 300 秒待機...
19:20:42 INFO self_heal: ━━ チェック開始: 20260510 ━━
19:20:42 INFO self_heal: ✅ 異常なし — 全データ正常
19:20:42 INFO self_heal: 次のチェックまで 300 秒待機...
19:25:43 INFO self_heal: ━━ チェック開始: 20260510 ━━
19:25:43 INFO self_heal: ✅ 異常なし — 全データ正常
19:25:43 INFO self_heal: 次のチェックまで 300 秒待機...
19:30:43 INFO self_heal: ━━ チェック開始: 20260510 ━━
19:30:43 INFO self_heal: ✅ 異常なし — 全データ正常
19:30:43 INFO self_heal: 次のチェックまで 300 秒待機...
19:35:43 INFO self_heal: ━━ チェック開始: 20260510 ━━
19:35:43 INFO self_heal: ✅ 異常なし — 全データ正常
19:35:43 INFO self_heal: 次のチェックまで 300 秒待機...
19:40:43 INFO self_heal: ━━ チェック開始: 20260510 ━━
19:40:43 INFO self_heal: ✅ 異常なし — 全データ正常
19:40:43 INFO self_heal: 次のチェックまで 300 秒待機...
19:45:43 INFO self_heal: ━━ チェック開始: 20260510 ━━
19:45:43 INFO self_heal: ✅ 異常なし — 全データ正常
19:45:43 INFO self_heal: 次のチェックまで 300 秒待機...
19:50:44 INFO self_heal: ━━ チェック開始: 20260510 ━━
19:50:44 INFO self_heal: ✅ 異常なし — 全データ正常
19:50:44 INFO self_heal: 次のチェックまで 300 秒待機...
19:55:44 INFO self_heal: ━━ チェック開始: 20260510 ━━
19:55:44 INFO self_heal: ✅ 異常なし — 全データ正常
19:55:44 INFO self_heal: 次のチェックまで 300 秒待機...
20:00:44 INFO self_heal: ━━ チェック開始: 20260510 ━━
20:00:44 INFO self_heal: ✅ 異常なし — 全データ正常
20:00:44 INFO self_heal: 次のチェックまで 300 秒待機...
20:05:44 INFO self_heal: ━━ チェック開始: 20260510 ━━
20:05:44 INFO self_heal: ✅ 異常なし — 全データ正常
20:05:44 INFO self_heal: 次のチェックまで 300 秒待機...
20:10:45 INFO self_heal: ━━ チェック開始: 20260510 ━━
20:10:45 INFO self_heal: ✅ 異常なし — 全データ正常
20:10:45 INFO self_heal: 次のチェックまで 300 秒待機...
20:15:45 INFO self_heal: ━━ チェック開始: 20260510 ━━
20:15:45 INFO self_heal: ✅ 異常なし — 全データ正常
20:15:45 INFO self_heal: 次のチェックまで 300 秒待機...
20:20:46 INFO self_heal: ━━ チェック開始: 20260510 ━━
20:20:46 INFO self_heal: ✅ 異常なし — 全データ正常
20:20:46 INFO self_heal: 次のチェックまで 300 秒待機...
20:25:47 INFO self_heal: ━━ チェック開始: 20260510 ━━
20:25:47 INFO self_heal: ✅ 異常なし — 全データ正常
20:25:47 INFO self_heal: 次のチェックまで 300 秒待機...
20:30:47 INFO self_heal: ━━ チェック開始: 20260510 ━━
20:30:47 INFO self_heal: ✅ 異常なし — 全データ正常
20:30:47 INFO self_heal: 次のチェックまで 300 秒待機...
20:35:47 INFO self_heal: ━━ チェック開始: 20260510 ━━
20:35:47 INFO self_heal: ✅ 異常なし — 全データ正常
20:35:47 INFO self_heal: 次のチェックまで 300 秒待機...
20:40:47 INFO self_heal: ━━ チェック開始: 20260510 ━━
20:40:47 INFO self_heal: ✅ 異常なし — 全データ正常
20:40:47 INFO self_heal: 次のチェックまで 300 秒待機...
20:45:47 INFO self_heal: ━━ チェック開始: 20260510 ━━
20:45:47 INFO self_heal: ✅ 異常なし — 全データ正常
20:45:47 INFO self_heal: 次のチェックまで 300 秒待機...
20:50:48 INFO self_heal: ━━ チェック開始: 20260510 ━━
20:50:48 INFO self_heal: ✅ 異常なし — 全データ正常
20:50:48 INFO self_heal: 次のチェックまで 300 秒待機...
20:55:48 INFO self_heal: ━━ チェック開始: 20260510 ━━
20:55:48 INFO self_heal: ✅ 異常なし — 全データ正常
20:55:48 INFO self_heal: 次のチェックまで 300 秒待機...
21:00:48 INFO self_heal: ━━ チェック開始: 20260510 ━━
21:00:48 INFO self_heal: ✅ 異常なし — 全データ正常
21:00:48 INFO self_heal: 次のチェックまで 300 秒待機...
21:05:48 INFO self_heal: ━━ チェック開始: 20260510 ━━
21:05:48 INFO self_heal: ✅ 異常なし — 全データ正常
21:05:48 INFO self_heal: 次のチェックまで 300 秒待機...
21:10:48 INFO self_heal: ━━ チェック開始: 20260510 ━━
21:10:48 INFO self_heal: ✅ 異常なし — 全データ正常
21:10:48 INFO self_heal: 次のチェックまで 300 秒待機...
21:15:49 INFO self_heal: ━━ チェック開始: 20260510 ━━
21:15:49 INFO self_heal: ✅ 異常なし — 全データ正常
21:15:49 INFO self_heal: 次のチェックまで 300 秒待機...
21:20:49 INFO self_heal: ━━ チェック開始: 20260510 ━━
21:20:49 INFO self_heal: ✅ 異常なし — 全データ正常
21:20:49 INFO self_heal: 次のチェックまで 300 秒待機...
21:25:50 INFO self_heal: ━━ チェック開始: 20260510 ━━
21:25:50 INFO self_heal: ✅ 異常なし — 全データ正常
21:25:50 INFO self_heal: 次のチェックまで 300 秒待機...
