
=================================================================
  UMALOGI 全券種 Walk-Forward バックテスト
  期間: 2025-01 〜 2026-05
  カンニング完全排除 / 固定¥100ベット / 全7券種
=================================================================


  月次 Walk-Forward: 17 窓 (2025-01 〜 2026-05)
  EV閾値: ≥1.3  固定¥100ベット
  [フルモード] expanding window差分ロード + float32 + max_bin=127

  エンコードマップ構築中... venue=10 jockey=0 trainer=0
[01/17] テスト月: 2025-01  (学習カットオフ: 2024-12-31)
       テスト: 240レース / 3603頭
       本命×単勝: 240点 的中17(7.1%) ROI=75.5%❌  AUC=0.5393
[02/17] テスト月: 2025-02  (学習カットオフ: 2025-01-31)
C:\dev\horse-racing-ai\scripts\wf_backtest_full.py:484: FutureWarning: The behavior of DataFrame concatenation with empty or all-NA entries is deprecated. In a future version, this will no longer exclude empty or all-NA columns when determining the result dtypes. To retain the old behavior, exclude the relevant entries before the concat operation.
  _train_cache = pd.concat([_train_cache, delta_enc], ignore_index=True)
       テスト: 288レース / 4017頭
       本命×単勝: 288点 的中19(6.6%) ROI=35.5%❌  AUC=0.5646
[03/17] テスト月: 2025-03  (学習カットオフ: 2025-02-28)
C:\dev\horse-racing-ai\scripts\wf_backtest_full.py:484: FutureWarning: The behavior of DataFrame concatenation with empty or all-NA entries is deprecated. In a future version, this will no longer exclude empty or all-NA columns when determining the result dtypes. To retain the old behavior, exclude the relevant entries before the concat operation.
  _train_cache = pd.concat([_train_cache, delta_enc], ignore_index=True)
       テスト: 336レース / 4783頭
       本命×単勝: 336点 的中31(9.2%) ROI=59.0%❌  AUC=0.5661
[04/17] テスト月: 2025-04  (学習カットオフ: 2025-03-31)
C:\dev\horse-racing-ai\scripts\wf_backtest_full.py:484: FutureWarning: The behavior of DataFrame concatenation with empty or all-NA entries is deprecated. In a future version, this will no longer exclude empty or all-NA columns when determining the result dtypes. To retain the old behavior, exclude the relevant entries before the concat operation.
  _train_cache = pd.concat([_train_cache, delta_enc], ignore_index=True)
       テスト: 264レース / 4289頭
       本命×単勝: 263点 的中26(9.9%) ROI=52.1%❌  AUC=0.5496
[05/17] テスト月: 2025-05  (学習カットオフ: 2025-04-30)
C:\dev\horse-racing-ai\scripts\wf_backtest_full.py:484: FutureWarning: The behavior of DataFrame concatenation with empty or all-NA entries is deprecated. In a future version, this will no longer exclude empty or all-NA columns when determining the result dtypes. To retain the old behavior, exclude the relevant entries before the concat operation.
  _train_cache = pd.concat([_train_cache, delta_enc], ignore_index=True)
       テスト: 311レース / 5144頭
       本命×単勝: 286点 的中20(7.0%) ROI=57.9%❌  AUC=0.5730
[06/17] テスト月: 2025-06  (学習カットオフ: 2025-05-31)
C:\dev\horse-racing-ai\scripts\wf_backtest_full.py:484: FutureWarning: The behavior of DataFrame concatenation with empty or all-NA entries is deprecated. In a future version, this will no longer exclude empty or all-NA columns when determining the result dtypes. To retain the old behavior, exclude the relevant entries before the concat operation.
  _train_cache = pd.concat([_train_cache, delta_enc], ignore_index=True)
       テスト: 288レース / 4600頭
       本命×単勝: 267点 的中21(7.9%) ROI=57.3%❌  AUC=0.5168
[07/17] テスト月: 2025-07  (学習カットオフ: 2025-06-30)
C:\dev\horse-racing-ai\scripts\wf_backtest_full.py:484: FutureWarning: The behavior of DataFrame concatenation with empty or all-NA entries is deprecated. In a future version, this will no longer exclude empty or all-NA columns when determining the result dtypes. To retain the old behavior, exclude the relevant entries before the concat operation.
  _train_cache = pd.concat([_train_cache, delta_enc], ignore_index=True)
       テスト: 288レース / 4042頭
       本命×単勝: 261点 的中17(6.5%) ROI=56.9%❌  AUC=0.5570
[08/17] テスト月: 2025-08  (学習カットオフ: 2025-07-31)
C:\dev\horse-racing-ai\scripts\wf_backtest_full.py:484: FutureWarning: The behavior of DataFrame concatenation with empty or all-NA entries is deprecated. In a future version, this will no longer exclude empty or all-NA columns when determining the result dtypes. To retain the old behavior, exclude the relevant entries before the concat operation.
  _train_cache = pd.concat([_train_cache, delta_enc], ignore_index=True)
       テスト: 360レース / 1753頭
       本命×単勝: 323点 的中92(28.5%) ROI=216.6%✅  AUC=0.6788
[09/17] テスト月: 2025-09  (学習カットオフ: 2025-08-31)
C:\dev\horse-racing-ai\scripts\wf_backtest_full.py:484: FutureWarning: The behavior of DataFrame concatenation with empty or all-NA entries is deprecated. In a future version, this will no longer exclude empty or all-NA columns when determining the result dtypes. To retain the old behavior, exclude the relevant entries before the concat operation.
  _train_cache = pd.concat([_train_cache, delta_enc], ignore_index=True)
       テスト: 240レース / 823頭
C:\Users\sayaka\AppData\Local\Python\pythoncore-3.14-64\Lib\site-packages\sklearn\metrics\_ranking.py:442: UndefinedMetricWarning: Only one class is present in y_true. ROC AUC score is not defined in that case.
  warnings.warn(
       本命×単勝: 216点 的中68(31.5%) ROI=189.0%✅  AUC=0.4843
[10/17] テスト月: 2025-10  (学習カットオフ: 2025-09-30)
C:\dev\horse-racing-ai\scripts\wf_backtest_full.py:484: FutureWarning: The behavior of DataFrame concatenation with empty or all-NA entries is deprecated. In a future version, this will no longer exclude empty or all-NA columns when determining the result dtypes. To retain the old behavior, exclude the relevant entries before the concat operation.
  _train_cache = pd.concat([_train_cache, delta_enc], ignore_index=True)
       テスト: 264レース / 927頭
C:\Users\sayaka\AppData\Local\Python\pythoncore-3.14-64\Lib\site-packages\sklearn\metrics\_ranking.py:442: UndefinedMetricWarning: Only one class is present in y_true. ROC AUC score is not defined in that case.
  warnings.warn(
       本命×単勝: 246点 的中77(31.3%) ROI=517.6%✅  AUC=0.4713
[11/17] テスト月: 2025-11  (学習カットオフ: 2025-10-31)
C:\dev\horse-racing-ai\scripts\wf_backtest_full.py:484: FutureWarning: The behavior of DataFrame concatenation with empty or all-NA entries is deprecated. In a future version, this will no longer exclude empty or all-NA columns when determining the result dtypes. To retain the old behavior, exclude the relevant entries before the concat operation.
  _train_cache = pd.concat([_train_cache, delta_enc], ignore_index=True)
       テスト: 311レース / 1092頭
C:\Users\sayaka\AppData\Local\Python\pythoncore-3.14-64\Lib\site-packages\sklearn\metrics\_ranking.py:442: UndefinedMetricWarning: Only one class is present in y_true. ROC AUC score is not defined in that case.
  warnings.warn(
       本命×単勝: 285点 的中88(30.9%) ROI=266.0%✅  AUC=0.4906
[12/17] テスト月: 2025-12  (学習カットオフ: 2025-11-30)
C:\dev\horse-racing-ai\scripts\wf_backtest_full.py:484: FutureWarning: The behavior of DataFrame concatenation with empty or all-NA entries is deprecated. In a future version, this will no longer exclude empty or all-NA columns when determining the result dtypes. To retain the old behavior, exclude the relevant entries before the concat operation.
  _train_cache = pd.concat([_train_cache, delta_enc], ignore_index=True)
       テスト: 264レース / 954頭
C:\Users\sayaka\AppData\Local\Python\pythoncore-3.14-64\Lib\site-packages\sklearn\metrics\_ranking.py:442: UndefinedMetricWarning: Only one class is present in y_true. ROC AUC score is not defined in that case.
  warnings.warn(
       本命×単勝: 246点 的中78(31.7%) ROI=267.5%✅  AUC=0.4976
[13/17] テスト月: 2026-01  (学習カットオフ: 2025-12-31)
C:\dev\horse-racing-ai\scripts\wf_backtest_full.py:484: FutureWarning: The behavior of DataFrame concatenation with empty or all-NA entries is deprecated. In a future version, this will no longer exclude empty or all-NA columns when determining the result dtypes. To retain the old behavior, exclude the relevant entries before the concat operation.
  _train_cache = pd.concat([_train_cache, delta_enc], ignore_index=True)
       テスト: 276レース / 1007頭
C:\Users\sayaka\AppData\Local\Python\pythoncore-3.14-64\Lib\site-packages\sklearn\metrics\_ranking.py:442: UndefinedMetricWarning: Only one class is present in y_true. ROC AUC score is not defined in that case.
  warnings.warn(
       本命×単勝: 260点 的中93(35.8%) ROI=650.3%✅  AUC=0.5091
[14/17] テスト月: 2026-02  (学習カットオフ: 2026-01-31)
C:\dev\horse-racing-ai\scripts\wf_backtest_full.py:484: FutureWarning: The behavior of DataFrame concatenation with empty or all-NA entries is deprecated. In a future version, this will no longer exclude empty or all-NA columns when determining the result dtypes. To retain the old behavior, exclude the relevant entries before the concat operation.
  _train_cache = pd.concat([_train_cache, delta_enc], ignore_index=True)
       テスト: 282レース / 968頭
C:\Users\sayaka\AppData\Local\Python\pythoncore-3.14-64\Lib\site-packages\sklearn\metrics\_ranking.py:442: UndefinedMetricWarning: Only one class is present in y_true. ROC AUC score is not defined in that case.
  warnings.warn(
       本命×単勝: 253点 的中78(30.8%) ROI=263.9%✅  AUC=0.4934
[15/17] テスト月: 2026-03  (学習カットオフ: 2026-02-28)
C:\dev\horse-racing-ai\scripts\wf_backtest_full.py:484: FutureWarning: The behavior of DataFrame concatenation with empty or all-NA entries is deprecated. In a future version, this will no longer exclude empty or all-NA columns when determining the result dtypes. To retain the old behavior, exclude the relevant entries before the concat operation.
  _train_cache = pd.concat([_train_cache, delta_enc], ignore_index=True)
       テスト: 300レース / 1086頭
C:\Users\sayaka\AppData\Local\Python\pythoncore-3.14-64\Lib\site-packages\sklearn\metrics\_ranking.py:442: UndefinedMetricWarning: Only one class is present in y_true. ROC AUC score is not defined in that case.
  warnings.warn(
       本命×単勝: 274点 的中85(31.0%) ROI=463.2%✅  AUC=0.4845
[16/17] テスト月: 2026-04  (学習カットオフ: 2026-03-31)
C:\dev\horse-racing-ai\scripts\wf_backtest_full.py:484: FutureWarning: The behavior of DataFrame concatenation with empty or all-NA entries is deprecated. In a future version, this will no longer exclude empty or all-NA columns when determining the result dtypes. To retain the old behavior, exclude the relevant entries before the concat operation.
  _train_cache = pd.concat([_train_cache, delta_enc], ignore_index=True)
       テスト: 264レース / 4567頭
       本命×単勝: 264点 的中58(22.0%) ROI=1897.2%✅  AUC=0.5716
[17/17] テスト月: 2026-05  (学習カットオフ: 2026-04-30)
       テスト: 140レース / 789頭
       本命×単勝: 140点 的中36(25.7%) ROI=1643.4%✅  AUC=0.6678

  Walk-Forward 完了: 合計357件のシミュレーション結果
[JSON保存] C:\dev\horse-racing-ai\data\wf_backtest_full_mode.json

========================================================================
  UMALOGI 全券種 Walk-Forward バックテスト — 最終報告
  対象期間: 2025-01 〜 2026-05
  モデル: 本命/複勝/卍  馬券: 全7種  固定¥100ベット
  ※ 月単位でモデル再学習 — カンニングなし厳守
========================================================================

────────────────────────────────────────────────────────────────────────
  【✅ 通算ROI 100%超 — 推奨候補】
────────────────────────────────────────────────────────────────────────
   ランク    モデル    券種       ROI      的中率        N            損益    月数
  --------------------------------------------------------------------
     1     複勝   三連単   9809.3%     6.2%    4,657  ¥+45,216,350   17窓  ★★★
     2     本命   三連単   8396.5%     6.1%    4,657  ¥+38,636,910   17窓  ★★★
     3      卍   三連単   6887.0%     5.8%    4,657  ¥+31,606,910   17窓  ★★★
     4     本命   三連複   6712.8%    37.3%    4,668  ¥+30,868,400   17窓  ★★★
     5     複勝   三連複   6699.4%    37.1%    4,668  ¥+30,806,050   17窓  ★★★
     6      卍   三連複   6525.2%    36.3%    4,668  ¥+29,992,850   17窓  ★★★
     7     複勝    馬単   1028.5%     7.5%    4,669  ¥ +4,335,210   17窓  ★★★
     8     本命    馬単    991.6%     7.6%    4,669  ¥ +4,162,800   17窓  ★★★
     9     複勝    馬連    963.1%    16.3%    4,676  ¥ +4,036,020   17窓  ★★★
    10     本命    馬連    891.1%    16.0%    4,676  ¥ +3,699,417   17窓  ★★★
    11      卍    馬単    882.6%     6.9%    4,669  ¥ +3,654,130   17窓  ★★★
    12      卍    馬連    818.6%    14.3%    4,676  ¥ +3,359,945   17窓  ★★★
    13     本命   ワイド    805.4%    47.1%   14,016  ¥ +9,886,800   17窓  ★★★
    14      卍   ワイド    804.2%    46.2%   14,016  ¥ +9,870,290   17窓  ★★★
    15     複勝   ワイド    784.7%    46.8%   14,016  ¥ +9,597,030   17窓  ★★★
    16     本命    単勝    355.7%    20.3%    4,448  ¥ +1,137,240   17窓  ★★★
    17     複勝    単勝    320.2%    21.5%    4,448  ¥   +979,450   17窓  ★★★
    18      卍    単勝    294.8%    21.0%    4,448  ¥   +866,460   17窓  ★★★
    19      卍    複勝    230.9%    59.3%    4,716  ¥   +617,321   17窓  ★★★
    20     複勝    複勝    229.5%    61.3%    4,716  ¥   +610,521   17窓  ★★★
    21     本命    複勝    216.7%    61.0%    4,716  ¥   +550,280   17窓  ★★★

────────────────────────────────────────────────────────────────────────
  【❌ ROI < 100% — 参考】
────────────────────────────────────────────────────────────────────────
  なし（全組み合わせ ROI ≥ 100%）

========================================================================
  【全組み合わせ一覧 (ROI降順)】
========================================================================
     モデル    券種       ROI      的中率        N          投資          払戻            損益
  ----------------------------------------------------------------------
      複勝   三連単   9809.3% ✅     6.2%    4,657  ¥ 465,700  ¥45,682,050  ¥+45,216,350
      本命   三連単   8396.5% ✅     6.1%    4,657  ¥ 465,700  ¥39,102,610  ¥+38,636,910
       卍   三連単   6887.0% ✅     5.8%    4,657  ¥ 465,700  ¥32,072,610  ¥+31,606,910
      本命   三連複   6712.8% ✅    37.3%    4,668  ¥ 466,800  ¥31,335,200  ¥+30,868,400
      複勝   三連複   6699.4% ✅    37.1%    4,668  ¥ 466,800  ¥31,272,850  ¥+30,806,050
       卍   三連複   6525.2% ✅    36.3%    4,668  ¥ 466,800  ¥30,459,650  ¥+29,992,850
      複勝    馬単   1028.5% ✅     7.5%    4,669  ¥ 466,900  ¥4,802,110  ¥ +4,335,210
      本命    馬単    991.6% ✅     7.6%    4,669  ¥ 466,900  ¥4,629,700  ¥ +4,162,800
      複勝    馬連    963.1% ✅    16.3%    4,676  ¥ 467,600  ¥4,503,620  ¥ +4,036,020
      本命    馬連    891.1% ✅    16.0%    4,676  ¥ 467,600  ¥4,167,017  ¥ +3,699,417
       卍    馬単    882.6% ✅     6.9%    4,669  ¥ 466,900  ¥4,121,030  ¥ +3,654,130
       卍    馬連    818.6% ✅    14.3%    4,676  ¥ 467,600  ¥3,827,545  ¥ +3,359,945
      本命   ワイド    805.4% ✅    47.1%   14,016  ¥1,401,600  ¥11,288,400  ¥ +9,886,800
       卍   ワイド    804.2% ✅    46.2%   14,016  ¥1,401,600  ¥11,271,890  ¥ +9,870,290
      複勝   ワイド    784.7% ✅    46.8%   14,016  ¥1,401,600  ¥10,998,630  ¥ +9,597,030
      本命    単勝    355.7% ✅    20.3%    4,448  ¥ 444,800  ¥1,582,040  ¥ +1,137,240
      複勝    単勝    320.2% ✅    21.5%    4,448  ¥ 444,800  ¥1,424,250  ¥   +979,450
       卍    単勝    294.8% ✅    21.0%    4,448  ¥ 444,800  ¥1,311,260  ¥   +866,460
       卍    複勝    230.9% ✅    59.3%    4,716  ¥ 471,600  ¥1,088,921  ¥   +617,321
      複勝    複勝    229.5% ✅    61.3%    4,716  ¥ 471,600  ¥1,082,121  ¥   +610,521
      本命    複勝    216.7% ✅    61.0%    4,716  ¥ 471,600  ¥1,021,880  ¥   +550,280

========================================================================
  【月別収支推移（上位3組合せ）】
========================================================================

  ◆ 複勝 × 三連単  通算損益: ¥+45,216,350  最大DD: ¥168,110
         月      点数     的中       ROI           月損益            累計
   2025-01     239      0      0.0% ❌  ¥    -23,900  ¥    -23,900
   2025-02     285      1      9.2% ❌  ¥    -25,890  ¥    -49,790
   2025-03     335      0      0.0% ❌  ¥    -33,500  ¥    -83,290
   2025-04     262      0      0.0% ❌  ¥    -26,200  ¥   -109,490
   2025-05     308      0      0.0% ❌  ¥    -30,800  ¥   -140,290
   2025-06     288      0      0.0% ❌  ¥    -28,800  ¥   -169,090
   2025-07     287      3     20.1% ❌  ¥    -22,920  ¥   -192,010
   2025-08     359     40  10473.0% ✅  ¥ +3,723,890  ¥ +3,531,880
   2025-09     239     21   7598.1% ✅  ¥ +1,792,050  ¥ +5,323,930
   2025-10     259     35   7737.0% ✅  ¥ +1,977,980  ¥ +7,301,910
   2025-11     304     42  12091.1% ✅  ¥ +3,645,290  ¥+10,947,200
   2025-12     261     25  16534.3% ✅  ¥ +4,289,360  ¥+15,236,560
   2026-01     274     28  46729.1% ✅  ¥+12,776,370  ¥+28,012,930
   2026-02     282     49  33720.4% ✅  ¥ +9,480,960  ¥+37,493,890
   2026-03     298     34  23992.9% ✅  ¥ +7,120,090  ¥+44,613,980
   2026-04     262      0      0.0% ❌  ¥    -26,200  ¥+44,587,780
   2026-05     115      9   5565.8% ✅  ¥   +628,570  ¥+45,216,350

  ◆ 本命 × 三連単  通算損益: ¥+38,636,910  最大DD: ¥168,850
         月      点数     的中       ROI           月損益            累計
   2025-01     239      0      0.0% ❌  ¥    -23,900  ¥    -23,900
   2025-02     285      0      0.0% ❌  ¥    -28,500  ¥    -52,400
   2025-03     335      0      0.0% ❌  ¥    -33,500  ¥    -85,900
   2025-04     262      0      0.0% ❌  ¥    -26,200  ¥   -112,100
   2025-05     308      0      0.0% ❌  ¥    -30,800  ¥   -142,900
   2025-06     288      1     26.6% ❌  ¥    -21,150  ¥   -164,050
   2025-07     287      0      0.0% ❌  ¥    -28,700  ¥   -192,750
   2025-08     359     48  16098.6% ✅  ¥ +5,743,510  ¥ +5,550,760
   2025-09     239     32  18417.0% ✅  ¥ +4,377,760  ¥ +9,928,520
   2025-10     259     29  10532.8% ✅  ¥ +2,702,090  ¥+12,630,610
   2025-11     304     30  14287.5% ✅  ¥ +4,313,010  ¥+16,943,620
   2025-12     261     30  19254.8% ✅  ¥ +4,999,410  ¥+21,943,030
   2026-01     274     36  21017.9% ✅  ¥ +5,731,500  ¥+27,674,530
   2026-02     282     41  16791.8% ✅  ¥ +4,707,080  ¥+32,381,610
   2026-03     298     31  15036.0% ✅  ¥ +4,450,920  ¥+36,832,530
   2026-04     262      0      0.0% ❌  ¥    -26,200  ¥+36,806,330
   2026-05     115      7  16018.1% ✅  ¥ +1,830,580  ¥+38,636,910

  ◆ 卍 × 三連単  通算損益: ¥+31,606,910  最大DD: ¥176,500
         月      点数     的中       ROI           月損益            累計
   2025-01     239      0      0.0% ❌  ¥    -23,900  ¥    -23,900
   2025-02     285      0      0.0% ❌  ¥    -28,500  ¥    -52,400
   2025-03     335      0      0.0% ❌  ¥    -33,500  ¥    -85,900
   2025-04     262      0      0.0% ❌  ¥    -26,200  ¥   -112,100
   2025-05     308      0      0.0% ❌  ¥    -30,800  ¥   -142,900
   2025-06     288      0      0.0% ❌  ¥    -28,800  ¥   -171,700
   2025-07     287      0      0.0% ❌  ¥    -28,700  ¥   -200,400
   2025-08     359     40   4772.4% ✅  ¥ +1,677,380  ¥ +1,476,980
   2025-09     239     29  15034.0% ✅  ¥ +3,569,220  ¥ +5,046,200
   2025-10     259     35   7388.0% ✅  ¥ +1,887,600  ¥ +6,933,800
   2025-11     304     30  10285.8% ✅  ¥ +3,096,480  ¥+10,030,280
   2025-12     261     31  28798.8% ✅  ¥ +7,490,380  ¥+17,520,660
   2026-01     274     34  15349.7% ✅  ¥ +4,178,420  ¥+21,699,080
   2026-02     282     32  23057.1% ✅  ¥ +6,473,890  ¥+28,172,970
   2026-03     298     33  10959.2% ✅  ¥ +3,236,050  ¥+31,409,020
   2026-04     262      0      0.0% ❌  ¥    -26,200  ¥+31,382,820
   2026-05     115      5   2048.6% ✅  ¥   +224,090  ¥+31,606,910

========================================================================
  【投資判断結論】
========================================================================

  最高ROI組合せ: 複勝 × 三連単
    通算ROI   : 9809.3%
    的中率    : 6.2%
    総点数    : 4,657 点
    通算損益  : ¥+45,216,350

  → 複勝モデルの予測順位上位馬で三連単を形成。
    全レース機械的購入（1票/レース）で高ROIを確認。

========================================================================

