2026-05-24 11:13:38,428 [INFO] === X投稿文生成 → Discord転送 date=20260524 note_url=https://note.com/umalogi dry_run=False ===
2026-05-24 11:13:38,487 [INFO] マイグレーション: v_race_mart ビューを再作成しました
2026-05-24 11:13:38,741 [INFO] マイグレーション: v_analytics ビューを再作成しました
2026-05-24 11:13:38,743 [INFO] マイグレーション #15: インデックス idx_pred_model_ev を作成（または確認）しました
2026-05-24 11:13:38,744 [INFO] マイグレーション #15: インデックス idx_pred_race_model を作成（または確認）しました
2026-05-24 11:13:38,744 [INFO] マイグレーション #15: インデックス idx_tc_horse_date を作成（または確認）しました
2026-05-24 11:13:38,744 [INFO] マイグレーション #15: インデックス idx_hc_horse_date を作成（または確認）しました
2026-05-24 11:13:38,744 [INFO] マイグレーション #15: インデックス idx_rr_horse_race を作成（または確認）しました
2026-05-24 11:13:38,744 [INFO] マイグレーション #15: インデックス idx_pr_pred_hit を作成（または確認）しました
2026-05-24 11:13:38,744 [INFO] DB 初期化完了: C:\dev\horse-racing-ai\data\umalogi.db
2026-05-24 11:13:38,745 [INFO] 処理対象: 36 レース (date=20260524)
2026-05-24 11:13:39,722 [INFO] 転送完了: 202604010801 新潟R1 EV=6.00 
2026-05-24 11:13:41,687 [INFO] 転送完了: 202604010802 新潟R2 EV=6.00 
2026-05-24 11:13:43,792 [INFO] 転送完了: 202604010803 新潟R3 EV=6.00 
2026-05-24 11:13:45,882 [INFO] 転送完了: 202604010804 新潟R4 EV=10.23 ⭐重要
2026-05-24 11:13:47,849 [INFO] 転送完了: 202604010805 新潟R5 EV=6.00 
2026-05-24 11:13:49,898 [INFO] 転送完了: 202604010806 新潟R6 EV=5.56 
2026-05-24 11:13:52,195 [INFO] 転送完了: 202604010807 新潟R7 EV=6.00 
2026-05-24 11:13:54,241 [INFO] 転送完了: 202604010808 新潟R8 EV=6.00 
2026-05-24 11:13:56,203 [INFO] 転送完了: 202604010809 新潟R9 EV=15.00 ⭐重要
2026-05-24 11:13:58,314 [INFO] 転送完了: 202604010810 新潟R10 EV=8.62 
2026-05-24 11:14:00,312 [INFO] 転送完了: 202604010811 新潟R11 EV=11.11 ⭐重要
2026-05-24 11:14:03,350 [INFO] 転送完了: 202604010812 新潟R12 EV=6.00 
2026-05-24 11:14:06,580 [INFO] 転送完了: 202605021001 東京R1 EV=6.00 
2026-05-24 11:14:10,348 [INFO] 転送完了: 202605021002 東京R2 EV=6.00 
2026-05-24 11:14:13,737 [INFO] 転送完了: 202605021003 東京R3 EV=6.00 
2026-05-24 11:14:16,284 [INFO] 転送完了: 202605021004 東京R4 EV=6.00 
2026-05-24 11:14:18,772 [INFO] 転送完了: 202605021005 東京R5 EV=6.00 
2026-05-24 11:14:20,998 [INFO] 転送完了: 202605021006 東京R6 EV=8.81 
2026-05-24 11:14:23,008 [INFO] 転送完了: 202605021007 東京R7 EV=5.44 
2026-05-24 11:14:24,924 [INFO] 転送完了: 202605021008 東京R8 EV=12.86 ⭐重要
2026-05-24 11:14:26,968 [INFO] 転送完了: 202605021009 東京R9 EV=11.21 ⭐重要
2026-05-24 11:14:28,999 [INFO] 転送完了: 202605021010 東京R10 EV=15.81 ⭐重要
2026-05-24 11:14:31,179 [INFO] 転送完了: 202605021011 東京R11 EV=10.44 ⭐重要
2026-05-24 11:14:33,273 [INFO] 転送完了: 202605021012 東京R12 EV=18.79 ⭐重要
2026-05-24 11:14:35,301 [INFO] 転送完了: 202608031001 京都R1 EV=6.00 
2026-05-24 11:14:37,396 [INFO] 転送完了: 202608031002 京都R2 EV=6.00 
2026-05-24 11:14:39,577 [INFO] 転送完了: 202608031003 京都R3 EV=5.28 
2026-05-24 11:14:41,790 [INFO] 転送完了: 202608031004 京都R4 EV=6.00 
2026-05-24 11:14:43,789 [INFO] 転送完了: 202608031005 京都R5 EV=5.87 
2026-05-24 11:14:45,723 [INFO] 転送完了: 202608031006 京都R6 EV=11.27 ⭐重要
2026-05-24 11:14:47,766 [INFO] 転送完了: 202608031007 京都R7 EV=14.97 ⭐重要
2026-05-24 11:14:49,776 [INFO] 転送完了: 202608031008 京都R8 EV=6.98 
2026-05-24 11:14:52,201 [INFO] 転送完了: 202608031009 京都R9 EV=21.61 ⭐重要
2026-05-24 11:14:54,298 [INFO] 転送完了: 202608031010 京都R10 EV=10.33 ⭐重要
2026-05-24 11:14:56,425 [INFO] 転送完了: 202608031011 京都R11 EV=17.76 ⭐重要
2026-05-24 11:14:58,811 [INFO] 転送完了: 202608031012 京都R12 EV=6.35 
2026-05-24 11:15:00,748 [INFO] === 完了: 36 / 36 レース転送済み ===
