2026-05-24 10:21:56,823 [INFO] === X投稿文生成 → Discord転送 date=20260524 dry_run=False ===
2026-05-24 10:21:56,877 [INFO] マイグレーション: v_race_mart ビューを再作成しました
2026-05-24 10:21:57,159 [INFO] マイグレーション: v_analytics ビューを再作成しました
2026-05-24 10:21:57,159 [INFO] マイグレーション #15: インデックス idx_pred_model_ev を作成（または確認）しました
2026-05-24 10:21:57,160 [INFO] マイグレーション #15: インデックス idx_pred_race_model を作成（または確認）しました
2026-05-24 10:21:57,160 [INFO] マイグレーション #15: インデックス idx_tc_horse_date を作成（または確認）しました
2026-05-24 10:21:57,160 [INFO] マイグレーション #15: インデックス idx_hc_horse_date を作成（または確認）しました
2026-05-24 10:21:57,160 [INFO] マイグレーション #15: インデックス idx_rr_horse_race を作成（または確認）しました
2026-05-24 10:21:57,160 [INFO] マイグレーション #15: インデックス idx_pr_pred_hit を作成（または確認）しました
2026-05-24 10:21:57,160 [INFO] DB 初期化完了: C:\dev\horse-racing-ai\data\umalogi.db
2026-05-24 10:21:57,161 [INFO] 処理対象: 36 レース (date=20260524)
2026-05-24 10:21:58,124 [INFO] 転送完了: 202604010801 新潟R1 EV=6.00 ⭐重要
2026-05-24 10:22:00,223 [INFO] 転送完了: 202604010802 新潟R2 EV=6.00 ⭐重要
2026-05-24 10:22:02,721 [INFO] 転送完了: 202604010803 新潟R3 EV=6.00 ⭐重要
2026-05-24 10:22:06,131 [INFO] 転送完了: 202604010804 新潟R4 EV=10.23 ⭐重要
2026-05-24 10:22:10,269 [INFO] 転送完了: 202604010805 新潟R5 EV=6.00 ⭐重要
2026-05-24 10:22:13,517 [INFO] 転送完了: 202604010806 新潟R6 EV=5.56 ⭐重要
2026-05-24 10:22:15,606 [INFO] 転送完了: 202604010807 新潟R7 EV=6.00 ⭐重要
2026-05-24 10:22:17,709 [INFO] 転送完了: 202604010808 新潟R8 EV=6.00 ⭐重要
2026-05-24 10:22:19,829 [INFO] 転送完了: 202604010809 新潟R9 EV=15.00 ⭐重要
2026-05-24 10:22:21,888 [INFO] 転送完了: 202604010810 新潟R10 EV=8.62 ⭐重要
2026-05-24 10:22:24,438 [INFO] 転送完了: 202604010811 新潟R11 EV=11.11 ⭐重要
2026-05-24 10:22:26,431 [INFO] 転送完了: 202604010812 新潟R12 EV=6.00 ⭐重要
2026-05-24 10:22:28,496 [INFO] 転送完了: 202605021001 東京R1 EV=6.00 ⭐重要
2026-05-24 10:22:30,648 [INFO] 転送完了: 202605021002 東京R2 EV=6.00 ⭐重要
2026-05-24 10:22:32,880 [INFO] 転送完了: 202605021003 東京R3 EV=6.00 ⭐重要
2026-05-24 10:22:35,192 [INFO] 転送完了: 202605021004 東京R4 EV=6.00 ⭐重要
2026-05-24 10:22:37,152 [INFO] 転送完了: 202605021005 東京R5 EV=6.00 ⭐重要
2026-05-24 10:22:39,323 [INFO] 転送完了: 202605021006 東京R6 EV=8.81 ⭐重要
2026-05-24 10:22:41,328 [INFO] 転送完了: 202605021007 東京R7 EV=5.44 ⭐重要
2026-05-24 10:22:43,354 [INFO] 転送完了: 202605021008 東京R8 EV=12.86 ⭐重要
2026-05-24 10:22:45,365 [INFO] 転送完了: 202605021009 東京R9 EV=11.21 ⭐重要
2026-05-24 10:22:47,248 [INFO] 転送完了: 202605021010 東京R10 EV=15.81 ⭐重要
2026-05-24 10:22:49,257 [INFO] 転送完了: 202605021011 東京R11 EV=10.44 ⭐重要
2026-05-24 10:22:51,420 [INFO] 転送完了: 202605021012 東京R12 EV=18.79 ⭐重要
2026-05-24 10:22:53,742 [INFO] 転送完了: 202608031001 京都R1 EV=6.00 ⭐重要
2026-05-24 10:22:56,021 [INFO] 転送完了: 202608031002 京都R2 EV=6.00 ⭐重要
2026-05-24 10:22:59,079 [INFO] 転送完了: 202608031003 京都R3 EV=5.28 ⭐重要
2026-05-24 10:23:01,729 [INFO] 転送完了: 202608031004 京都R4 EV=6.00 ⭐重要
2026-05-24 10:23:03,809 [INFO] 転送完了: 202608031005 京都R5 EV=5.87 ⭐重要
2026-05-24 10:23:05,802 [INFO] 転送完了: 202608031006 京都R6 EV=11.27 ⭐重要
2026-05-24 10:23:08,104 [INFO] 転送完了: 202608031007 京都R7 EV=14.97 ⭐重要
2026-05-24 10:23:10,375 [INFO] 転送完了: 202608031008 京都R8 EV=6.98 ⭐重要
2026-05-24 10:23:12,975 [INFO] 転送完了: 202608031009 京都R9 EV=21.61 ⭐重要
2026-05-24 10:23:15,122 [INFO] 転送完了: 202608031010 京都R10 EV=10.33 ⭐重要
2026-05-24 10:23:17,565 [INFO] 転送完了: 202608031011 京都R11 EV=17.76 ⭐重要
2026-05-24 10:23:19,602 [INFO] 転送完了: 202608031012 京都R12 EV=6.35 ⭐重要
2026-05-24 10:23:21,771 [INFO] === 完了: 36 / 36 レース転送済み ===
